Component: ARM Compiler 5.06 update 7 (build 960) Tool: armlink [4d3601]

==============================================================================

Section Cross References

    startup_stm32f10x_md.o(STACK) refers (Special) to heapauxi.o(.text) for __use_two_region_memory
    startup_stm32f10x_md.o(HEAP) refers (Special) to heapauxi.o(.text) for __use_two_region_memory
    startup_stm32f10x_md.o(RESET) refers (Special) to heapauxi.o(.text) for __use_two_region_memory
    startup_stm32f10x_md.o(RESET) refers to startup_stm32f10x_md.o(STACK) for __initial_sp
    startup_stm32f10x_md.o(RESET) refers to startup_stm32f10x_md.o(.text) for Reset_Handler
    startup_stm32f10x_md.o(RESET) refers to stm32f10x_it.o(.text) for NMI_Handler
    startup_stm32f10x_md.o(RESET) refers to port.o(.emb_text) for SVC_Handler
    startup_stm32f10x_md.o(RESET) refers to delay.o(.text) for SysTick_Handler
    startup_stm32f10x_md.o(RESET) refers to timer.o(.text) for TIM3_IRQHandler
    startup_stm32f10x_md.o(RESET) refers to usart.o(.text) for USART1_IRQHandler
    startup_stm32f10x_md.o(.text) refers (Special) to heapauxi.o(.text) for __use_two_region_memory
    startup_stm32f10x_md.o(.text) refers to system_stm32f10x.o(.text) for SystemInit
    startup_stm32f10x_md.o(.text) refers to __main.o(!!!main) for __main
    startup_stm32f10x_md.o(.text) refers to startup_stm32f10x_md.o(HEAP) for Heap_Mem
    startup_stm32f10x_md.o(.text) refers to startup_stm32f10x_md.o(STACK) for Stack_Mem
    stm32f10x_adc.o(.text) refers to stm32f10x_rcc.o(.text) for RCC_APB2PeriphResetCmd
    stm32f10x_bkp.o(.text) refers to stm32f10x_rcc.o(.text) for RCC_BackupResetCmd
    stm32f10x_can.o(.text) refers to stm32f10x_rcc.o(.text) for RCC_APB1PeriphResetCmd
    stm32f10x_cec.o(.text) refers to stm32f10x_rcc.o(.text) for RCC_APB1PeriphResetCmd
    stm32f10x_dac.o(.text) refers to stm32f10x_rcc.o(.text) for RCC_APB1PeriphResetCmd
    stm32f10x_gpio.o(.text) refers to stm32f10x_rcc.o(.text) for RCC_APB2PeriphResetCmd
    stm32f10x_i2c.o(.text) refers to stm32f10x_rcc.o(.text) for RCC_APB1PeriphResetCmd
    stm32f10x_pwr.o(.text) refers to stm32f10x_rcc.o(.text) for RCC_APB1PeriphResetCmd
    stm32f10x_rcc.o(.text) refers to stm32f10x_rcc.o(.data) for .data
    stm32f10x_spi.o(.text) refers to stm32f10x_rcc.o(.text) for RCC_APB2PeriphResetCmd
    stm32f10x_tim.o(.text) refers to stm32f10x_rcc.o(.text) for RCC_APB1PeriphResetCmd
    stm32f10x_usart.o(.text) refers to stm32f10x_rcc.o(.text) for RCC_APB2PeriphResetCmd
    stm32f10x_wwdg.o(.text) refers to stm32f10x_rcc.o(.text) for RCC_APB1PeriphResetCmd
    delay.o(.text) refers to tasks.o(.text) for xTaskGetSchedulerState
    delay.o(.text) refers to port.o(.text) for xPortSysTickHandler
    delay.o(.text) refers to misc.o(.text) for SysTick_CLKSourceConfig
    delay.o(.text) refers to system_stm32f10x.o(.data) for SystemCoreClock
    delay.o(.text) refers to delay.o(.data) for .data
    usart.o(.text) refers (Special) to use_no_semi_2.o(.text) for __use_no_semihosting
    usart.o(.text) refers to stm32f10x_rcc.o(.text) for RCC_APB2PeriphClockCmd
    usart.o(.text) refers to stm32f10x_gpio.o(.text) for GPIO_Init
    usart.o(.text) refers to misc.o(.text) for NVIC_Init
    usart.o(.text) refers to stm32f10x_usart.o(.text) for USART_Init
    usart.o(.text) refers to usart.o(.data) for .data
    usart.o(.text) refers to usart.o(.bss) for .bss
    usart.o(.bss) refers (Special) to use_no_semi_2.o(.text) for __use_no_semihosting
    usart.o(.data) refers (Special) to use_no_semi_2.o(.text) for __use_no_semihosting
    usart.o(.data) refers (Special) to use_no_semi_2.o(.text) for __use_no_semihosting
    event_groups.o(.text) refers to _printf_percent.o(.ARM.Collect$$_printf_percent$$00000000) for _printf_percent
    event_groups.o(.text) refers to _printf_d.o(.ARM.Collect$$_printf_percent$$00000009) for _printf_d
    event_groups.o(.text) refers to _printf_s.o(.ARM.Collect$$_printf_percent$$00000014) for _printf_s
    event_groups.o(.text) refers to _printf_dec.o(.text) for _printf_int_dec
    event_groups.o(.text) refers to _printf_str.o(.text) for _printf_str
    event_groups.o(.text) refers to __2printf.o(.text) for __2printf
    event_groups.o(.text) refers to list.o(.text) for vListInitialise
    event_groups.o(.text) refers to heap_4.o(.text) for pvPortMalloc
    event_groups.o(.text) refers to tasks.o(.text) for vTaskSuspendAll
    event_groups.o(.text) refers to port.o(.text) for vPortEnterCritical
    event_groups.o(.text) refers to timers.o(.text) for xTimerPendFunctionCallFromISR
    queue.o(.text) refers to _printf_percent.o(.ARM.Collect$$_printf_percent$$00000000) for _printf_percent
    queue.o(.text) refers to _printf_d.o(.ARM.Collect$$_printf_percent$$00000009) for _printf_d
    queue.o(.text) refers to _printf_s.o(.ARM.Collect$$_printf_percent$$00000014) for _printf_s
    queue.o(.text) refers to _printf_dec.o(.text) for _printf_int_dec
[...]
    ucMaxSysCallPriority                     0x20000090   Data           1  port.o(.data)
    uxCriticalNesting                        0x20000094   Data           4  port.o(.data)
    ulMaxPRIGROUPValue                       0x20000098   Data           4  port.o(.data)
    .data                                    0x2000009c   Section        6  led.o(.data)
    .data                                    0x200000a2   Section       16  key.o(.data)
    Count                                    0x200000a2   Data           1  key.o(.data)
    CurrentKeyVal                            0x200000a3   Data           1  key.o(.data)
    PreviousKeyVal                           0x200000a4   Data           1  key.o(.data)
    step                                     0x200000a5   Data           1  key.o(.data)
    ROCK1_KEY_FLAG                           0x200000a6   Data           1  key.o(.data)
    ROCK2_KEY_FLAG                           0x200000a7   Data           1  key.o(.data)
    KEY_L_FLAG                               0x200000a8   Data           1  key.o(.data)
    KEY_R_FLAG                               0x200000a9   Data           1  key.o(.data)
    PressDownCnt                             0x200000ac   Data           2  key.o(.data)
    RePressDownCnt                           0x200000ae   Data           2  key.o(.data)
    PressUpCnt                               0x200000b0   Data           2  key.o(.data)
    .data                                    0x200000b4   Section        4  main.o(.data)
    .data                                    0x200000b8   Section       20  system_stm32f10x.o(.data)
    .data                                    0x200000cc   Section       24  demo_task.o(.data)
    t                                        0x200000cc   Data           1  demo_task.o(.data)
    adcx                                     0x200000cd   Data           1  demo_task.o(.data)
    .bss                                     0x200000e4   Section      200  usart.o(.bss)
    .bss                                     0x200001ac   Section       64  queue.o(.bss)
    .bss                                     0x200001ec   Section      740  tasks.o(.bss)
    pxReadyTasksLists                        0x200001ec   Data         640  tasks.o(.bss)
    xDelayedTaskList1                        0x2000046c   Data          20  tasks.o(.bss)
    xDelayedTaskList2                        0x20000480   Data          20  tasks.o(.bss)
    xPendingReadyList                        0x20000494   Data          20  tasks.o(.bss)
    xTasksWaitingTermination                 0x200004a8   Data          20  tasks.o(.bss)
    xSuspendedTaskList                       0x200004bc   Data          20  tasks.o(.bss)
    .bss                                     0x200004d0   Section      204  timers.o(.bss)
    xStaticTimerQueue                        0x200004d0   Data          84  timers.o(.bss)
    ucStaticTimerQueueStorage                0x20000524   Data          80  timers.o(.bss)
    xActiveTimerList1                        0x20000574   Data          20  timers.o(.bss)
    xActiveTimerList2                        0x20000588   Data          20  timers.o(.bss)
    .bss                                     0x2000059c   Section    10240  heap_4.o(.bss)
    ucHeap                                   0x2000059c   Data       10240  heap_4.o(.bss)
    .bss                                     0x20002d9c   Section      604  main.o(.bss)
    .bss                                     0x20002ff8   Section     4044  demo_task.o(.bss)
    .bss                                     0x20003fc4   Section       96  libspace.o(.bss)
    HEAP                                     0x20004028   Section      512  startup_stm32f10x_md.o(HEAP)
    Heap_Mem                                 0x20004028   Data         512  startup_stm32f10x_md.o(HEAP)
    STACK                                    0x20004228   Section     1024  startup_stm32f10x_md.o(STACK)
    Stack_Mem                                0x20004228   Data        1024  startup_stm32f10x_md.o(STACK)
    __initial_sp                             0x20004628   Data           0  startup_stm32f10x_md.o(STACK)

    Global Symbols

    Symbol Name                              Value     Ov Type        Size  Object(Section)

    BuildAttributes$$THM_ISAv4$P$D$K$B$S$PE$A:L22UL41UL21$X:L11$S22US41US21$IEEE1$IW$USESV6$~STKCKD$USESV7$~SHL$OTIME$ROPI$IEEEX$EBA8$UX$STANDARDLIB$REQ8$PRES8$EABIv2 0x00000000   Number         0  anon$$obj.o ABSOLUTE
    __ARM_use_no_argv                        0x00000000   Number         0  main.o ABSOLUTE
    _printf_flags                            0x00000000   Number         0  printf_stubs.o ABSOLUTE
    _printf_return_value                     0x00000000   Number         0  printf_stubs.o ABSOLUTE
    _printf_sizespec                         0x00000000   Number         0  printf_stubs.o ABSOLUTE
    _printf_widthprec                        0x00000000   Number         0  printf_stubs.o ABSOLUTE
    __ARM_exceptions_init                     - Undefined Weak Reference
    __alloca_initialize                       - Undefined Weak Reference
    __arm_fini_                               - Undefined Weak Reference
    __arm_preinit_                            - Undefined Weak Reference
    __cpp_initialize__aeabi_                  - Undefined Weak Reference
    __cxa_finalize                            - Undefined Weak Reference
    __sigvec_lookup                           - Undefined Weak Reference
    _atexit_init                              - Undefined Weak Reference
    _call_atexit_fns                          - Undefined Weak Reference
    _clock_init                               - Undefined Weak Reference
    _fp_trap_init                             - Undefined Weak Reference
    _fp_trap_shutdown                         - Undefined Weak Reference
    _get_lc_collate                           - Undefined Weak Reference
    _get_lc_monetary                          - Undefined Weak Reference
    _get_lc_time                              - Undefined Weak Reference
    _getenv_init                              - Undefined Weak Reference
    _handle_redirection                       - Undefined Weak Reference
    _init_alloc                               - Undefined Weak Reference
    _init_user_alloc                          - Undefined Weak Reference
    _initio                                   - Undefined Weak Reference
    _mutex_acquire                            - Undefined Weak Reference
    _mutex_release                            - Undefined Weak Reference
    _printf_mbtowc                            - Undefined Weak Reference
    _printf_wc                                - Undefined Weak Reference
    _rand_init                                - Undefined Weak Reference
    _signal_finish                            - Undefined Weak Reference
    _signal_init                              - Undefined Weak Reference
    _terminate_alloc                          - Undefined Weak Reference
    _terminate_user_alloc                     - Undefined Weak Reference
    _terminateio                              - Undefined Weak Reference
    __Vectors_Size                           0x000000ec   Number         0  startup_stm32f10x_md.o ABSOLUTE
    __Vectors                                0x08000000   Data           4  startup_stm32f10x_md.o(RESET)
    __Vectors_End                            0x080000ec   Data           0  startup_stm32f10x_md.o(RESET)
    __main                                   0x080000ed   Thumb Code     8  __main.o(!!!main)
    __scatterload                            0x080000f5   Thumb Code     0  __scatter.o(!!!scatter)
    __scatterload_rt2                        0x080000f5   Thumb Code    44  __scatter.o(!!!scatter)
    __scatterload_rt2_thumb_only             0x080000f5   Thumb Code     0  __scatter.o(!!!scatter)
    __scatterload_null                       0x08000103   Thumb Code     0  __scatter.o(!!!scatter)
    __scatterload_copy                       0x08000129   Thumb Code    26  __scatter_copy.o(!!handler_copy)
    __scatterload_zeroinit                   0x08000145   Thumb Code    28  __scatter_zi.o(!!handler_zi)
    _printf_d                                0x08000161   Thumb Code     0  _printf_d.o(.ARM.Collect$$_printf_percent$$00000009)
    _printf_percent                          0x08000161   Thumb Code     0  _printf_percent.o(.ARM.Collect$$_printf_percent$$00000000)
    _printf_u                                0x08000167   Thumb Code     0  _printf_u.o(.ARM.Collect$$_printf_percent$$0000000A)
    _printf_c                                0x0800016d   Thumb Code     0  _printf_c.o(.ARM.Collect$$_printf_percent$$00000013)
    _printf_s                                0x08000173   Thumb Code     0  _printf_s.o(.ARM.Collect$$_printf_percent$$00000014)
    _printf_percent_end                      0x08000179   Thumb Code     0  _printf_percent_end.o(.ARM.Collect$$_printf_percent$$00000017)
    __rt_lib_init                            0x0800017d   Thumb Code     0  libinit.o(.ARM.Collect$$libinit$$00000000)
    __rt_lib_init_alloca_1                   0x0800017f   Thumb Code     0  libinit2.o(.ARM.Collect$$libinit$$0000002E)
    __rt_lib_init_argv_1                     0x0800017f   Thumb Code     0  libinit2.o(.ARM.Collect$$libinit$$0000002C)
    __rt_lib_init_atexit_1                   0x0800017f   Thumb Code     0  libinit2.o(.ARM.Collect$$libinit$$0000001B)
    __rt_lib_init_clock_1                    0x0800017f   Thumb Code     0  libinit2.o(.ARM.Collect$$libinit$$00000021)
    __rt_lib_init_cpp_1                      0x0800017f   Thumb Code     0  libinit2.o(.ARM.Collect$$libinit$$00000032)
    __rt_lib_init_exceptions_1               0x0800017f   Thumb Code     0  libinit2.o(.ARM.Collect$$libinit$$00000030)
    __rt_lib_init_fp_1                       0x0800017f   Thumb Code     0  libinit2.o(.ARM.Collect$$libinit$$00000002)
    __rt_lib_init_fp_trap_1                  0x0800017f   Thumb Code     0  libinit2.o(.ARM.Collect$$libinit$$0000001F)
    __rt_lib_init_getenv_1                   0x0800017f   Thumb Code     0  libinit2.o(.ARM.Collect$$libinit$$00000023)
    __rt_lib_init_heap_1                     0x0800017f   Thumb Code     0  libinit2.o(.ARM.Collect$$libinit$$0000000A)
    __rt_lib_init_lc_collate_1               0x0800017f   Thumb Code     0  libinit2.o(.ARM.Collect$$libinit$$00000011)
    __rt_lib_init_lc_ctype_1                 0x0800017f   Thumb Code     0  libinit2.o(.ARM.Collect$$libinit$$00000013)
    __rt_lib_init_lc_monetary_1              0x0800017f   Thumb Code     0  libinit2.o(.ARM.Collect$$libinit$$00000015)
    __rt_lib_init_lc_numeric_1               0x0800017f   Thumb Code     0  libinit2.o(.ARM.Collect$$libinit$$00000017)
    __rt_lib_init_lc_time_1                  0x0800017f   Thumb Code     0  libinit2.o(.ARM.Collect$$libinit$$00000019)
    __rt_lib_init_preinit_1                  0x0800017f   Thumb Code     0  libinit2.o(.ARM.Collect$$libinit$$00000004)
    __rt_lib_init_rand_1                     0x0800017f   Thumb Code     0  libinit2.o(.ARM.Collect$$libinit$$0000000E)
    __rt_lib_init_return                     0x0800017f   Thumb Code     0  libinit2.o(.ARM.Collect$$libinit$$00000033)
    __rt_lib_init_signal_1                   0x0800017f   Thumb Code     0  libinit2.o(.ARM.Collect$$libinit$$0000001D)
    __rt_lib_init_stdio_1                    0x0800017f   Thumb Code     0  libinit2.o(.ARM.Collect$$libinit$$00000025)
    __rt_lib_init_user_alloc_1               0x0800017f   Thumb Code     0  libinit2.o(.ARM.Collect$$libinit$$0000000C)
    __rt_lib_shutdown                        0x08000181   Thumb Code     0  libshutdown.o(.ARM.Collect$$libshutdown$$00000000)
    __rt_lib_shutdown_cpp_1                  0x08000183   Thumb Code     0  libshutdown2.o(.ARM.Collect$$libshutdown$$00000004)
    __rt_lib_shutdown_fini_1                 0x08000183   Thumb Code     0  libshutdown2.o(.ARM.Collect$$libshutdown$$00000002)
    __rt_lib_shutdown_fp_trap_1              0x08000183   Thumb Code     0  libshutdown2.o(.ARM.Collect$$libshutdown$$00000009)
    __rt_lib_shutdown_heap_1                 0x08000183   Thumb Code     0  libshutdown2.o(.ARM.Collect$$libshutdown$$00000011)
    __rt_lib_shutdown_return                 0x08000183   Thumb Code     0  libshutdown2.o(.ARM.Collect$$libshutdown$$00000012)
    __rt_lib_shutdown_signal_1               0x08000183   Thumb Code     0  libshutdown2.o(.ARM.Collect$$libshutdown$$0000000C)
    __rt_lib_shutdown_stdio_1                0x08000183   Thumb Code     0  libshutdown2.o(.ARM.Collect$$libshutdown$$00000006)
    __rt_lib_shutdown_user_alloc_1           0x08000183   Thumb Code     0  libshutdown2.o(.ARM.Collect$$libshutdown$$0000000E)
    __rt_entry                               0x08000185   Thumb Code     0  __rtentry.o(.ARM.Collect$$rtentry$$00000000)
    __rt_entry_presh_1                       0x08000185   Thumb Code     0  __rtentry2.o(.ARM.Collect$$rtentry$$00000002)
    __rt_entry_sh                            0x08000185   Thumb Code     0  __rtentry4.o(.ARM.Collect$$rtentry$$00000004)
    __rt_entry_li                            0x0800018b   Thumb Code     0  __rtentry2.o(.ARM.Collect$$rtentry$$0000000A)
    __rt_entry_postsh_1                      0x0800018b   Thumb Code     0  __rtentry2.o(.ARM.Collect$$rtentry$$00000009)
    __rt_entry_main                          0x0800018f   Thumb Code     0  __rtentry2.o(.ARM.Collect$$rtentry$$0000000D)
    __rt_entry_postli_1                      0x0800018f   Thumb Code     0  __rtentry2.o(.ARM.Collect$$rtentry$$0000000C)
    __rt_exit                                0x08000197   Thumb Code     0  rtexit.o(.ARM.Collect$$rtexit$$00000000)
    __rt_exit_ls                             0x08000199   Thumb Code     0  rtexit2.o(.ARM.Collect$$rtexit$$00000003)
    __rt_exit_prels_1                        0x08000199   Thumb Code     0  rtexit2.o(.ARM.Collect$$rtexit$$00000002)
    __rt_exit_exit                           0x0800019d   Thumb Code     0  rtexit2.o(.ARM.Collect$$rtexit$$00000004)
    SVC_Handler                              0x080001a5   Thumb Code    32  port.o(.emb_text)
    __asm___6_port_c_39a90d8d__prvStartFirstTask 0x080001c9   Thumb Code    28  port.o(.emb_text)
    PendSV_Handler                           0x080001e9   Thumb Code    72  port.o(.emb_text)
    vPortGetIPSR                             0x08000235   Thumb Code     6  port.o(.emb_text)
    Reset_Handler                            0x0800023d   Thumb Code     8  startup_stm32f10x_md.o(.text)
    ADC1_2_IRQHandler                        0x08000257   Thumb Code     0  startup_stm32f10x_md.o(.text)
    CAN1_RX1_IRQHandler                      0x08000257   Thumb Code     0  startup_stm32f10x_md.o(.text)
    CAN1_SCE_IRQHandler                      0x08000257   Thumb Code     0  startup_stm32f10x_md.o(.text)
    DMA1_Channel1_IRQHandler                 0x08000257   Thumb Code     0  startup_stm32f10x_md.o(.text)
    DMA1_Channel2_IRQHandler                 0x08000257   Thumb Code     0  startup_stm32f10x_md.o(.text)
    DMA1_Channel3_IRQHandler                 0x08000257   Thumb Code     0  startup_stm32f10x_md.o(.text)
    DMA1_Channel4_IRQHandler                 0x08000257   Thumb Code     0  startup_stm32f10x_md.o(.text)
    DMA1_Channel5_IRQHandler                 0x08000257   Thumb Code     0  startup_stm32f10x_md.o(.text)
    DMA1_Channel6_IRQHandler                 0x08000257   Thumb Code     0  startup_stm32f10x_md.o(.text)
    DMA1_Channel7_IRQHandler                 0x08000257   Thumb Code     0  startup_stm32f10x_md.o(.text)
    EXTI0_IRQHandler                         0x08000257   Thumb Code     0  startup_stm32f10x_md.o(.text)
    EXTI15_10_IRQHandler                     0x08000257   Thumb Code     0  startup_stm32f10x_md.o(.text)
    EXTI1_IRQHandler                         0x08000257   Thumb Code     0  startup_stm32f10x_md.o(.text)
    EXTI2_IRQHandler                         0x08000257   Thumb Code     0  startup_stm32f10x_md.o(.text)
    EXTI3_IRQHandler                         0x08000257   Thumb Code     0  startup_stm32f10x_md.o(.text)
    EXTI4_IRQHandler                         0x08000257   Thumb Code     0  startup_stm32f10x_md.o(.text)
    EXTI9_5_IRQHandler                       0x08000257   Thumb Code     0  startup_stm32f10x_md.o(.text)
    FLASH_IRQHandler                         0x08000257   Thumb Code     0  startup_stm32f10x_md.o(.text)
    I2C1_ER_IRQHandler                       0x08000257   Thumb Code     0  startup_stm32f10x_md.o(.text)
    I2C1_EV_IRQHandler                       0x08000257   Thumb Code     0  startup_stm32f10x_md.o(.text)
    I2C2_ER_IRQHandler                       0x08000257   Thumb Code     0  startup_stm32f10x_md.o(.text)
    I2C2_EV_IRQHandler                       0x08000257   Thumb Code     0  startup_stm32f10x_md.o(.text)
    PVD_IRQHandler                           0x08000257   Thumb Code     0  startup_stm32f10x_md.o(.text)
    RCC_IRQHandler                           0x08000257   Thumb Code     0  startup_stm32f10x_md.o(.text)
    RTCAlarm_IRQHandler                      0x08000257   Thumb Code     0  startup_stm32f10x_md.o(.text)
    RTC_IRQHandler                           0x08000257   Thumb Code     0  startup_stm32f10x_md.o(.text)
    SPI1_IRQHandler                          0x08000257   Thumb Code     0  startup_stm32f10x_md.o(.text)
    SPI2_IRQHandler                          0x08000257   Thumb Code     0  startup_stm32f10x_md.o(.text)
    TAMPER_IRQHandler                        0x08000257   Thumb Code     0  startup_stm32f10x_md.o(.text)
    TIM1_BRK_IRQHandler                      0x08000257   Thumb Code     0  startup_stm32f10x_md.o(.text)
    TIM1_CC_IRQHandler                       0x08000257   Thumb Code     0  startup_stm32f10x_md.o(.text)
    TIM1_TRG_COM_IRQHandler                  0x08000257   Thumb Code     0  startup_stm32f10x_md.o(.text)
    TIM1_UP_IRQHandler                       0x08000257   Thumb Code     0  startup_stm32f10x_md.o(.text)
    TIM2_IRQHandler                          0x08000257   Thumb Code     0  startup_stm32f10x_md.o(.text)
    TIM4_IRQHandler                          0x08000257   Thumb Code     0  startup_stm32f10x_md.o(.text)
    USART2_IRQHandler                        0x08000257   Thumb Code     0  startup_stm32f10x_md.o(.text)
    USART3_IRQHandler                        0x08000257   Thumb Code     0  startup_stm32f10x_md.o(.text)
    USBWakeUp_IRQHandler                     0x08000257   Thumb Code     0  startup_stm32f10x_md.o(.text)
    USB_HP_CAN1_TX_IRQHandler                0x08000257   Thumb Code     0  startup_stm32f10x_md.o(.text)
    USB_LP_CAN1_RX0_IRQHandler               0x08000257   Thumb Code     0  startup_stm32f10x_md.o(.text)
    WWDG_IRQHandler                          0x08000257   Thumb Code     0  startup_stm32f10x_md.o(.text)
    __user_initial_stackheap                 0x08000259   Thumb Code     0  startup_stm32f10x_md.o(.text)
    NVIC_PriorityGroupConfig                 0x0800027d   Thumb Code    10  misc.o(.text)
    NVIC_Init                                0x08000287   Thumb Code    94  misc.o(.text)
    NVIC_SetVectorTable                      0x080002e5   Thumb Code    14  misc.o(.text)
    NVIC_SystemLPConfig                      0x080002f3   Thumb Code    20  misc.o(.text)
    SysTick_CLKSourceConfig                  0x08000307   Thumb Code    24  misc.o(.text)
    ADC_DeInit                               0x0800032d   Thumb Code    56  stm32f10x_adc.o(.text)
    ADC_Init                                 0x08000365   Thumb Code    62  stm32f10x_adc.o(.text)
    ADC_StructInit                           0x080003a3   Thumb Code    18  stm32f10x_adc.o(.text)
    ADC_Cmd                                  0x080003b5   Thumb Code    20  stm32f10x_adc.o(.text)
    ADC_DMACmd                               0x080003c9   Thumb Code    20  stm32f10x_adc.o(.text)
    ADC_ITConfig                             0x080003dd   Thumb Code    18  stm32f10x_adc.o(.text)
    ADC_ResetCalibration                     0x080003ef   Thumb Code    10  stm32f10x_adc.o(.text)
    ADC_GetResetCalibrationStatus            0x080003f9   Thumb Code    14  stm32f10x_adc.o(.text)
    ADC_StartCalibration                     0x08000407   Thumb Code    10  stm32f10x_adc.o(.text)
    ADC_GetCalibrationStatus                 0x08000411   Thumb Code    14  stm32f10x_adc.o(.text)
    ADC_SoftwareStartConvCmd                 0x0800041f   Thumb Code    20  stm32f10x_adc.o(.text)
    ADC_GetSoftwareStartConvStatus           0x08000433   Thumb Code    14  stm32f10x_adc.o(.text)
    ADC_DiscModeChannelCountConfig           0x08000441   Thumb Code    16  stm32f10x_adc.o(.text)
    ADC_DiscModeCmd                          0x08000451   Thumb Code    20  stm32f10x_adc.o(.text)
    ADC_RegularChannelConfig                 0x08000465   Thumb Code   116  stm32f10x_adc.o(.text)
    ADC_ExternalTrigConvCmd                  0x080004d9   Thumb Code    20  stm32f10x_adc.o(.text)
    ADC_GetConversionValue                   0x080004ed   Thumb Code     6  stm32f10x_adc.o(.text)
    ADC_GetDualModeConversionValue           0x080004f3   Thumb Code     8  stm32f10x_adc.o(.text)
    ADC_AutoInjectedConvCmd                  0x080004fb   Thumb Code    20  stm32f10x_adc.o(.text)
    ADC_InjectedDiscModeCmd                  0x0800050f   Thumb Code    20  stm32f10x_adc.o(.text)
    ADC_ExternalTrigInjectedConvConfig       0x08000523   Thumb Code    12  stm32f10x_adc.o(.text)
    ADC_ExternalTrigInjectedConvCmd          0x0800052f   Thumb Code    20  stm32f10x_adc.o(.text)
    ADC_SoftwareStartInjectedConvCmd         0x08000543   Thumb Code    20  stm32f10x_adc.o(.text)
    ADC_GetSoftwareStartInjectedConvCmdStatus 0x08000557   Thumb Code    14  stm32f10x_adc.o(.text)
    ADC_InjectedChannelConfig                0x08000565   Thumb Code    74  stm32f10x_adc.o(.text)
    ADC_InjectedSequencerLengthConfig        0x080005af   Thumb Code    16  stm32f10x_adc.o(.text)
    ADC_SetInjectedOffset                    0x080005bf   Thumb Code    10  stm32f10x_adc.o(.text)
    ADC_GetInjectedConversionValue           0x080005c9   Thumb Code    14  stm32f10x_adc.o(.text)
    ADC_AnalogWatchdogCmd                    0x080005d7   Thumb Code    12  stm32f10x_adc.o(.text)
    ADC_AnalogWatchdogThresholdsConfig       0x080005e3   Thumb Code     6  stm32f10x_adc.o(.text)
    ADC_AnalogWatchdogSingleChannelConfig    0x080005e9   Thumb Code    12  stm32f10x_adc.o(.text)
    ADC_TempSensorVrefintCmd                 0x080005f5   Thumb Code    24  stm32f10x_adc.o(.text)
    ADC_GetFlagStatus                        0x0800060d   Thumb Code    14  stm32f10x_adc.o(.text)
    ADC_ClearFlag                            0x0800061b   Thumb Code     6  stm32f10x_adc.o(.text)
    ADC_GetITStatus                          0x08000621   Thumb Code    28  stm32f10x_adc.o(.text)
    ADC_ClearITPendingBit                    0x0800063d   Thumb Code     8  stm32f10x_adc.o(.text)
    GPIO_DeInit                              0x0800065d   Thumb Code   152  stm32f10x_gpio.o(.text)
    GPIO_AFIODeInit                          0x080006f5   Thumb Code    22  stm32f10x_gpio.o(.text)
    GPIO_Init                                0x0800070b   Thumb Code   164  stm32f10x_gpio.o(.text)
    GPIO_StructInit                          0x080007af   Thumb Code    16  stm32f10x_gpio.o(.text)
    GPIO_ReadInputDataBit                    0x080007bf   Thumb Code    14  stm32f10x_gpio.o(.text)
    GPIO_ReadInputData                       0x080007cd   Thumb Code     6  stm32f10x_gpio.o(.text)
    GPIO_ReadOutputDataBit                   0x080007d3   Thumb Code    14  stm32f10x_gpio.o(.text)
    GPIO_ReadOutputData                      0x080007e1   Thumb Code     6  stm32f10x_gpio.o(.text)
    GPIO_SetBits                             0x080007e7   Thumb Code     4  stm32f10x_gpio.o(.text)
    GPIO_ResetBits                           0x080007eb   Thumb Code     4  stm32f10x_gpio.o(.text)
    GPIO_WriteBit                            0x080007ef   Thumb Code    10  stm32f10x_gpio.o(.text)
    GPIO_Write                               0x080007f9   Thumb Code     4  stm32f10x_gpio.o(.text)
    GPIO_PinLockConfig                       0x080007fd   Thumb Code    16  stm32f10x_gpio.o(.text)
    GPIO_EventOutputConfig                   0x0800080d   Thumb Code    22  stm32f10x_gpio.o(.text)
    GPIO_EventOutputCmd                      0x08000823   Thumb Code     6  stm32f10x_gpio.o(.text)
    GPIO_PinRemapConfig                      0x08000829   Thumb Code    82  stm32f10x_gpio.o(.text)
    GPIO_EXTILineConfig                      0x0800087b   Thumb Code    34  stm32f10x_gpio.o(.text)
    GPIO_ETH_MediaInterfaceConfig            0x0800089d   Thumb Code     8  stm32f10x_gpio.o(.text)
    RCC_DeInit                               0x080008c9   Thumb Code    50  stm32f10x_rcc.o(.text)
    RCC_HSEConfig                            0x080008fb   Thumb Code    48  stm32f10x_rcc.o(.text)
    RCC_GetFlagStatus                        0x0800092b   Thumb Code    42  stm32f10x_rcc.o(.text)
    RCC_WaitForHSEStartUp                    0x08000955   Thumb Code    44  stm32f10x_rcc.o(.text)
    RCC_AdjustHSICalibrationValue            0x08000981   Thumb Code    16  stm32f10x_rcc.o(.text)
    RCC_HSICmd                               0x08000991   Thumb Code     6  stm32f10x_rcc.o(.text)
    RCC_PLLConfig                            0x08000997   Thumb Code    16  stm32f10x_rcc.o(.text)
    RCC_PLLCmd                               0x080009a7   Thumb Code     6  stm32f10x_rcc.o(.text)
    RCC_SYSCLKConfig                         0x080009ad   Thumb Code    14  stm32f10x_rcc.o(.text)
    RCC_GetSYSCLKSource                      0x080009bb   Thumb Code    10  stm32f10x_rcc.o(.text)
    RCC_HCLKConfig                           0x080009c5   Thumb Code    14  stm32f10x_rcc.o(.text)
    RCC_PCLK1Config                          0x080009d3   Thumb Code    14  stm32f10x_rcc.o(.text)
    RCC_PCLK2Config                          0x080009e1   Thumb Code    16  stm32f10x_rcc.o(.text)
    RCC_ITConfig                             0x080009f1   Thumb Code    18  stm32f10x_rcc.o(.text)
    RCC_USBCLKConfig                         0x08000a03   Thumb Code     8  stm32f10x_rcc.o(.text)
    RCC_ADCCLKConfig                         0x08000a0b   Thumb Code    14  stm32f10x_rcc.o(.text)
    RCC_LSEConfig                            0x08000a19   Thumb Code    28  stm32f10x_rcc.o(.text)
    RCC_LSICmd                               0x08000a35   Thumb Code     6  stm32f10x_rcc.o(.text)
    RCC_RTCCLKConfig                         0x08000a3b   Thumb Code    10  stm32f10x_rcc.o(.text)
    RCC_RTCCLKCmd                            0x08000a45   Thumb Code     8  stm32f10x_rcc.o(.text)
    RCC_GetClocksFreq                        0x08000a4d   Thumb Code   128  stm32f10x_rcc.o(.text)
    RCC_AHBPeriphClockCmd                    0x08000acd   Thumb Code    18  stm32f10x_rcc.o(.text)
    RCC_APB2PeriphClockCmd                   0x08000adf   Thumb Code    18  stm32f10x_rcc.o(.text)
    RCC_APB1PeriphClockCmd                   0x08000af1   Thumb Code    18  stm32f10x_rcc.o(.text)
    RCC_APB2PeriphResetCmd                   0x08000b03   Thumb Code    18  stm32f10x_rcc.o(.text)
    RCC_APB1PeriphResetCmd                   0x08000b15   Thumb Code    18  stm32f10x_rcc.o(.text)
    RCC_BackupResetCmd                       0x08000b27   Thumb Code     8  stm32f10x_rcc.o(.text)
    RCC_ClockSecuritySystemCmd               0x08000b2f   Thumb Code     6  stm32f10x_rcc.o(.text)
    RCC_MCOConfig                            0x08000b35   Thumb Code     6  stm32f10x_rcc.o(.text)
    RCC_ClearFlag                            0x08000b3b   Thumb Code    12  stm32f10x_rcc.o(.text)
    RCC_GetITStatus                          0x08000b47   Thumb Code    16  stm32f10x_rcc.o(.text)
    RCC_ClearITPendingBit                    0x08000b57   Thumb Code     6  stm32f10x_rcc.o(.text)
    TIM_DeInit                               0x08000b7d   Thumb Code   304  stm32f10x_tim.o(.text)
    TIM_TimeBaseInit                         0x08000cad   Thumb Code   114  stm32f10x_tim.o(.text)
    TIM_OC1Init                              0x08000d1f   Thumb Code   106  stm32f10x_tim.o(.text)
    TIM_OC2Init                              0x08000d89   Thumb Code   120  stm32f10x_tim.o(.text)
    TIM_OC3Init                              0x08000e01   Thumb Code   116  stm32f10x_tim.o(.text)
    TIM_OC4Init                              0x08000e75   Thumb Code    90  stm32f10x_tim.o(.text)
    TIM_SetIC4Prescaler                      0x08000ecf   Thumb Code    24  stm32f10x_tim.o(.text)
    TIM_SetIC3Prescaler                      0x08000ee7   Thumb Code    16  stm32f10x_tim.o(.text)
    TIM_SetIC2Prescaler                      0x08000ef7   Thumb Code    24  stm32f10x_tim.o(.text)
    TIM_SetIC1Prescaler                      0x08000fb5   Thumb Code    16  stm32f10x_tim.o(.text)
    TIM_ICInit                               0x0800101d   Thumb Code   272  stm32f10x_tim.o(.text)
    TIM_PWMIConfig                           0x0800112d   Thumb Code   104  stm32f10x_tim.o(.text)
    TIM_BDTRConfig                           0x08001195   Thumb Code    34  stm32f10x_tim.o(.text)
    TIM_TimeBaseStructInit                   0x080011b7   Thumb Code    18  stm32f10x_tim.o(.text)
    TIM_OCStructInit                         0x080011c9   Thumb Code    20  stm32f10x_tim.o(.text)
    TIM_ICStructInit                         0x080011dd   Thumb Code    16  stm32f10x_tim.o(.text)
    TIM_BDTRStructInit                       0x080011ed   Thumb Code    18  stm32f10x_tim.o(.text)
    TIM_Cmd                                  0x080011ff   Thumb Code    20  stm32f10x_tim.o(.text)
    TIM_CtrlPWMOutputs                       0x08001213   Thumb Code    22  stm32f10x_tim.o(.text)
    TIM_ITConfig                             0x08001229   Thumb Code    16  stm32f10x_tim.o(.text)
    TIM_GenerateEvent                        0x08001239   Thumb Code     4  stm32f10x_tim.o(.text)
    TIM_DMAConfig                            0x0800123d   Thumb Code     8  stm32f10x_tim.o(.text)
    TIM_DMACmd                               0x08001245   Thumb Code    16  stm32f10x_tim.o(.text)
    TIM_InternalClockConfig                  0x08001255   Thumb Code    10  stm32f10x_tim.o(.text)
    TIM_SelectInputTrigger                   0x0800125f   Thumb Code    12  stm32f10x_tim.o(.text)
    TIM_ITRxExternalClockConfig              0x0800126b   Thumb Code    18  stm32f10x_tim.o(.text)
    TIM_TIxExternalClockConfig               0x0800127d   Thumb Code    46  stm32f10x_tim.o(.text)
    TIM_ETRConfig                            0x080012ab   Thumb Code    24  stm32f10x_tim.o(.text)
    TIM_ETRClockMode1Config                  0x080012c3   Thumb Code    18  stm32f10x_tim.o(.text)
    TIM_ETRClockMode2Config                  0x080012d5   Thumb Code    18  stm32f10x_tim.o(.text)
    TIM_PrescalerConfig                      0x080012e7   Thumb Code     6  stm32f10x_tim.o(.text)
    TIM_CounterModeConfig                    0x080012ed   Thumb Code    12  stm32f10x_tim.o(.text)
    TIM_EncoderInterfaceConfig               0x080012f9   Thumb Code    50  stm32f10x_tim.o(.text)
    TIM_ForcedOC1Config                      0x0800132b   Thumb Code    12  stm32f10x_tim.o(.text)
    TIM_ForcedOC2Config                      0x08001337   Thumb Code    20  stm32f10x_tim.o(.text)
    TIM_ForcedOC3Config                      0x0800134b   Thumb Code    12  stm32f10x_tim.o(.text)
    TIM_ForcedOC4Config                      0x08001357   Thumb Code    20  stm32f10x_tim.o(.text)
    TIM_ARRPreloadConfig                     0x0800136b   Thumb Code    20  stm32f10x_tim.o(.text)
    TIM_SelectCOM                            0x0800137f   Thumb Code    20  stm32f10x_tim.o(.text)
    TIM_SelectCCDMA                          0x08001393   Thumb Code    20  stm32f10x_tim.o(.text)
    TIM_CCPreloadControl                     0x080013a7   Thumb Code    20  stm32f10x_tim.o(.text)
    TIM_OC1PreloadConfig                     0x080013bb   Thumb Code    34  stm32f10x_tim.o(.text)
    TIM_OC2PreloadConfig                     0x080013dd   Thumb Code    20  stm32f10x_tim.o(.text)
    TIM_OC3PreloadConfig                     0x080013f1   Thumb Code    12  stm32f10x_tim.o(.text)
    TIM_OC4PreloadConfig                     0x080013fd   Thumb Code    20  stm32f10x_tim.o(.text)
    TIM_OC1FastConfig                        0x08001411   Thumb Code    12  stm32f10x_tim.o(.text)
    TIM_OC2FastConfig                        0x0800141d   Thumb Code    20  stm32f10x_tim.o(.text)
    TIM_OC3FastConfig                        0x08001431   Thumb Code    12  stm32f10x_tim.o(.text)
    TIM_OC4FastConfig                        0x0800143d   Thumb Code    20  stm32f10x_tim.o(.text)
    TIM_ClearOC1Ref                          0x08001451   Thumb Code    12  stm32f10x_tim.o(.text)
    TIM_ClearOC2Ref                          0x0800145d   Thumb Code    20  stm32f10x_tim.o(.text)
    TIM_ClearOC3Ref                          0x08001471   Thumb Code    12  stm32f10x_tim.o(.text)
    TIM_ClearOC4Ref                          0x0800147d   Thumb Code    20  stm32f10x_tim.o(.text)
    TIM_OC1PolarityConfig                    0x08001491   Thumb Code    12  stm32f10x_tim.o(.text)
    TIM_OC1NPolarityConfig                   0x0800149d   Thumb Code    12  stm32f10x_tim.o(.text)
    TIM_OC2PolarityConfig                    0x080014a9   Thumb Code    20  stm32f10x_tim.o(.text)
    TIM_OC2NPolarityConfig                   0x080014bd   Thumb Code    20  stm32f10x_tim.o(.text)
    TIM_OC3PolarityConfig                    0x080014d1   Thumb Code    20  stm32f10x_tim.o(.text)
    TIM_OC3NPolarityConfig                   0x080014e5   Thumb Code    20  stm32f10x_tim.o(.text)
    TIM_OC4PolarityConfig                    0x080014f9   Thumb Code    20  stm32f10x_tim.o(.text)
    TIM_CCxCmd                               0x0800150d   Thumb Code    22  stm32f10x_tim.o(.text)
    TIM_CCxNCmd                              0x08001523   Thumb Code    22  stm32f10x_tim.o(.text)
    TIM_SelectOCxM                           0x08001539   Thumb Code    70  stm32f10x_tim.o(.text)
    TIM_UpdateDisableConfig                  0x0800157f   Thumb Code    20  stm32f10x_tim.o(.text)
    TIM_UpdateRequestConfig                  0x08001593   Thumb Code    20  stm32f10x_tim.o(.text)
    TIM_SelectHallSensor                     0x080015a7   Thumb Code    20  stm32f10x_tim.o(.text)
    TIM_SelectOnePulseMode                   0x080015bb   Thumb Code    16  stm32f10x_tim.o(.text)
    TIM_SelectOutputTrigger                  0x080015cb   Thumb Code    16  stm32f10x_tim.o(.text)
    TIM_SelectSlaveMode                      0x080015db   Thumb Code    16  stm32f10x_tim.o(.text)
    TIM_SelectMasterSlaveMode                0x080015eb   Thumb Code    16  stm32f10x_tim.o(.text)
    TIM_SetCounter                           0x080015fb   Thumb Code     4  stm32f10x_tim.o(.text)
    TIM_SetAutoreload                        0x080015ff   Thumb Code     4  stm32f10x_tim.o(.text)
    TIM_SetCompare1                          0x08001603   Thumb Code     4  stm32f10x_tim.o(.text)
    TIM_SetCompare2                          0x08001607   Thumb Code     4  stm32f10x_tim.o(.text)
    TIM_SetCompare3                          0x0800160b   Thumb Code     4  stm32f10x_tim.o(.text)
    TIM_SetCompare4                          0x0800160f   Thumb Code     6  stm32f10x_tim.o(.text)
    TIM_SetClockDivision                     0x08001615   Thumb Code    16  stm32f10x_tim.o(.text)
    TIM_GetCapture1                          0x08001625   Thumb Code     4  stm32f10x_tim.o(.text)
    TIM_GetCapture2                          0x08001629   Thumb Code     4  stm32f10x_tim.o(.text)
    TIM_GetCapture3                          0x0800162d   Thumb Code     4  stm32f10x_tim.o(.text)
    TIM_GetCapture4                          0x08001631   Thumb Code     6  stm32f10x_tim.o(.text)
    TIM_GetCounter                           0x08001637   Thumb Code     4  stm32f10x_tim.o(.text)
    TIM_GetPrescaler                         0x0800163b   Thumb Code     4  stm32f10x_tim.o(.text)
    TIM_GetFlagStatus                        0x0800163f   Thumb Code    14  stm32f10x_tim.o(.text)
    TIM_ClearFlag                            0x0800164d   Thumb Code     6  stm32f10x_tim.o(.text)
    TIM_GetITStatus                          0x08001653   Thumb Code    24  stm32f10x_tim.o(.text)
    TIM_ClearITPendingBit                    0x0800166b   Thumb Code     6  stm32f10x_tim.o(.text)
    USART_DeInit                             0x08001671   Thumb Code    96  stm32f10x_usart.o(.text)
    USART_Init                               0x080016d1   Thumb Code   166  stm32f10x_usart.o(.text)
    USART_StructInit                         0x08001777   Thumb Code    22  stm32f10x_usart.o(.text)
    USART_ClockInit                          0x0800178d   Thumb Code    30  stm32f10x_usart.o(.text)
    USART_ClockStructInit                    0x080017ab   Thumb Code    12  stm32f10x_usart.o(.text)
    USART_Cmd                                0x080017b7   Thumb Code    20  stm32f10x_usart.o(.text)
    USART_ITConfig                           0x080017cb   Thumb Code    48  stm32f10x_usart.o(.text)
    USART_DMACmd                             0x080017fb   Thumb Code    16  stm32f10x_usart.o(.text)
    USART_SetAddress                         0x0800180b   Thumb Code    16  stm32f10x_usart.o(.text)
    USART_WakeUpConfig                       0x0800181b   Thumb Code    16  stm32f10x_usart.o(.text)
    USART_ReceiverWakeUpCmd                  0x0800182b   Thumb Code    20  stm32f10x_usart.o(.text)
    USART_LINBreakDetectLengthConfig         0x0800183f   Thumb Code    16  stm32f10x_usart.o(.text)
    USART_LINCmd                             0x0800184f   Thumb Code    20  stm32f10x_usart.o(.text)
    USART_SendData                           0x08001863   Thumb Code     8  stm32f10x_usart.o(.text)
    USART_ReceiveData                        0x0800186b   Thumb Code     8  stm32f10x_usart.o(.text)
    USART_SendBreak                          0x08001873   Thumb Code    10  stm32f10x_usart.o(.text)
    USART_SetGuardTime                       0x0800187d   Thumb Code    16  stm32f10x_usart.o(.text)
    USART_SetPrescaler                       0x0800188d   Thumb Code    16  stm32f10x_usart.o(.text)
    USART_SmartCardCmd                       0x0800189d   Thumb Code    20  stm32f10x_usart.o(.text)
    USART_SmartCardNACKCmd                   0x080018b1   Thumb Code    20  stm32f10x_usart.o(.text)
    USART_HalfDuplexCmd                      0x080018c5   Thumb Code    20  stm32f10x_usart.o(.text)
    USART_OverSampling8Cmd                   0x080018d9   Thumb Code    20  stm32f10x_usart.o(.text)
    USART_OneBitMethodCmd                    0x080018ed   Thumb Code    20  stm32f10x_usart.o(.text)
    USART_IrDAConfig                         0x08001901   Thumb Code    16  stm32f10x_usart.o(.text)
    USART_IrDACmd                            0x08001911   Thumb Code    20  stm32f10x_usart.o(.text)
    USART_GetFlagStatus                      0x08001925   Thumb Code    14  stm32f10x_usart.o(.text)
    USART_ClearFlag                          0x08001933   Thumb Code     6  stm32f10x_usart.o(.text)
    USART_GetITStatus                        0x08001939   Thumb Code    62  stm32f10x_usart.o(.text)
    USART_ClearITPendingBit                  0x08001977   Thumb Code    12  stm32f10x_usart.o(.text)
    SysTick_Handler                          0x08001999   Thumb Code    20  delay.o(.text)
    Delay_Init                               0x080019ad   Thumb Code    56  delay.o(.text)
    Delay_us                                 0x080019e5   Thumb Code    48  delay.o(.text)
    Delay_ms                                 0x08001a15   Thumb Code    26  delay.o(.text)
    _sys_exit                                0x08001a3d   Thumb Code     2  usart.o(.text)
    fputc                                    0x08001a3f   Thumb Code    18  usart.o(.text)
    Uart_Init                                0x08001a51   Thumb Code   152  usart.o(.text)
    USART1_IRQHandler                        0x08001ae9   Thumb Code    88  usart.o(.text)
    vListInitialise                          0x08001b51   Thumb Code    22  list.o(.text)
    vListInitialiseItem                      0x08001b67   Thumb Code     6  list.o(.text)
    vListInsertEnd                           0x08001b6d   Thumb Code    24  list.o(.text)
    vListInsert                              0x08001b85   Thumb Code    48  list.o(.text)
    uxListRemove                             0x08001bb5   Thumb Code    38  list.o(.text)
    xQueueGenericReset                       0x08001bdd   Thumb Code   166  queue.o(.text)
    xQueueGenericCreateStatic                0x08001c83   Thumb Code    94  queue.o(.text)
    xQueueGenericCreate                      0x08001ce1   Thumb Code    84  queue.o(.text)
    xQueueGenericSend                        0x08001e89   Thumb Code   356  queue.o(.text)
    xQueueCreateMutex                        0x08001fed   Thumb Code    22  queue.o(.text)
    xQueueCreateMutexStatic                  0x08002003   Thumb Code    78  queue.o(.text)
    xQueueGiveMutexRecursive                 0x08002051   Thumb Code    60  queue.o(.text)
    xQueueSemaphoreTake                      0x0800208d   Thumb Code   372  queue.o(.text)
    xQueueTakeMutexRecursive                 0x08002201   Thumb Code    64  queue.o(.text)
    xQueueCreateCountingSemaphoreStatic      0x08002241   Thumb Code    54  queue.o(.text)
    xQueueCreateCountingSemaphore            0x08002277   Thumb Code    48  queue.o(.text)
    xQueueGenericSendFromISR                 0x080022a7   Thumb Code   226  queue.o(.text)
    xQueueGiveFromISR                        0x08002389   Thumb Code   186  queue.o(.text)
    xQueueReceive                            0x08002469   Thumb Code   304  queue.o(.text)
    xQueuePeek                               0x08002599   Thumb Code   296  queue.o(.text)
    xQueueReceiveFromISR                     0x080026c1   Thumb Code   168  queue.o(.text)
    xQueuePeekFromISR                        0x08002769   Thumb Code   114  queue.o(.text)
    uxQueueMessagesWaiting                   0x080027db   Thumb Code    36  queue.o(.text)
    uxQueueSpacesAvailable                   0x080027ff   Thumb Code    40  queue.o(.text)
    uxQueueMessagesWaitingFromISR            0x08002827   Thumb Code    26  queue.o(.text)
    vQueueUnregisterQueue                    0x08002841   Thumb Code    60  queue.o(.text)
    vQueueDelete                             0x0800287d   Thumb Code    48  queue.o(.text)
    uxQueueGetQueueNumber                    0x080028ad   Thumb Code     4  queue.o(.text)
    vQueueSetQueueNumber                     0x080028b1   Thumb Code     4  queue.o(.text)
    ucQueueGetQueueType                      0x080028b5   Thumb Code     6  queue.o(.text)
    xQueueIsQueueEmptyFromISR                0x080028bb   Thumb Code    34  queue.o(.text)
    xQueueIsQueueFullFromISR                 0x080028dd   Thumb Code    38  queue.o(.text)
    vQueueAddToRegistry                      0x08002903   Thumb Code    80  queue.o(.text)
    pcQueueGetName                           0x08002953   Thumb Code    56  queue.o(.text)
    vQueueWaitForMessageRestricted           0x0800298b   Thumb Code    78  queue.o(.text)
    xQueueCreateSet                          0x080029d9   Thumb Code     8  queue.o(.text)
    xQueueAddToSet                           0x080029e1   Thumb Code    34  queue.o(.text)
    xQueueRemoveFromSet                      0x08002a03   Thumb Code    34  queue.o(.text)
    xQueueSelectFromSet                      0x08002a25   Thumb Code    18  queue.o(.text)
    xQueueSelectFromSetFromISR               0x08002a37   Thumb Code    18  queue.o(.text)
    xTaskCreateStatic                        0x08002c35   Thumb Code   106  tasks.o(.text)
    xTaskCreate                              0x08002c9f   Thumb Code    88  tasks.o(.text)
    vTaskDelete                              0x08002d2b   Thumb Code   160  tasks.o(.text)
    xTaskIncrementTick                       0x08002dcb   Thumb Code   368  tasks.o(.text)
    xTaskResumeAll                           0x08002f3b   Thumb Code   282  tasks.o(.text)
    vTaskSuspendAll                          0x080030dd   Thumb Code    10  tasks.o(.text)
    xTaskDelayUntil                          0x080030e7   Thumb Code   140  tasks.o(.text)
    vTaskDelay                               0x08003173   Thumb Code    66  tasks.o(.text)
    eTaskGetState                            0x080031b5   Thumb Code   106  tasks.o(.text)
    uxTaskPriorityGet                        0x0800321f   Thumb Code    24  tasks.o(.text)
    uxTaskPriorityGetFromISR                 0x08003237   Thumb Code    40  tasks.o(.text)
    vTaskPrioritySet                         0x0800325f   Thumb Code   234  tasks.o(.text)
    vTaskSwitchContext                       0x08003349   Thumb Code    84  tasks.o(.text)
    vTaskSuspend                             0x0800339d   Thumb Code   168  tasks.o(.text)
    vTaskResume                              0x08003475   Thumb Code   154  tasks.o(.text)
    xTaskResumeFromISR                       0x0800350f   Thumb Code   176  tasks.o(.text)
    vTaskStartScheduler                      0x0800360f   Thumb Code   116  tasks.o(.text)
    vTaskEndScheduler                        0x08003683   Thumb Code    24  tasks.o(.text)
    xTaskGetTickCount                        0x0800369b   Thumb Code     6  tasks.o(.text)
    xTaskGetTickCountFromISR                 0x080036a1   Thumb Code    12  tasks.o(.text)
    uxTaskGetNumberOfTasks                   0x080036ad   Thumb Code     6  tasks.o(.text)
    pcTaskGetName                            0x080036b3   Thumb Code    38  tasks.o(.text)
    xTaskGetHandle                           0x0800374f   Thumb Code   120  tasks.o(.text)
    vTaskGetInfo                             0x080037c7   Thumb Code   108  tasks.o(.text)
    uxTaskGetSystemState                     0x0800388b   Thumb Code   156  tasks.o(.text)
    xTaskGetIdleTaskHandle                   0x08003927   Thumb Code    28  tasks.o(.text)
    xTaskCatchUpTicks                        0x08003943   Thumb Code    44  tasks.o(.text)
    xTaskAbortDelay                          0x0800396f   Thumb Code   166  tasks.o(.text)
    vTaskPlaceOnEventList                    0x08003a15   Thumb Code    48  tasks.o(.text)
    vTaskPlaceOnUnorderedEventList           0x08003a45   Thumb Code   106  tasks.o(.text)
    vTaskPlaceOnEventListRestricted          0x08003aaf   Thumb Code    82  tasks.o(.text)
    xTaskRemoveFromEventList                 0x08003b01   Thumb Code   224  tasks.o(.text)
    vTaskRemoveFromUnorderedEventList        0x08003be1   Thumb Code   196  tasks.o(.text)
    vTaskSetTimeOutState                     0x08003ca5   Thumb Code    44  tasks.o(.text)
    vTaskInternalSetTimeOutState             0x08003cd1   Thumb Code    12  tasks.o(.text)
    xTaskCheckForTimeOut                     0x08003cdd   Thumb Code   134  tasks.o(.text)
    vTaskMissedYield                         0x08003d63   Thumb Code     8  tasks.o(.text)
    uxTaskGetTaskNumber                      0x08003d6b   Thumb Code     8  tasks.o(.text)
    vTaskSetTaskNumber                       0x08003d73   Thumb Code     8  tasks.o(.text)
    uxTaskGetStackHighWaterMark              0x08003d7b   Thumb Code    12  tasks.o(.text)
    xTaskGetCurrentTaskHandle                0x08003d87   Thumb Code     6  tasks.o(.text)
    xTaskGetSchedulerState                   0x08003d8d   Thumb Code    22  tasks.o(.text)
    xTaskPriorityInherit                     0x08003da3   Thumb Code   168  tasks.o(.text)
    xTaskPriorityDisinherit                  0x08003e4b   Thumb Code   174  tasks.o(.text)
    vTaskPriorityDisinheritAfterTimeout      0x08003ef9   Thumb Code   204  tasks.o(.text)
    vTaskList                                0x08003fc5   Thumb Code   176  tasks.o(.text)
    uxTaskResetEventItemValue                0x08004075   Thumb Code    20  tasks.o(.text)
    pvTaskIncrementMutexHeldCount            0x08004089   Thumb Code    18  tasks.o(.text)
    ulTaskGenericNotifyTake                  0x0800409b   Thumb Code   136  tasks.o(.text)
    xTaskGenericNotifyWait                   0x08004123   Thumb Code   172  tasks.o(.text)
    xTaskGenericNotify                       0x080041cf   Thumb Code   310  tasks.o(.text)
    xTaskGenericNotifyFromISR                0x08004305   Thumb Code   396  tasks.o(.text)
    vTaskGenericNotifyGiveFromISR            0x08004491   Thumb Code   282  tasks.o(.text)
    xTaskGenericNotifyStateClear             0x080045ab   Thumb Code    64  tasks.o(.text)
    ulTaskGenericNotifyValueClear            0x080045eb   Thumb Code    40  tasks.o(.text)
    xTimerCreateTimerTask                    0x08004859   Thumb Code    80  timers.o(.text)
    xTimerCreate                             0x080048ef   Thumb Code    52  timers.o(.text)
    xTimerCreateStatic                       0x08004923   Thumb Code    44  timers.o(.text)
    xTimerGenericCommand                     0x0800494f   Thumb Code    96  timers.o(.text)
    xTimerGetTimerDaemonTaskHandle           0x080049af   Thumb Code    24  timers.o(.text)
    xTimerGetPeriod                          0x080049c7   Thumb Code    22  timers.o(.text)
    vTimerSetReloadMode                      0x080049dd   Thumb Code    50  timers.o(.text)
    uxTimerGetReloadMode                     0x08004a0f   Thumb Code   126  timers.o(.text)
    xTimerGetExpiryTime                      0x08004a8d   Thumb Code    26  timers.o(.text)
    pcTimerGetName                           0x08004aa7   Thumb Code    26  timers.o(.text)
    xTimerIsTimerActive                      0x08004ac1   Thumb Code    48  timers.o(.text)
    pvTimerGetTimerID                        0x08004af1   Thumb Code    36  timers.o(.text)
    vTimerSetTimerID                         0x08004b15   Thumb Code    38  timers.o(.text)
    xTimerPendFunctionCallFromISR            0x08004b3b   Thumb Code    34  timers.o(.text)
    xTimerPendFunctionCall                   0x08004b5d   Thumb Code    62  timers.o(.text)
    uxTimerGetTimerNumber                    0x08004b9b   Thumb Code     4  timers.o(.text)
    vTimerSetTimerNumber                     0x08004b9f   Thumb Code     4  timers.o(.text)
    pvPortMalloc                             0x08004c7d   Thumb Code   232  heap_4.o(.text)
    vPortFree                                0x08004d65   Thumb Code   102  heap_4.o(.text)
    xPortGetFreeHeapSize                     0x08004dcb   Thumb Code     8  heap_4.o(.text)
    xPortGetMinimumEverFreeHeapSize          0x08004dd3   Thumb Code     8  heap_4.o(.text)
    vPortInitialiseBlocks                    0x08004ddb   Thumb Code     2  heap_4.o(.text)
    vPortGetHeapStats                        0x08004ddd   Thumb Code   102  heap_4.o(.text)
    pxPortInitialiseStack                    0x08004ef3   Thumb Code    32  port.o(.text)
    vPortSetupTimerInterrupt                 0x08004f13   Thumb Code    32  port.o(.text)
    xPortStartScheduler                      0x08004f33   Thumb Code   170  port.o(.text)
    vPortEndScheduler                        0x08004fdd   Thumb Code    24  port.o(.text)
    vPortEnterCritical                       0x08004ff5   Thumb Code    52  port.o(.text)
    vPortExitCritical                        0x08005029   Thumb Code    34  port.o(.text)
    xPortSysTickHandler                      0x0800504b   Thumb Code    40  port.o(.text)
    vPortValidateInterruptPriority           0x08005073   Thumb Code    72  port.o(.text)
    TIM3_Int_Init                            0x08005119   Thumb Code    86  timer.o(.text)
    TIM3_IRQHandler                          0x0800516f   Thumb Code    38  timer.o(.text)
    LED_Init                                 0x08005199   Thumb Code    48  led.o(.text)
    LED1_SetMode                             0x080051c9   Thumb Code    16  led.o(.text)
    LED2_SetMode                             0x080051d9   Thumb Code    16  led.o(.text)
    LED1_ON                                  0x080051e9   Thumb Code     8  led.o(.text)
    LED1_OFF                                 0x080051f1   Thumb Code     8  led.o(.text)
    LED2_ON                                  0x080051f9   Thumb Code     8  led.o(.text)
    LED2_OFF                                 0x08005201   Thumb Code     8  led.o(.text)
    LED_Tick                                 0x08005209   Thumb Code   208  led.o(.text)
    Key_Init                                 0x080052e5   Thumb Code    40  key.o(.text)
    Key_GetNum                               0x0800530d   Thumb Code    14  key.o(.text)
    Key_GetState                             0x0800531b   Thumb Code    22  key.o(.text)
    Key_Tick                                 0x08005331   Thumb Code   304  key.o(.text)
    Motor_Init                               0x08005469   Thumb Code    42  motor.o(.text)
    Motor_SetSpeed                           0x08005493   Thumb Code    54  motor.o(.text)
    PWM_Init                                 0x080054cd   Thumb Code   136  pwm.o(.text)
    PWM_SetCompare2                          0x08005555   Thumb Code    10  pwm.o(.text)
    Light_Init                               0x08005565   Thumb Code    36  light.o(.text)
    Light_Get_Val                            0x08005589   Thumb Code    58  light.o(.text)
    T_Adc_Init                               0x080055c9   Thumb Code   114  adc.o(.text)
    T_Get_Adc                                0x0800563b   Thumb Code    46  adc.o(.text)
    T_Get_Temp                               0x08005669   Thumb Code    38  adc.o(.text)
    T_Get_Adc_Average                        0x0800568f   Thumb Code    46  adc.o(.text)
    Get_Temprate                             0x080056bd   Thumb Code    72  adc.o(.text)
    Adc3_Init                                0x08005705   Thumb Code   114  adc.o(.text)
    Get_Adc3                                 0x08005777   Thumb Code    46  adc.o(.text)
    atk_aht20_read_nbytes                    0x080057c5   Thumb Code    66  aht20.o(.text)
    atk_aht20_read_status                    0x08005807   Thumb Code    16  aht20.o(.text)
    atk_aht20_check                          0x08005817   Thumb Code    18  aht20.o(.text)
    atk_aht20_write_nbytes                   0x08005829   Thumb Code    82  aht20.o(.text)
    Aht20_Init                               0x0800587b   Thumb Code    42  aht20.o(.text)
    atk_aht20_read_data                      0x080058a5   Thumb Code   150  aht20.o(.text)
    iic_stop                                 0x08005951   Thumb Code    56  myiic.o(.text)
    iic_init                                 0x08005989   Thumb Code    72  myiic.o(.text)
    iic_start                                0x080059d1   Thumb Code    66  myiic.o(.text)
    iic_wait_ack                             0x08005a13   Thumb Code    90  myiic.o(.text)
    iic_ack                                  0x08005a6d   Thumb Code    72  myiic.o(.text)
    iic_nack                                 0x08005ab5   Thumb Code    56  myiic.o(.text)
    iic_send_byte                            0x08005aed   Thumb Code    84  myiic.o(.text)
    iic_read_byte                            0x08005b41   Thumb Code    88  myiic.o(.text)
    main                                     0x08005b9d   Thumb Code    94  main.o(.text)
    NMI_Handler                              0x08005c1d   Thumb Code     2  stm32f10x_it.o(.text)
    HardFault_Handler                        0x08005c1f   Thumb Code     2  stm32f10x_it.o(.text)
    MemManage_Handler                        0x08005c21   Thumb Code     2  stm32f10x_it.o(.text)
    BusFault_Handler                         0x08005c23   Thumb Code     2  stm32f10x_it.o(.text)
    UsageFault_Handler                       0x08005c25   Thumb Code     2  stm32f10x_it.o(.text)
    DebugMon_Handler                         0x08005c27   Thumb Code     2  stm32f10x_it.o(.text)
    SystemInit                               0x08005cc9   Thumb Code    64  system_stm32f10x.o(.text)
    SystemCoreClockUpdate                    0x08005d09   Thumb Code    84  system_stm32f10x.o(.text)
    vApplicationGetIdleTaskMemory            0x08005d7d   Thumb Code    16  demo_task.o(.text)
    vApplicationGetTimerTaskMemory           0x08005d8d   Thumb Code    18  demo_task.o(.text)
    Light_task                               0x08005d9f   Thumb Code    28  demo_task.o(.text)
    Aht20_task                               0x08005dbb   Thumb Code    12  demo_task.o(.text)
    MotorSpeed_task                          0x08005dc7   Thumb Code   100  demo_task.o(.text)
    LED_Turn_task                            0x08005e2b   Thumb Code    18  demo_task.o(.text)
    Start_Task                               0x08005e3d   Thumb Code   140  demo_task.o(.text)
    __use_no_semihosting                     0x08005f7d   Thumb Code     2  use_no_semi_2.o(.text)
    __2printf                                0x08005f81   Thumb Code    20  __2printf.o(.text)
    __2sprintf                               0x08005f99   Thumb Code    38  __2sprintf.o(.text)
    _printf_str                              0x08005fc5   Thumb Code    82  _printf_str.o(.text)
    _printf_int_dec                          0x08006019   Thumb Code   104  _printf_dec.o(.text)
    __printf                                 0x08006091   Thumb Code   388  __printf_flags_ss_wp.o(.text)
    strcpy                                   0x08006219   Thumb Code    72  strcpy.o(.text)
    strlen                                   0x08006261   Thumb Code    62  strlen.o(.text)
    __aeabi_memcpy                           0x0800629f   Thumb Code     0  rt_memcpy_v6.o(.text)
    __rt_memcpy                              0x0800629f   Thumb Code   138  rt_memcpy_v6.o(.text)
    _memcpy_lastbytes                        0x08006305   Thumb Code     0  rt_memcpy_v6.o(.text)
    __aeabi_memset                           0x08006329   Thumb Code    16  aeabi_memset.o(.text)
    __aeabi_memclr4                          0x08006339   Thumb Code     0  rt_memclr_w.o(.text)
    __aeabi_memclr8                          0x08006339   Thumb Code     0  rt_memclr_w.o(.text)
    __rt_memclr_w                            0x08006339   Thumb Code    78  rt_memclr_w.o(.text)
    _memset_w                                0x0800633d   Thumb Code     0  rt_memclr_w.o(.text)
    __use_two_region_memory                  0x08006387   Thumb Code     2  heapauxi.o(.text)
    __rt_heap_escrow$2region                 0x08006389   Thumb Code     2  heapauxi.o(.text)
    __rt_heap_expand$2region                 0x0800638b   Thumb Code     2  heapauxi.o(.text)
    __I$use$semihosting                      0x0800638d   Thumb Code     0  use_no_semi.o(.text)
    __use_no_semihosting_swi                 0x0800638d   Thumb Code     2  use_no_semi.o(.text)
    _printf_int_common                       0x0800638f   Thumb Code   178  _printf_intcommon.o(.text)
    _printf_char_common                      0x0800644b   Thumb Code    32  _printf_char_common.o(.text)
    _sputc                                   0x08006471   Thumb Code    10  _sputc.o(.text)
    _printf_cs_common                        0x0800647b   Thumb Code    20  _printf_char.o(.text)
    _printf_char                             0x0800648f   Thumb Code    16  _printf_char.o(.text)
    _printf_string                           0x0800649f   Thumb Code     8  _printf_char.o(.text)
    _printf_char_file                        0x080064a9   Thumb Code    32  _printf_char_file.o(.text)
    __aeabi_memcpy4                          0x080064cd   Thumb Code     0  rt_memcpy_w.o(.text)
    __aeabi_memcpy8                          0x080064cd   Thumb Code     0  rt_memcpy_w.o(.text)
    __rt_memcpy_w                            0x080064cd   Thumb Code   100  rt_memcpy_w.o(.text)
    _memcpy_lastbytes_aligned                0x08006515   Thumb Code     0  rt_memcpy_w.o(.text)
    __aeabi_memclr                           0x08006531   Thumb Code     0  rt_memclr.o(.text)
    __rt_memclr                              0x08006531   Thumb Code    68  rt_memclr.o(.text)
    _memset                                  0x08006535   Thumb Code     0  rt_memclr.o(.text)
    ferror                                   0x08006575   Thumb Code     8  ferror.o(.text)
    __user_libspace                          0x0800657d   Thumb Code     8  libspace.o(.text)
    __user_perproc_libspace                  0x0800657d   Thumb Code     0  libspace.o(.text)
    __user_perthread_libspace                0x0800657d   Thumb Code     0  libspace.o(.text)
    __user_setup_stackheap                   0x08006585   Thumb Code    74  sys_stackheap_outer.o(.text)
    exit                                     0x080065cf   Thumb Code    18  exit.o(.text)
    _is_digit                                0x080065e1   Thumb Code    14  __printf_wp.o(i._is_digit)
    __aeabi_dadd                             0x080065f1   Thumb Code     0  daddsub_clz.o(x$fpl$dadd)
    _dadd                                    0x080065f1   Thumb Code   332  daddsub_clz.o(x$fpl$dadd)
    __aeabi_ddiv                             0x08006741   Thumb Code     0  ddiv.o(x$fpl$ddiv)
    _ddiv                                    0x08006741   Thumb Code   552  ddiv.o(x$fpl$ddiv)
    __aeabi_d2iz                             0x080069f1   Thumb Code     0  dfix.o(x$fpl$dfix)
    _dfix                                    0x080069f1   Thumb Code    94  dfix.o(x$fpl$dfix)
    __aeabi_dmul                             0x08006a51   Thumb Code     0  dmul.o(x$fpl$dmul)
    _dmul                                    0x08006a51   Thumb Code   332  dmul.o(x$fpl$dmul)
    __fpl_dnaninf                            0x08006ba5   Thumb Code   156  dnaninf.o(x$fpl$dnaninf)
    __fpl_dretinf                            0x08006c41   Thumb Code    12  dretinf.o(x$fpl$dretinf)
    __aeabi_dsub                             0x08006c4d   Thumb Code     0  daddsub_clz.o(x$fpl$dsub)
    _dsub                                    0x08006c4d   Thumb Code   464  daddsub_clz.o(x$fpl$dsub)
    __aeabi_f2d                              0x08006e21   Thumb Code     0  f2d.o(x$fpl$f2d)
    _f2d                                     0x08006e21   Thumb Code    86  f2d.o(x$fpl$f2d)
    __aeabi_fadd                             0x08006e79   Thumb Code     0  faddsub_clz.o(x$fpl$fadd)
    _fadd                                    0x08006e79   Thumb Code   196  faddsub_clz.o(x$fpl$fadd)
    __fpl_fcheck_NaN1                        0x08006f3d   Thumb Code     6  fcheck1.o(x$fpl$fcheck1)
    __aeabi_ui2f                             0x08006f49   Thumb Code     0  fflt_clz.o(x$fpl$ffltu)
    _ffltu                                   0x08006f49   Thumb Code    38  fflt_clz.o(x$fpl$ffltu)
    __aeabi_fmul                             0x08006f71   Thumb Code     0  fmul.o(x$fpl$fmul)
    _fmul                                    0x08006f71   Thumb Code   258  fmul.o(x$fpl$fmul)
    __fpl_fnaninf                            0x08007073   Thumb Code   140  fnaninf.o(x$fpl$fnaninf)
    __fpl_fretinf                            0x080070ff   Thumb Code    10  fretinf.o(x$fpl$fretinf)
    __aeabi_fsub                             0x08007109   Thumb Code     0  faddsub_clz.o(x$fpl$fsub)
    _fsub                                    0x08007109   Thumb Code   234  faddsub_clz.o(x$fpl$fsub)
    __fpl_return_NaN                         0x080071f3   Thumb Code   100  retnan.o(x$fpl$retnan)
    __ARM_scalbnf                            0x08007257   Thumb Code    76  scalbnf.o(x$fpl$scalbnf)
    __fpl_cmpreturn                          0x080072a3   Thumb Code    48  trapv.o(x$fpl$trapveneer)
    __I$use$fp                               0x080072d2   Number         0  usenofp.o(x$fpl$usenofp)
    Region$$Table$$Base                      0x080072e4   Number         0  anon$$obj.o(Region$$Table)
    Region$$Table$$Limit                     0x08007304   Number         0  anon$$obj.o(Region$$Table)
    USART_RX_STA                             0x20000016   Data           2  usart.o(.data)
    __stdout                                 0x20000018   Data           4  usart.o(.data)
    pxCurrentTCB                             0x2000001c   Data           4  tasks.o(.data)
    uxTopUsedPriority                        0x2000004c   Data           4  tasks.o(.data)
    LED1_Mode                                0x2000009c   Data           1  led.o(.data)
    LED2_Mode                                0x2000009d   Data           1  led.o(.data)
    LED1_Count                               0x2000009e   Data           2  led.o(.data)
    LED2_Count                               0x200000a0   Data           2  led.o(.data)
    Key_Num                                  0x200000aa   Data           1  key.o(.data)
    Start_task_handler                       0x200000b4   Data           4  main.o(.data)
    SystemCoreClock                          0x200000b8   Data           4  system_stm32f10x.o(.data)
    AHBPrescTable                            0x200000bc   Data          16  system_stm32f10x.o(.data)
    KeyNum                                   0x200000ce   Data           1  demo_task.o(.data)
    LED_TurnTask_handler                     0x200000d0   Data           4  demo_task.o(.data)
    MotorSpeed_Task_handler                  0x200000d4   Data           4  demo_task.o(.data)
    Aht20_Task_handler                       0x200000d8   Data           4  demo_task.o(.data)
    Light_Task_handler                       0x200000dc   Data           4  demo_task.o(.data)
    Light_tcb                                0x200000e0   Data           4  demo_task.o(.data)
    USART_RX_BUF                             0x200000e4   Data         200  usart.o(.bss)
    xQueueRegistry                           0x200001ac   Data          64  queue.o(.bss)
    start_task_stack                         0x20002d9c   Data         512  main.o(.bss)
    start_task_tcb                           0x20002f9c   Data          92  main.o(.bss)
    idle_task_tcb                            0x20002ff8   Data          92  demo_task.o(.bss)
    idle_task_stack                          0x20003054   Data         512  demo_task.o(.bss)
    timer_task_tcb                           0x20003254   Data          92  demo_task.o(.bss)
    timer_task_stack                         0x200032b0   Data        1024  demo_task.o(.bss)
    LEDTurn_stack                            0x200036b0   Data         512  demo_task.o(.bss)
    LEDTurn_tcb                              0x200038b0   Data          92  demo_task.o(.bss)
    MotorSpeed_stack                         0x2000390c   Data         512  demo_task.o(.bss)
    MotorSpeed_tcb                           0x20003b0c   Data          92  demo_task.o(.bss)
    Aht20_stack                              0x20003b68   Data         512  demo_task.o(.bss)
    Aht20_tcb                                0x20003d68   Data          92  demo_task.o(.bss)
    Light_stack                              0x20003dc4   Data         512  demo_task.o(.bss)
    __libspace_start                         0x20003fc4   Data          96  libspace.o(.bss)
    __temporary_stack_top$libspace           0x20004024   Data           0  libspace.o(.bss)



==============================================================================

Memory Map of the image

  Image Entry point : 0x080000ed

  Load Region LR_IROM1 (Base: 0x08000000, Size: 0x000073e8, Max: 0x00010000, ABSOLUTE)

    Execution Region ER_IROM1 (Exec base: 0x08000000, Load base: 0x08000000, Size: 0x00007304, Max: 0x00010000, ABSOLUTE)

    Exec Addr    Load Addr    Size         Type   Attr      Idx    E Section Name        Object

    0x08000000   0x08000000   0x000000ec   Data   RO           19    RESET               startup_stm32f10x_md.o
    0x080000ec   0x080000ec   0x00000008   Code   RO         1293  * !!!main             c_w.l(__main.o)
    0x080000f4   0x080000f4   0x00000034   Code   RO         1709    !!!scatter          c_w.l(__scatter.o)
    0x08000128   0x08000128   0x0000001a   Code   RO         1711    !!handler_copy      c_w.l(__scatter_copy.o)
    0x08000142   0x08000142   0x00000002   PAD
    0x08000144   0x08000144   0x0000001c   Code   RO         1713    !!handler_zi        c_w.l(__scatter_zi.o)
    0x08000160   0x08000160   0x00000000   Code   RO         1276    .ARM.Collect$$_printf_percent$$00000000  c_w.l(_printf_percent.o)
    0x08000160   0x08000160   0x00000006   Code   RO         1274    .ARM.Collect$$_printf_percent$$00000009  c_w.l(_printf_d.o)
    0x08000166   0x08000166   0x00000006   Code   RO         1275    .ARM.Collect$$_printf_percent$$0000000A  c_w.l(_printf_u.o)
    0x0800016c   0x0800016c   0x00000006   Code   RO         1272    .ARM.Collect$$_printf_percent$$00000013  c_w.l(_printf_c.o)
    0x08000172   0x08000172   0x00000006   Code   RO         1273    .ARM.Collect$$_printf_percent$$00000014  c_w.l(_printf_s.o)
    0x08000178   0x08000178   0x00000004   Code   RO         1417    .ARM.Collect$$_printf_percent$$00000017  c_w.l(_printf_percent_end.o)
    0x0800017c   0x0800017c   0x00000002   Code   RO         1575    .ARM.Collect$$libinit$$00000000  c_w.l(libinit.o)
    0x0800017e   0x0800017e   0x00000000   Code   RO         1588    .ARM.Collect$$libinit$$00000002  c_w.l(libinit2.o)
    0x0800017e   0x0800017e   0x00000000   Code   RO         1590    .ARM.Collect$$libinit$$00000004  c_w.l(libinit2.o)
    0x0800017e   0x0800017e   0x00000000   Code   RO         1593    .ARM.Collect$$libinit$$0000000A  c_w.l(libinit2.o)
    0x0800017e   0x0800017e   0x00000000   Code   RO         1595    .ARM.Collect$$libinit$$0000000C  c_w.l(libinit2.o)
    0x0800017e   0x0800017e   0x00000000   Code   RO         1597    .ARM.Collect$$libinit$$0000000E  c_w.l(libinit2.o)
    0x0800017e   0x0800017e   0x00000000   Code   RO         1600    .ARM.Collect$$libinit$$00000011  c_w.l(libinit2.o)
    0x0800017e   0x0800017e   0x00000000   Code   RO         1602    .ARM.Collect$$libinit$$00000013  c_w.l(libinit2.o)
    0x0800017e   0x0800017e   0x00000000   Code   RO         1604    .ARM.Collect$$libinit$$00000015  c_w.l(libinit2.o)
    0x0800017e   0x0800017e   0x00000000   Code   RO         1606    .ARM.Collect$$libinit$$00000017  c_w.l(libinit2.o)
    0x0800017e   0x0800017e   0x00000000   Code   RO         1608    .ARM.Collect$$libinit$$00000019  c_w.l(libinit2.o)
    0x0800017e   0x0800017e   0x00000000   Code   RO         1610    .ARM.Collect$$libinit$$0000001B  c_w.l(libinit2.o)
    0x0800017e   0x0800017e   0x00000000   Code   RO         1612    .ARM.Collect$$libinit$$0000001D  c_w.l(libinit2.o)
    0x0800017e   0x0800017e   0x00000000   Code   RO         1614    .ARM.Collect$$libinit$$0000001F  c_w.l(libinit2.o)
    0x0800017e   0x0800017e   0x00000000   Code   RO         1616    .ARM.Collect$$libinit$$00000021  c_w.l(libinit2.o)
    0x0800017e   0x0800017e   0x00000000   Code   RO         1618    .ARM.Collect$$libinit$$00000023  c_w.l(libinit2.o)
    0x0800017e   0x0800017e   0x00000000   Code   RO         1620    .ARM.Collect$$libinit$$00000025  c_w.l(libinit2.o)
    0x0800017e   0x0800017e   0x00000000   Code   RO         1624    .ARM.Collect$$libinit$$0000002C  c_w.l(libinit2.o)
    0x0800017e   0x0800017e   0x00000000   Code   RO         1626    .ARM.Collect$$libinit$$0000002E  c_w.l(libinit2.o)
    0x0800017e   0x0800017e   0x00000000   Code   RO         1628    .ARM.Collect$$libinit$$00000030  c_w.l(libinit2.o)
    0x0800017e   0x0800017e   0x00000000   Code   RO         1630    .ARM.Collect$$libinit$$00000032  c_w.l(libinit2.o)
    0x0800017e   0x0800017e   0x00000002   Code   RO         1631    .ARM.Collect$$libinit$$00000033  c_w.l(libinit2.o)
    0x08000180   0x08000180   0x00000002   Code   RO         1649    .ARM.Collect$$libshutdown$$00000000  c_w.l(libshutdown.o)
    0x08000182   0x08000182   0x00000000   Code   RO         1659    .ARM.Collect$$libshutdown$$00000002  c_w.l(libshutdown2.o)
    0x08000182   0x08000182   0x00000000   Code   RO         1661    .ARM.Collect$$libshutdown$$00000004  c_w.l(libshutdown2.o)
    0x08000182   0x08000182   0x00000000   Code   RO         1663    .ARM.Collect$$libshutdown$$00000006  c_w.l(libshutdown2.o)
    0x08000182   0x08000182   0x00000000   Code   RO         1666    .ARM.Collect$$libshutdown$$00000009  c_w.l(libshutdown2.o)
    0x08000182   0x08000182   0x00000000   Code   RO         1669    .ARM.Collect$$libshutdown$$0000000C  c_w.l(libshutdown2.o)
    0x08000182   0x08000182   0x00000000   Code   RO         1671    .ARM.Collect$$libshutdown$$0000000E  c_w.l(libshutdown2.o)
    0x08000182   0x08000182   0x00000000   Code   RO         1674    .ARM.Collect$$libshutdown$$00000011  c_w.l(libshutdown2.o)
    0x08000182   0x08000182   0x00000002   Code   RO         1675    .ARM.Collect$$libshutdown$$00000012  c_w.l(libshutdown2.o)
    0x08000184   0x08000184   0x00000000   Code   RO         1357    .ARM.Collect$$rtentry$$00000000  c_w.l(__rtentry.o)
    0x08000184   0x08000184   0x00000000   Code   RO         1482    .ARM.Collect$$rtentry$$00000002  c_w.l(__rtentry2.o)
    0x08000184   0x08000184   0x00000006   Code   RO         1494    .ARM.Collect$$rtentry$$00000004  c_w.l(__rtentry4.o)
    0x0800018a   0x0800018a   0x00000000   Code   RO         1484    .ARM.Collect$$rtentry$$00000009  c_w.l(__rtentry2.o)
    0x0800018a   0x0800018a   0x00000004   Code   RO         1485    .ARM.Collect$$rtentry$$0000000A  c_w.l(__rtentry2.o)
    0x0800018e   0x0800018e   0x00000000   Code   RO         1487    .ARM.Collect$$rtentry$$0000000C  c_w.l(__rtentry2.o)
    0x0800018e   0x0800018e   0x00000008   Code   RO         1488    .ARM.Collect$$rtentry$$0000000D  c_w.l(__rtentry2.o)
    0x08000196   0x08000196   0x00000002   Code   RO         1582    .ARM.Collect$$rtexit$$00000000  c_w.l(rtexit.o)
    0x08000198   0x08000198   0x00000000   Code   RO         1633    .ARM.Collect$$rtexit$$00000002  c_w.l(rtexit2.o)
    0x08000198   0x08000198   0x00000004   Code   RO         1634    .ARM.Collect$$rtexit$$00000003  c_w.l(rtexit2.o)
    0x0800019c   0x0800019c   0x00000006   Code   RO         1635    .ARM.Collect$$rtexit$$00000004  c_w.l(rtexit2.o)
    0x080001a2   0x080001a2   0x00000002   PAD
    0x080001a4   0x080001a4   0x00000096   Code   RO          676    .emb_text           port.o
    0x0800023a   0x0800023a   0x00000002   PAD
    0x0800023c   0x0800023c   0x00000040   Code   RO           20    .text               startup_stm32f10x_md.o
    0x0800027c   0x0800027c   0x000000b0   Code   RO           24    .text               misc.o
    0x0800032c   0x0800032c   0x00000330   Code   RO          119    .text               stm32f10x_adc.o
    0x0800065c   0x0800065c   0x0000026c   Code   RO          252    .text               stm32f10x_gpio.o
    0x080008c8   0x080008c8   0x000002b4   Code   RO          300    .text               stm32f10x_rcc.o
    0x08000b7c   0x08000b7c   0x00000af4   Code   RO          351    .text               stm32f10x_tim.o
    0x08001670   0x08001670   0x00000328   Code   RO          364    .text               stm32f10x_usart.o
    0x08001998   0x08001998   0x000000a4   Code   RO          388    .text               delay.o
    0x08001a3c   0x08001a3c   0x00000114   Code   RO          465    .text               usart.o
    0x08001b50   0x08001b50   0x0000008a   Code   RO          541    .text               list.o
    0x08001bda   0x08001bda   0x00000002   PAD
    0x08001bdc   0x08001bdc   0x00000ec4   Code   RO          556    .text               queue.o
    0x08002aa0   0x08002aa0   0x00001bb0   Code   RO          608    .text               tasks.o
    0x08004650   0x08004650   0x000005e4   Code   RO          640    .text               timers.o
    0x08004c34   0x08004c34   0x0000029c   Code   RO          661    .text               heap_4.o
    0x08004ed0   0x08004ed0   0x00000248   Code   RO          677    .text               port.o
    0x08005118   0x08005118   0x00000080   Code   RO          706    .text               timer.o
    0x08005198   0x08005198   0x0000014c   Code   RO          727    .text               led.o
    0x080052e4   0x080052e4   0x00000184   Code   RO          743    .text               key.o
    0x08005468   0x08005468   0x00000064   Code   RO          759    .text               motor.o
    0x080054cc   0x080054cc   0x00000098   Code   RO          863    .text               pwm.o
    0x08005564   0x08005564   0x00000064   Code   RO          961    .text               light.o
    0x080055c8   0x080055c8   0x000001fc   Code   RO          985    .text               adc.o
    0x080057c4   0x080057c4   0x0000018c   Code   RO          998    .text               aht20.o
    0x08005950   0x08005950   0x0000024c   Code   RO         1017    .text               myiic.o
    0x08005b9c   0x08005b9c   0x00000080   Code   RO         1029    .text               main.o
    0x08005c1c   0x08005c1c   0x0000000c   Code   RO         1146    .text               stm32f10x_it.o
    0x08005c28   0x08005c28   0x00000154   Code   RO         1187    .text               system_stm32f10x.o
    0x08005d7c   0x08005d7c   0x00000200   Code   RO         1205    .text               demo_task.o
    0x08005f7c   0x08005f7c   0x00000002   Code   RO         1234    .text               c_w.l(use_no_semi_2.o)
    0x08005f7e   0x08005f7e   0x00000002   PAD
    0x08005f80   0x08005f80   0x00000018   Code   RO         1238    .text               c_w.l(__2printf.o)
    0x08005f98   0x08005f98   0x0000002c   Code   RO         1240    .text               c_w.l(__2sprintf.o)
    0x08005fc4   0x08005fc4   0x00000052   Code   RO         1248    .text               c_w.l(_printf_str.o)
    0x08006016   0x08006016   0x00000002   PAD
    0x08006018   0x08006018   0x00000078   Code   RO         1250    .text               c_w.l(_printf_dec.o)
    0x08006090   0x08006090   0x00000188   Code   RO         1269    .text               c_w.l(__printf_flags_ss_wp.o)
    0x08006218   0x08006218   0x00000048   Code   RO         1277    .text               c_w.l(strcpy.o)
    0x08006260   0x08006260   0x0000003e   Code   RO         1279    .text               c_w.l(strlen.o)
    0x0800629e   0x0800629e   0x0000008a   Code   RO         1281    .text               c_w.l(rt_memcpy_v6.o)
    0x08006328   0x08006328   0x00000010   Code   RO         1285    .text               c_w.l(aeabi_memset.o)
    0x08006338   0x08006338   0x0000004e   Code   RO         1287    .text               c_w.l(rt_memclr_w.o)
    0x08006386   0x08006386   0x00000006   Code   RO         1291    .text               c_w.l(heapauxi.o)
    0x0800638c   0x0800638c   0x00000002   Code   RO         1355    .text               c_w.l(use_no_semi.o)
    0x0800638e   0x0800638e   0x000000b2   Code   RO         1364    .text               c_w.l(_printf_intcommon.o)
    0x08006440   0x08006440   0x00000030   Code   RO         1368    .text               c_w.l(_printf_char_common.o)
    0x08006470   0x08006470   0x0000000a   Code   RO         1370    .text               c_w.l(_sputc.o)
    0x0800647a   0x0800647a   0x0000002c   Code   RO         1372    .text               c_w.l(_printf_char.o)
    0x080064a6   0x080064a6   0x00000002   PAD
    0x080064a8   0x080064a8   0x00000024   Code   RO         1374    .text               c_w.l(_printf_char_file.o)
    0x080064cc   0x080064cc   0x00000064   Code   RO         1427    .text               c_w.l(rt_memcpy_w.o)
    0x08006530   0x08006530   0x00000044   Code   RO         1429    .text               c_w.l(rt_memclr.o)
    0x08006574   0x08006574   0x00000008   Code   RO         1512    .text               c_w.l(ferror.o)
    0x0800657c   0x0800657c   0x00000008   Code   RO         1526    .text               c_w.l(libspace.o)
    0x08006584   0x08006584   0x0000004a   Code   RO         1529    .text               c_w.l(sys_stackheap_outer.o)
    0x080065ce   0x080065ce   0x00000012   Code   RO         1568    .text               c_w.l(exit.o)
    0x080065e0   0x080065e0   0x0000000e   Code   RO         1262    i._is_digit         c_w.l(__printf_wp.o)
    0x080065ee   0x080065ee   0x00000002   PAD
    0x080065f0   0x080065f0   0x00000150   Code   RO         1297    x$fpl$dadd          fz_ws.l(daddsub_clz.o)
    0x08006740   0x08006740   0x000002b0   Code   RO         1304    x$fpl$ddiv          fz_ws.l(ddiv.o)
    0x080069f0   0x080069f0   0x0000005e   Code   RO         1307    x$fpl$dfix          fz_ws.l(dfix.o)
    0x08006a4e   0x08006a4e   0x00000002   PAD
    0x08006a50   0x08006a50   0x00000154   Code   RO         1323    x$fpl$dmul          fz_ws.l(dmul.o)
    0x08006ba4   0x08006ba4   0x0000009c   Code   RO         1435    x$fpl$dnaninf       fz_ws.l(dnaninf.o)
    0x08006c40   0x08006c40   0x0000000c   Code   RO         1437    x$fpl$dretinf       fz_ws.l(dretinf.o)
    0x08006c4c   0x08006c4c   0x000001d4   Code   RO         1299    x$fpl$dsub          fz_ws.l(daddsub_clz.o)
    0x08006e20   0x08006e20   0x00000056   Code   RO         1327    x$fpl$f2d           fz_ws.l(f2d.o)
    0x08006e76   0x08006e76   0x00000002   PAD
    0x08006e78   0x08006e78   0x000000c4   Code   RO         1329    x$fpl$fadd          fz_ws.l(faddsub_clz.o)
    0x08006f3c   0x08006f3c   0x0000000c   Code   RO         1441    x$fpl$fcheck1       fz_ws.l(fcheck1.o)
    0x08006f48   0x08006f48   0x00000026   Code   RO         1335    x$fpl$ffltu         fz_ws.l(fflt_clz.o)
    0x08006f6e   0x08006f6e   0x00000002   PAD
    0x08006f70   0x08006f70   0x00000102   Code   RO         1341    x$fpl$fmul          fz_ws.l(fmul.o)
    0x08007072   0x08007072   0x0000008c   Code   RO         1443    x$fpl$fnaninf       fz_ws.l(fnaninf.o)
    0x080070fe   0x080070fe   0x0000000a   Code   RO         1445    x$fpl$fretinf       fz_ws.l(fretinf.o)
    0x08007108   0x08007108   0x000000ea   Code   RO         1331    x$fpl$fsub          fz_ws.l(faddsub_clz.o)
    0x080071f2   0x080071f2   0x00000064   Code   RO         1518    x$fpl$retnan        fz_ws.l(retnan.o)
    0x08007256   0x08007256   0x0000004c   Code   RO         1343    x$fpl$scalbnf       fz_ws.l(scalbnf.o)
    0x080072a2   0x080072a2   0x00000030   Code   RO         1580    x$fpl$trapveneer    fz_ws.l(trapv.o)
    0x080072d2   0x080072d2   0x00000000   Code   RO         1455    x$fpl$usenofp       fz_ws.l(usenofp.o)
    0x080072d2   0x080072d2   0x00000011   Data   RO         1270    .constdata          c_w.l(__printf_flags_ss_wp.o)
    0x080072e3   0x080072e3   0x00000001   PAD
    0x080072e4   0x080072e4   0x00000020   Data   RO         1707    Region$$Table       anon$$obj.o


    Execution Region RW_IRAM1 (Exec base: 0x20000000, Load base: 0x08007304, Size: 0x00004628, Max: 0x00005000, ABSOLUTE)

    Exec Addr    Load Addr    Size         Type   Attr      Idx    E Section Name        Object

    0x20000000   0x08007304   0x00000014   Data   RW          301    .data               stm32f10x_rcc.o
    0x20000014   0x08007318   0x00000001   Data   RW          389    .data               delay.o
    0x20000015   0x08007319   0x00000001   PAD
    0x20000016   0x0800731a   0x00000002   Data   RW          467    .data               usart.o
    0x20000018   0x0800731c   0x00000004   Data   RW          468    .data               usart.o
    0x2000001c   0x08007320   0x00000040   Data   RW          610    .data               tasks.o
    0x2000005c   0x08007360   0x00000014   Data   RW          642    .data               timers.o
    0x20000070   0x08007374   0x00000020   Data   RW          663    .data               heap_4.o
    0x20000090   0x08007394   0x0000000c   Data   RW          678    .data               port.o
    0x2000009c   0x080073a0   0x00000006   Data   RW          728    .data               led.o
    0x200000a2   0x080073a6   0x00000010   Data   RW          744    .data               key.o
    0x200000b2   0x080073b6   0x00000002   PAD
    0x200000b4   0x080073b8   0x00000004   Data   RW         1031    .data               main.o
    0x200000b8   0x080073bc   0x00000014   Data   RW         1188    .data               system_stm32f10x.o
    0x200000cc   0x080073d0   0x00000018   Data   RW         1207    .data               demo_task.o
    0x200000e4        -       0x000000c8   Zero   RW          466    .bss                usart.o
    0x200001ac        -       0x00000040   Zero   RW          557    .bss                queue.o
    0x200001ec        -       0x000002e4   Zero   RW          609    .bss                tasks.o
    0x200004d0        -       0x000000cc   Zero   RW          641    .bss                timers.o
    0x2000059c        -       0x00002800   Zero   RW          662    .bss                heap_4.o
    0x20002d9c        -       0x0000025c   Zero   RW         1030    .bss                main.o
    0x20002ff8        -       0x00000fcc   Zero   RW         1206    .bss                demo_task.o
    0x20003fc4        -       0x00000060   Zero   RW         1527    .bss                c_w.l(libspace.o)
    0x20004024   0x080073e8   0x00000004   PAD
    0x20004028        -       0x00000200   Zero   RW           18    HEAP                startup_stm32f10x_md.o
    0x20004228        -       0x00000400   Zero   RW           17    STACK               startup_stm32f10x_md.o


==============================================================================

Image component sizes


      Code (inc. data)   RO Data    RW Data    ZI Data      Debug   Object Name

       508         32          0          0          0       2274   adc.o
       396         22          0          0          0       2362   aht20.o
         0          0          0          0          0       4548   core_cm3.o
       164         14          0          1          0      16067   delay.o
       512        180          0         24       4044      11103   demo_task.o
         0          0          0          0          0      22404   event_groups.o
       668         76          0         32      10240       3914   heap_4.o
       388          8          0         16          0       2072   key.o
       332         12          0          6          0       2134   led.o
       100          6          0          0          0        691   light.o
       138          0          0          0          0       9766   list.o
       128         34          0          4        604      20932   main.o
       176         14          0          0          0     257349   misc.o
       100          4          0          0          0     219660   motor.o
       588          4          0          0          0       2772   myiic.o
       734        106          0         12          0       7607   port.o
       152          6          0          0          0        759   pwm.o
      3780         62          0          0         64      23356   queue.o
        64         26        236          0       1536        784   startup_stm32f10x_md.o
       816         24          0          0          0      11141   stm32f10x_adc.o
       620         36          0          0          0       5717   stm32f10x_gpio.o
        12          0          0          0          0        859   stm32f10x_it.o
       692         32          0         20          0       8832   stm32f10x_rcc.o
      2804         86          0          0          0      22838   stm32f10x_tim.o
       808         22          0          0          0       8636   stm32f10x_usart.o
       340         32          0         20          0       1659   system_stm32f10x.o
      7088        206          0         64        740      51497   tasks.o
       128          4          0          0          0        796   timer.o
      1508        100          0         20        204      16199   timers.o
       276         16          0          6        200       3086   usart.o

    ----------------------------------------------------------------------
     24024       1164        268        228      17632     741814   Object Totals
         0          0         32          0          0          0   (incl. Generated)
         4          0          0          3          0          0   (incl. Padding)

    ----------------------------------------------------------------------

      Code (inc. data)   RO Data    RW Data    ZI Data      Debug   Library Member Name

        24          4          0          0          0         84   __2printf.o
        44          6          0          0          0         84   __2sprintf.o
         8          0          0          0          0         68   __main.o
       392          4         17          0          0         92   __printf_flags_ss_wp.o
        14          0          0          0          0         68   __printf_wp.o
         0          0          0          0          0          0   __rtentry.o
        12          0          0          0          0          0   __rtentry2.o
         6          0          0          0          0          0   __rtentry4.o
        52          8          0          0          0          0   __scatter.o
        26          0          0          0          0          0   __scatter_copy.o
        28          0          0          0          0          0   __scatter_zi.o
         6          0          0          0          0          0   _printf_c.o
        44          0          0          0          0        108   _printf_char.o
        48          6          0          0          0         96   _printf_char_common.o
        36          4          0          0          0         80   _printf_char_file.o
         6          0          0          0          0          0   _printf_d.o
       120         16          0          0          0         92   _printf_dec.o
       178          0          0          0          0         88   _printf_intcommon.o
         0          0          0          0          0          0   _printf_percent.o
         4          0          0          0          0          0   _printf_percent_end.o
         6          0          0          0          0          0   _printf_s.o
        82          0          0          0          0         80   _printf_str.o
         6          0          0          0          0          0   _printf_u.o
        10          0          0          0          0         68   _sputc.o
        16          0          0          0          0         68   aeabi_memset.o
        18          0          0          0          0         80   exit.o
         8          0          0          0          0         68   ferror.o
         6          0          0          0          0        152   heapauxi.o
         2          0          0          0          0          0   libinit.o
         2          0          0          0          0          0   libinit2.o
         2          0          0          0          0          0   libshutdown.o
         2          0          0          0          0          0   libshutdown2.o
         8          4          0          0         96         68   libspace.o
        68          0          0          0          0         68   rt_memclr.o
        78          0          0          0          0         80   rt_memclr_w.o
       138          0          0          0          0         68   rt_memcpy_v6.o
       100          0          0          0          0         80   rt_memcpy_w.o
         2          0          0          0          0          0   rtexit.o
        10          0          0          0          0          0   rtexit2.o
        72          0          0          0          0         80   strcpy.o
        62          0          0          0          0         76   strlen.o
        74          0          0          0          0         80   sys_stackheap_outer.o
         2          0          0          0          0         68   use_no_semi.o
         2          0          0          0          0         68   use_no_semi_2.o
       804         16          0          0          0        272   daddsub_clz.o
       688        140          0          0          0        208   ddiv.o
        94          4          0          0          0         92   dfix.o
       340         12          0          0          0        104   dmul.o
       156          4          0          0          0         92   dnaninf.o
        12          0          0          0          0         68   dretinf.o
        86          4          0          0          0         84   f2d.o
       430          8          0          0          0        168   faddsub_clz.o
        12          4          0          0          0         68   fcheck1.o
        38          0          0          0          0         68   fflt_clz.o
       258          4          0          0          0         84   fmul.o
       140          4          0          0          0         84   fnaninf.o
        10          0          0          0          0         68   fretinf.o
       100          0          0          0          0         68   retnan.o
        76          0          0          0          0         68   scalbnf.o
        48          0          0          0          0         68   trapv.o
         0          0          0          0          0          0   usenofp.o

    ----------------------------------------------------------------------
      5134        252         18          0        100       3776   Library Totals
        18          0          1          0          4          0   (incl. Padding)

    ----------------------------------------------------------------------

      Code (inc. data)   RO Data    RW Data    ZI Data      Debug   Library Name

      1824         52         17          0         96       2112   c_w.l
      3292        200          0          0          0       1664   fz_ws.l

    ----------------------------------------------------------------------
      5134        252         18          0        100       3776   Library Totals

    ----------------------------------------------------------------------

==============================================================================


      Code (inc. data)   RO Data    RW Data    ZI Data      Debug   

     29158       1416        286        228      17732     740230   Grand Totals
     29158       1416        286        228      17732     740230   ELF Image Totals
     29158       1416        286        228          0          0   ROM Totals

==============================================================================

    Total RO  Size (Code + RO Data)                29444 (  28.75kB)
    Total RW  Size (RW Data + ZI Data)             17960 (  17.54kB)
    Total ROM Size (Code + RO Data + RW Data)      29672 (  28.98kB)

==============================================================================

