Component: ARM Compiler 5.06 update 7 (build 960) Tool: armlink [4d3601]

==============================================================================

Section Cross References

    startup_stm32f10x_md.o(STACK) refers (Special) to heapauxi.o(.text) for __use_two_region_memory
    startup_stm32f10x_md.o(HEAP) refers (Special) to heapauxi.o(.text) for __use_two_region_memory
    startup_stm32f10x_md.o(RESET) refers (Special) to heapauxi.o(.text) for __use_two_region_memory
    startup_stm32f10x_md.o(RESET) refers to startup_stm32f10x_md.o(STACK) for __initial_sp
    startup_stm32f10x_md.o(RESET) refers to startup_stm32f10x_md.o(.text) for Reset_Handler
    startup_stm32f10x_md.o(RESET) refers to stm32f10x_it.o(.text) for NMI_Handler
    startup_stm32f10x_md.o(RESET) refers to port.o(.emb_text) for SVC_Handler
    startup_stm32f10x_md.o(RESET) refers to delay.o(.text) for SysTick_Handler
    startup_stm32f10x_md.o(RESET) refers to timer.o(.text) for TIM3_IRQHandler
    startup_stm32f10x_md.o(RESET) refers to usart.o(.text) for USART1_IRQHandler
    startup_stm32f10x_md.o(.text) refers (Special) to heapauxi.o(.text) for __use_two_region_memory
    startup_stm32f10x_md.o(.text) refers to system_stm32f10x.o(.text) for SystemInit
    startup_stm32f10x_md.o(.text) refers to __main.o(!!!main) for __main
    startup_stm32f10x_md.o(.text) refers to startup_stm32f10x_md.o(HEAP) for Heap_Mem
    startup_stm32f10x_md.o(.text) refers to startup_stm32f10x_md.o(STACK) for Stack_Mem
    stm32f10x_adc.o(.text) refers to stm32f10x_rcc.o(.text) for RCC_APB2PeriphResetCmd
    stm32f10x_bkp.o(.text) refers to stm32f10x_rcc.o(.text) for RCC_BackupResetCmd
    stm32f10x_can.o(.text) refers to stm32f10x_rcc.o(.text) for RCC_APB1PeriphResetCmd
    stm32f10x_cec.o(.text) refers to stm32f10x_rcc.o(.text) for RCC_APB1PeriphResetCmd
    stm32f10x_dac.o(.text) refers to stm32f10x_rcc.o(.text) for RCC_APB1PeriphResetCmd
    stm32f10x_gpio.o(.text) refers to stm32f10x_rcc.o(.text) for RCC_APB2PeriphResetCmd
    stm32f10x_i2c.o(.text) refers to stm32f10x_rcc.o(.text) for RCC_APB1PeriphResetCmd
    stm32f10x_pwr.o(.text) refers to stm32f10x_rcc.o(.text) for RCC_APB1PeriphResetCmd
    stm32f10x_rcc.o(.text) refers to stm32f10x_rcc.o(.data) for .data
    stm32f10x_spi.o(.text) refers to stm32f10x_rcc.o(.text) for RCC_APB2PeriphResetCmd
    stm32f10x_tim.o(.text) refers to stm32f10x_rcc.o(.text) for RCC_APB1PeriphResetCmd
    stm32f10x_usart.o(.text) refers to stm32f10x_rcc.o(.text) for RCC_APB2PeriphResetCmd
    stm32f10x_wwdg.o(.text) refers to stm32f10x_rcc.o(.text) for RCC_APB1PeriphResetCmd
    delay.o(.text) refers to tasks.o(.text) for xTaskGetSchedulerState
    delay.o(.text) refers to port.o(.text) for xPortSysTickHandler
    delay.o(.text) refers to misc.o(.text) for SysTick_CLKSourceConfig
    delay.o(.text) refers to system_stm32f10x.o(.data) for SystemCoreClock
    delay.o(.text) refers to delay.o(.data) for .data
    usart.o(.text) refers (Special) to use_no_semi_2.o(.text) for __use_no_semihosting
    usart.o(.text) refers to stm32f10x_rcc.o(.text) for RCC_APB2PeriphClockCmd
    usart.o(.text) refers to stm32f10x_gpio.o(.text) for GPIO_Init
    usart.o(.text) refers to misc.o(.text) for NVIC_Init
    usart.o(.text) refers to stm32f10x_usart.o(.text) for USART_Init
    usart.o(.text) refers to usart.o(.data) for .data
    usart.o(.text) refers to usart.o(.bss) for .bss
    usart.o(.bss) refers (Special) to use_no_semi_2.o(.text) for __use_no_semihosting
    usart.o(.data) refers (Special) to use_no_semi_2.o(.text) for __use_no_semihosting
    usart.o(.data) refers (Special) to use_no_semi_2.o(.text) for __use_no_semihosting
    event_groups.o(.text) refers to _printf_percent.o(.ARM.Collect$$_printf_percent$$00000000) for _printf_percent
    event_groups.o(.text) refers to _printf_d.o(.ARM.Collect$$_printf_percent$$00000009) for _printf_d
    event_groups.o(.text) refers to _printf_s.o(.ARM.Collect$$_printf_percent$$00000014) for _printf_s
    event_groups.o(.text) refers to _printf_dec.o(.text) for _printf_int_dec
    event_groups.o(.text) refers to _printf_str.o(.text) for _printf_str
    event_groups.o(.text) refers to __2printf.o(.text) for __2printf
    event_groups.o(.text) refers to list.o(.text) for vListInitialise
    event_groups.o(.text) refers to heap_4.o(.text) for pvPortMalloc
    event_groups.o(.text) refers to tasks.o(.text) for vTaskSuspendAll
    event_groups.o(.text) refers to port.o(.text) for vPortEnterCritical
    event_groups.o(.text) refers to timers.o(.text) for xTimerPendFunctionCallFromISR
    queue.o(.text) refers to _printf_percent.o(.ARM.Collect$$_printf_percent$$00000000) for _printf_percent
    queue.o(.text) refers to _printf_d.o(.ARM.Collect$$_printf_percent$$00000009) for _printf_d
    queue.o(.text) refers to _printf_s.o(.ARM.Collect$$_printf_percent$$00000014) for _printf_s
    queue.o(.text) refers to _printf_dec.o(.text) for _printf_int_dec
[...]
    RCC_GetClocksFreq                        0x08000add   Thumb Code   128  stm32f10x_rcc.o(.text)
    RCC_AHBPeriphClockCmd                    0x08000b5d   Thumb Code    18  stm32f10x_rcc.o(.text)
    RCC_APB2PeriphClockCmd                   0x08000b6f   Thumb Code    18  stm32f10x_rcc.o(.text)
    RCC_APB1PeriphClockCmd                   0x08000b81   Thumb Code    18  stm32f10x_rcc.o(.text)
    RCC_APB2PeriphResetCmd                   0x08000b93   Thumb Code    18  stm32f10x_rcc.o(.text)
    RCC_APB1PeriphResetCmd                   0x08000ba5   Thumb Code    18  stm32f10x_rcc.o(.text)
    RCC_BackupResetCmd                       0x08000bb7   Thumb Code     8  stm32f10x_rcc.o(.text)
    RCC_ClockSecuritySystemCmd               0x08000bbf   Thumb Code     6  stm32f10x_rcc.o(.text)
    RCC_MCOConfig                            0x08000bc5   Thumb Code     6  stm32f10x_rcc.o(.text)
    RCC_ClearFlag                            0x08000bcb   Thumb Code    12  stm32f10x_rcc.o(.text)
    RCC_GetITStatus                          0x08000bd7   Thumb Code    16  stm32f10x_rcc.o(.text)
    RCC_ClearITPendingBit                    0x08000be7   Thumb Code     6  stm32f10x_rcc.o(.text)
    TIM_DeInit                               0x08000c0d   Thumb Code   304  stm32f10x_tim.o(.text)
    TIM_TimeBaseInit                         0x08000d3d   Thumb Code   114  stm32f10x_tim.o(.text)
    TIM_OC1Init                              0x08000daf   Thumb Code   106  stm32f10x_tim.o(.text)
    TIM_OC2Init                              0x08000e19   Thumb Code   120  stm32f10x_tim.o(.text)
    TIM_OC3Init                              0x08000e91   Thumb Code   116  stm32f10x_tim.o(.text)
    TIM_OC4Init                              0x08000f05   Thumb Code    90  stm32f10x_tim.o(.text)
    TIM_SetIC4Prescaler                      0x08000f5f   Thumb Code    24  stm32f10x_tim.o(.text)
    TIM_SetIC3Prescaler                      0x08000f77   Thumb Code    16  stm32f10x_tim.o(.text)
    TIM_SetIC2Prescaler                      0x08000f87   Thumb Code    24  stm32f10x_tim.o(.text)
    TIM_SetIC1Prescaler                      0x08001045   Thumb Code    16  stm32f10x_tim.o(.text)
    TIM_ICInit                               0x080010ad   Thumb Code   272  stm32f10x_tim.o(.text)
    TIM_PWMIConfig                           0x080011bd   Thumb Code   104  stm32f10x_tim.o(.text)
    TIM_BDTRConfig                           0x08001225   Thumb Code    34  stm32f10x_tim.o(.text)
    TIM_TimeBaseStructInit                   0x08001247   Thumb Code    18  stm32f10x_tim.o(.text)
    TIM_OCStructInit                         0x08001259   Thumb Code    20  stm32f10x_tim.o(.text)
    TIM_ICStructInit                         0x0800126d   Thumb Code    16  stm32f10x_tim.o(.text)
    TIM_BDTRStructInit                       0x0800127d   Thumb Code    18  stm32f10x_tim.o(.text)
    TIM_Cmd                                  0x0800128f   Thumb Code    20  stm32f10x_tim.o(.text)
    TIM_CtrlPWMOutputs                       0x080012a3   Thumb Code    22  stm32f10x_tim.o(.text)
    TIM_ITConfig                             0x080012b9   Thumb Code    16  stm32f10x_tim.o(.text)
    TIM_GenerateEvent                        0x080012c9   Thumb Code     4  stm32f10x_tim.o(.text)
    TIM_DMAConfig                            0x080012cd   Thumb Code     8  stm32f10x_tim.o(.text)
    TIM_DMACmd                               0x080012d5   Thumb Code    16  stm32f10x_tim.o(.text)
    TIM_InternalClockConfig                  0x080012e5   Thumb Code    10  stm32f10x_tim.o(.text)
    TIM_SelectInputTrigger                   0x080012ef   Thumb Code    12  stm32f10x_tim.o(.text)
    TIM_ITRxExternalClockConfig              0x080012fb   Thumb Code    18  stm32f10x_tim.o(.text)
    TIM_TIxExternalClockConfig               0x0800130d   Thumb Code    46  stm32f10x_tim.o(.text)
    TIM_ETRConfig                            0x0800133b   Thumb Code    24  stm32f10x_tim.o(.text)
    TIM_ETRClockMode1Config                  0x08001353   Thumb Code    18  stm32f10x_tim.o(.text)
    TIM_ETRClockMode2Config                  0x08001365   Thumb Code    18  stm32f10x_tim.o(.text)
    TIM_PrescalerConfig                      0x08001377   Thumb Code     6  stm32f10x_tim.o(.text)
    TIM_CounterModeConfig                    0x0800137d   Thumb Code    12  stm32f10x_tim.o(.text)
    TIM_EncoderInterfaceConfig               0x08001389   Thumb Code    50  stm32f10x_tim.o(.text)
    TIM_ForcedOC1Config                      0x080013bb   Thumb Code    12  stm32f10x_tim.o(.text)
    TIM_ForcedOC2Config                      0x080013c7   Thumb Code    20  stm32f10x_tim.o(.text)
    TIM_ForcedOC3Config                      0x080013db   Thumb Code    12  stm32f10x_tim.o(.text)
    TIM_ForcedOC4Config                      0x080013e7   Thumb Code    20  stm32f10x_tim.o(.text)
    TIM_ARRPreloadConfig                     0x080013fb   Thumb Code    20  stm32f10x_tim.o(.text)
    TIM_SelectCOM                            0x0800140f   Thumb Code    20  stm32f10x_tim.o(.text)
    TIM_SelectCCDMA                          0x08001423   Thumb Code    20  stm32f10x_tim.o(.text)
    TIM_CCPreloadControl                     0x08001437   Thumb Code    20  stm32f10x_tim.o(.text)
    TIM_OC1PreloadConfig                     0x0800144b   Thumb Code    34  stm32f10x_tim.o(.text)
    TIM_OC2PreloadConfig                     0x0800146d   Thumb Code    20  stm32f10x_tim.o(.text)
    TIM_OC3PreloadConfig                     0x08001481   Thumb Code    12  stm32f10x_tim.o(.text)
    TIM_OC4PreloadConfig                     0x0800148d   Thumb Code    20  stm32f10x_tim.o(.text)
    TIM_OC1FastConfig                        0x080014a1   Thumb Code    12  stm32f10x_tim.o(.text)
    TIM_OC2FastConfig                        0x080014ad   Thumb Code    20  stm32f10x_tim.o(.text)
    TIM_OC3FastConfig                        0x080014c1   Thumb Code    12  stm32f10x_tim.o(.text)
    TIM_OC4FastConfig                        0x080014cd   Thumb Code    20  stm32f10x_tim.o(.text)
    TIM_ClearOC1Ref                          0x080014e1   Thumb Code    12  stm32f10x_tim.o(.text)
    TIM_ClearOC2Ref                          0x080014ed   Thumb Code    20  stm32f10x_tim.o(.text)
    TIM_ClearOC3Ref                          0x08001501   Thumb Code    12  stm32f10x_tim.o(.text)
    TIM_ClearOC4Ref                          0x0800150d   Thumb Code    20  stm32f10x_tim.o(.text)
    TIM_OC1PolarityConfig                    0x08001521   Thumb Code    12  stm32f10x_tim.o(.text)
    TIM_OC1NPolarityConfig                   0x0800152d   Thumb Code    12  stm32f10x_tim.o(.text)
    TIM_OC2PolarityConfig                    0x08001539   Thumb Code    20  stm32f10x_tim.o(.text)
    TIM_OC2NPolarityConfig                   0x0800154d   Thumb Code    20  stm32f10x_tim.o(.text)
    TIM_OC3PolarityConfig                    0x08001561   Thumb Code    20  stm32f10x_tim.o(.text)
    TIM_OC3NPolarityConfig                   0x08001575   Thumb Code    20  stm32f10x_tim.o(.text)
    TIM_OC4PolarityConfig                    0x08001589   Thumb Code    20  stm32f10x_tim.o(.text)
    TIM_CCxCmd                               0x0800159d   Thumb Code    22  stm32f10x_tim.o(.text)
    TIM_CCxNCmd                              0x080015b3   Thumb Code    22  stm32f10x_tim.o(.text)
    TIM_SelectOCxM                           0x080015c9   Thumb Code    70  stm32f10x_tim.o(.text)
    TIM_UpdateDisableConfig                  0x0800160f   Thumb Code    20  stm32f10x_tim.o(.text)
    TIM_UpdateRequestConfig                  0x08001623   Thumb Code    20  stm32f10x_tim.o(.text)
    TIM_SelectHallSensor                     0x08001637   Thumb Code    20  stm32f10x_tim.o(.text)
    TIM_SelectOnePulseMode                   0x0800164b   Thumb Code    16  stm32f10x_tim.o(.text)
    TIM_SelectOutputTrigger                  0x0800165b   Thumb Code    16  stm32f10x_tim.o(.text)
    TIM_SelectSlaveMode                      0x0800166b   Thumb Code    16  stm32f10x_tim.o(.text)
    TIM_SelectMasterSlaveMode                0x0800167b   Thumb Code    16  stm32f10x_tim.o(.text)
    TIM_SetCounter                           0x0800168b   Thumb Code     4  stm32f10x_tim.o(.text)
    TIM_SetAutoreload                        0x0800168f   Thumb Code     4  stm32f10x_tim.o(.text)
    TIM_SetCompare1                          0x08001693   Thumb Code     4  stm32f10x_tim.o(.text)
    TIM_SetCompare2                          0x08001697   Thumb Code     4  stm32f10x_tim.o(.text)
    TIM_SetCompare3                          0x0800169b   Thumb Code     4  stm32f10x_tim.o(.text)
    TIM_SetCompare4                          0x0800169f   Thumb Code     6  stm32f10x_tim.o(.text)
    TIM_SetClockDivision                     0x080016a5   Thumb Code    16  stm32f10x_tim.o(.text)
    TIM_GetCapture1                          0x080016b5   Thumb Code     4  stm32f10x_tim.o(.text)
    TIM_GetCapture2                          0x080016b9   Thumb Code     4  stm32f10x_tim.o(.text)
    TIM_GetCapture3                          0x080016bd   Thumb Code     4  stm32f10x_tim.o(.text)
    TIM_GetCapture4                          0x080016c1   Thumb Code     6  stm32f10x_tim.o(.text)
    TIM_GetCounter                           0x080016c7   Thumb Code     4  stm32f10x_tim.o(.text)
    TIM_GetPrescaler                         0x080016cb   Thumb Code     4  stm32f10x_tim.o(.text)
    TIM_GetFlagStatus                        0x080016cf   Thumb Code    14  stm32f10x_tim.o(.text)
    TIM_ClearFlag                            0x080016dd   Thumb Code     6  stm32f10x_tim.o(.text)
    TIM_GetITStatus                          0x080016e3   Thumb Code    24  stm32f10x_tim.o(.text)
    TIM_ClearITPendingBit                    0x080016fb   Thumb Code     6  stm32f10x_tim.o(.text)
    USART_DeInit                             0x08001701   Thumb Code    96  stm32f10x_usart.o(.text)
    USART_Init                               0x08001761   Thumb Code   166  stm32f10x_usart.o(.text)
    USART_StructInit                         0x08001807   Thumb Code    22  stm32f10x_usart.o(.text)
    USART_ClockInit                          0x0800181d   Thumb Code    30  stm32f10x_usart.o(.text)
    USART_ClockStructInit                    0x0800183b   Thumb Code    12  stm32f10x_usart.o(.text)
    USART_Cmd                                0x08001847   Thumb Code    20  stm32f10x_usart.o(.text)
    USART_ITConfig                           0x0800185b   Thumb Code    48  stm32f10x_usart.o(.text)
    USART_DMACmd                             0x0800188b   Thumb Code    16  stm32f10x_usart.o(.text)
    USART_SetAddress                         0x0800189b   Thumb Code    16  stm32f10x_usart.o(.text)
    USART_WakeUpConfig                       0x080018ab   Thumb Code    16  stm32f10x_usart.o(.text)
    USART_ReceiverWakeUpCmd                  0x080018bb   Thumb Code    20  stm32f10x_usart.o(.text)
    USART_LINBreakDetectLengthConfig         0x080018cf   Thumb Code    16  stm32f10x_usart.o(.text)
    USART_LINCmd                             0x080018df   Thumb Code    20  stm32f10x_usart.o(.text)
    USART_SendData                           0x080018f3   Thumb Code     8  stm32f10x_usart.o(.text)
    USART_ReceiveData                        0x080018fb   Thumb Code     8  stm32f10x_usart.o(.text)
    USART_SendBreak                          0x08001903   Thumb Code    10  stm32f10x_usart.o(.text)
    USART_SetGuardTime                       0x0800190d   Thumb Code    16  stm32f10x_usart.o(.text)
    USART_SetPrescaler                       0x0800191d   Thumb Code    16  stm32f10x_usart.o(.text)
    USART_SmartCardCmd                       0x0800192d   Thumb Code    20  stm32f10x_usart.o(.text)
    USART_SmartCardNACKCmd                   0x08001941   Thumb Code    20  stm32f10x_usart.o(.text)
    USART_HalfDuplexCmd                      0x08001955   Thumb Code    20  stm32f10x_usart.o(.text)
    USART_OverSampling8Cmd                   0x08001969   Thumb Code    20  stm32f10x_usart.o(.text)
    USART_OneBitMethodCmd                    0x0800197d   Thumb Code    20  stm32f10x_usart.o(.text)
    USART_IrDAConfig                         0x08001991   Thumb Code    16  stm32f10x_usart.o(.text)
    USART_IrDACmd                            0x080019a1   Thumb Code    20  stm32f10x_usart.o(.text)
    USART_GetFlagStatus                      0x080019b5   Thumb Code    14  stm32f10x_usart.o(.text)
    USART_ClearFlag                          0x080019c3   Thumb Code     6  stm32f10x_usart.o(.text)
    USART_GetITStatus                        0x080019c9   Thumb Code    62  stm32f10x_usart.o(.text)
    USART_ClearITPendingBit                  0x08001a07   Thumb Code    12  stm32f10x_usart.o(.text)
    SysTick_Handler                          0x08001a29   Thumb Code    20  delay.o(.text)
    Delay_Init                               0x08001a3d   Thumb Code    56  delay.o(.text)
    Delay_us                                 0x08001a75   Thumb Code    48  delay.o(.text)
    Delay_ms                                 0x08001aa5   Thumb Code    26  delay.o(.text)
    _sys_exit                                0x08001acd   Thumb Code     2  usart.o(.text)
    fputc                                    0x08001acf   Thumb Code    18  usart.o(.text)
    Uart_Init                                0x08001ae1   Thumb Code   152  usart.o(.text)
    USART1_IRQHandler                        0x08001b79   Thumb Code    88  usart.o(.text)
    vListInitialise                          0x08001be1   Thumb Code    22  list.o(.text)
    vListInitialiseItem                      0x08001bf7   Thumb Code     6  list.o(.text)
    vListInsertEnd                           0x08001bfd   Thumb Code    24  list.o(.text)
    vListInsert                              0x08001c15   Thumb Code    48  list.o(.text)
    uxListRemove                             0x08001c45   Thumb Code    38  list.o(.text)
    xQueueGenericReset                       0x08001c6d   Thumb Code   166  queue.o(.text)
    xQueueGenericCreateStatic                0x08001d13   Thumb Code    94  queue.o(.text)
    xQueueGenericCreate                      0x08001d71   Thumb Code    84  queue.o(.text)
    xQueueGenericSend                        0x08001f19   Thumb Code   356  queue.o(.text)
    xQueueCreateMutex                        0x0800207d   Thumb Code    22  queue.o(.text)
    xQueueCreateMutexStatic                  0x08002093   Thumb Code    78  queue.o(.text)
    xQueueGiveMutexRecursive                 0x080020e1   Thumb Code    60  queue.o(.text)
    xQueueSemaphoreTake                      0x0800211d   Thumb Code   372  queue.o(.text)
    xQueueTakeMutexRecursive                 0x08002291   Thumb Code    64  queue.o(.text)
    xQueueCreateCountingSemaphoreStatic      0x080022d1   Thumb Code    54  queue.o(.text)
    xQueueCreateCountingSemaphore            0x08002307   Thumb Code    48  queue.o(.text)
    xQueueGenericSendFromISR                 0x08002337   Thumb Code   226  queue.o(.text)
    xQueueGiveFromISR                        0x08002419   Thumb Code   186  queue.o(.text)
    xQueueReceive                            0x080024f9   Thumb Code   304  queue.o(.text)
    xQueuePeek                               0x08002629   Thumb Code   296  queue.o(.text)
    xQueueReceiveFromISR                     0x08002751   Thumb Code   168  queue.o(.text)
    xQueuePeekFromISR                        0x080027f9   Thumb Code   114  queue.o(.text)
    uxQueueMessagesWaiting                   0x0800286b   Thumb Code    36  queue.o(.text)
    uxQueueSpacesAvailable                   0x0800288f   Thumb Code    40  queue.o(.text)
    uxQueueMessagesWaitingFromISR            0x080028b7   Thumb Code    26  queue.o(.text)
    vQueueUnregisterQueue                    0x080028d1   Thumb Code    60  queue.o(.text)
    vQueueDelete                             0x0800290d   Thumb Code    48  queue.o(.text)
    uxQueueGetQueueNumber                    0x0800293d   Thumb Code     4  queue.o(.text)
    vQueueSetQueueNumber                     0x08002941   Thumb Code     4  queue.o(.text)
    ucQueueGetQueueType                      0x08002945   Thumb Code     6  queue.o(.text)
    xQueueIsQueueEmptyFromISR                0x0800294b   Thumb Code    34  queue.o(.text)
    xQueueIsQueueFullFromISR                 0x0800296d   Thumb Code    38  queue.o(.text)
    vQueueAddToRegistry                      0x08002993   Thumb Code    80  queue.o(.text)
    pcQueueGetName                           0x080029e3   Thumb Code    56  queue.o(.text)
    vQueueWaitForMessageRestricted           0x08002a1b   Thumb Code    78  queue.o(.text)
    xQueueCreateSet                          0x08002a69   Thumb Code     8  queue.o(.text)
    xQueueAddToSet                           0x08002a71   Thumb Code    34  queue.o(.text)
    xQueueRemoveFromSet                      0x08002a93   Thumb Code    34  queue.o(.text)
    xQueueSelectFromSet                      0x08002ab5   Thumb Code    18  queue.o(.text)
    xQueueSelectFromSetFromISR               0x08002ac7   Thumb Code    18  queue.o(.text)
    xTaskCreateStatic                        0x08002cc5   Thumb Code   106  tasks.o(.text)
    xTaskCreate                              0x08002d2f   Thumb Code    88  tasks.o(.text)
    vTaskDelete                              0x08002dbb   Thumb Code   160  tasks.o(.text)
    xTaskIncrementTick                       0x08002e5b   Thumb Code   368  tasks.o(.text)
    xTaskResumeAll                           0x08002fcb   Thumb Code   282  tasks.o(.text)
    vTaskSuspendAll                          0x0800316d   Thumb Code    10  tasks.o(.text)
    xTaskDelayUntil                          0x08003177   Thumb Code   140  tasks.o(.text)
    vTaskDelay                               0x08003203   Thumb Code    66  tasks.o(.text)
    eTaskGetState                            0x08003245   Thumb Code   106  tasks.o(.text)
    uxTaskPriorityGet                        0x080032af   Thumb Code    24  tasks.o(.text)
    uxTaskPriorityGetFromISR                 0x080032c7   Thumb Code    40  tasks.o(.text)
    vTaskPrioritySet                         0x080032ef   Thumb Code   234  tasks.o(.text)
    vTaskSwitchContext                       0x080033d9   Thumb Code    84  tasks.o(.text)
    vTaskSuspend                             0x0800342d   Thumb Code   168  tasks.o(.text)
    vTaskResume                              0x08003505   Thumb Code   154  tasks.o(.text)
    xTaskResumeFromISR                       0x0800359f   Thumb Code   176  tasks.o(.text)
    vTaskStartScheduler                      0x0800369f   Thumb Code   116  tasks.o(.text)
    vTaskEndScheduler                        0x08003713   Thumb Code    24  tasks.o(.text)
    xTaskGetTickCount                        0x0800372b   Thumb Code     6  tasks.o(.text)
    xTaskGetTickCountFromISR                 0x08003731   Thumb Code    12  tasks.o(.text)
    uxTaskGetNumberOfTasks                   0x0800373d   Thumb Code     6  tasks.o(.text)
    pcTaskGetName                            0x08003743   Thumb Code    38  tasks.o(.text)
    xTaskGetHandle                           0x080037df   Thumb Code   120  tasks.o(.text)
    vTaskGetInfo                             0x08003857   Thumb Code   108  tasks.o(.text)
    uxTaskGetSystemState                     0x0800391b   Thumb Code   156  tasks.o(.text)
    xTaskGetIdleTaskHandle                   0x080039b7   Thumb Code    28  tasks.o(.text)
    xTaskCatchUpTicks                        0x080039d3   Thumb Code    44  tasks.o(.text)
    xTaskAbortDelay                          0x080039ff   Thumb Code   166  tasks.o(.text)
    vTaskPlaceOnEventList                    0x08003aa5   Thumb Code    48  tasks.o(.text)
    vTaskPlaceOnUnorderedEventList           0x08003ad5   Thumb Code   106  tasks.o(.text)
    vTaskPlaceOnEventListRestricted          0x08003b3f   Thumb Code    82  tasks.o(.text)
    xTaskRemoveFromEventList                 0x08003b91   Thumb Code   224  tasks.o(.text)
    vTaskRemoveFromUnorderedEventList        0x08003c71   Thumb Code   196  tasks.o(.text)
    vTaskSetTimeOutState                     0x08003d35   Thumb Code    44  tasks.o(.text)
    vTaskInternalSetTimeOutState             0x08003d61   Thumb Code    12  tasks.o(.text)
    xTaskCheckForTimeOut                     0x08003d6d   Thumb Code   134  tasks.o(.text)
    vTaskMissedYield                         0x08003df3   Thumb Code     8  tasks.o(.text)
    uxTaskGetTaskNumber                      0x08003dfb   Thumb Code     8  tasks.o(.text)
    vTaskSetTaskNumber                       0x08003e03   Thumb Code     8  tasks.o(.text)
    uxTaskGetStackHighWaterMark              0x08003e0b   Thumb Code    12  tasks.o(.text)
    xTaskGetCurrentTaskHandle                0x08003e17   Thumb Code     6  tasks.o(.text)
    xTaskGetSchedulerState                   0x08003e1d   Thumb Code    22  tasks.o(.text)
    xTaskPriorityInherit                     0x08003e33   Thumb Code   168  tasks.o(.text)
    xTaskPriorityDisinherit                  0x08003edb   Thumb Code   174  tasks.o(.text)
    vTaskPriorityDisinheritAfterTimeout      0x08003f89   Thumb Code   204  tasks.o(.text)
    vTaskList                                0x08004055   Thumb Code   176  tasks.o(.text)
    uxTaskResetEventItemValue                0x08004105   Thumb Code    20  tasks.o(.text)
    pvTaskIncrementMutexHeldCount            0x08004119   Thumb Code    18  tasks.o(.text)
    ulTaskGenericNotifyTake                  0x0800412b   Thumb Code   136  tasks.o(.text)
    xTaskGenericNotifyWait                   0x080041b3   Thumb Code   172  tasks.o(.text)
    xTaskGenericNotify                       0x0800425f   Thumb Code   310  tasks.o(.text)
    xTaskGenericNotifyFromISR                0x08004395   Thumb Code   396  tasks.o(.text)
    vTaskGenericNotifyGiveFromISR            0x08004521   Thumb Code   282  tasks.o(.text)
    xTaskGenericNotifyStateClear             0x0800463b   Thumb Code    64  tasks.o(.text)
    ulTaskGenericNotifyValueClear            0x0800467b   Thumb Code    40  tasks.o(.text)
    xTimerCreateTimerTask                    0x080048e9   Thumb Code    80  timers.o(.text)
    xTimerCreate                             0x0800497f   Thumb Code    52  timers.o(.text)
    xTimerCreateStatic                       0x080049b3   Thumb Code    44  timers.o(.text)
    xTimerGenericCommand                     0x080049df   Thumb Code    96  timers.o(.text)
    xTimerGetTimerDaemonTaskHandle           0x08004a3f   Thumb Code    24  timers.o(.text)
    xTimerGetPeriod                          0x08004a57   Thumb Code    22  timers.o(.text)
    vTimerSetReloadMode                      0x08004a6d   Thumb Code    50  timers.o(.text)
    uxTimerGetReloadMode                     0x08004a9f   Thumb Code   126  timers.o(.text)
    xTimerGetExpiryTime                      0x08004b1d   Thumb Code    26  timers.o(.text)
    pcTimerGetName                           0x08004b37   Thumb Code    26  timers.o(.text)
    xTimerIsTimerActive                      0x08004b51   Thumb Code    48  timers.o(.text)
    pvTimerGetTimerID                        0x08004b81   Thumb Code    36  timers.o(.text)
    vTimerSetTimerID                         0x08004ba5   Thumb Code    38  timers.o(.text)
    xTimerPendFunctionCallFromISR            0x08004bcb   Thumb Code    34  timers.o(.text)
    xTimerPendFunctionCall                   0x08004bed   Thumb Code    62  timers.o(.text)
    uxTimerGetTimerNumber                    0x08004c2b   Thumb Code     4  timers.o(.text)
    vTimerSetTimerNumber                     0x08004c2f   Thumb Code     4  timers.o(.text)
    pvPortMalloc                             0x08004d0d   Thumb Code   232  heap_4.o(.text)
    vPortFree                                0x08004df5   Thumb Code   102  heap_4.o(.text)
    xPortGetFreeHeapSize                     0x08004e5b   Thumb Code     8  heap_4.o(.text)
    xPortGetMinimumEverFreeHeapSize          0x08004e63   Thumb Code     8  heap_4.o(.text)
    vPortInitialiseBlocks                    0x08004e6b   Thumb Code     2  heap_4.o(.text)
    vPortGetHeapStats                        0x08004e6d   Thumb Code   102  heap_4.o(.text)
    pxPortInitialiseStack                    0x08004f83   Thumb Code    32  port.o(.text)
    vPortSetupTimerInterrupt                 0x08004fa3   Thumb Code    32  port.o(.text)
    xPortStartScheduler                      0x08004fc3   Thumb Code   170  port.o(.text)
    vPortEndScheduler                        0x0800506d   Thumb Code    24  port.o(.text)
    vPortEnterCritical                       0x08005085   Thumb Code    52  port.o(.text)
    vPortExitCritical                        0x080050b9   Thumb Code    34  port.o(.text)
    xPortSysTickHandler                      0x080050db   Thumb Code    40  port.o(.text)
    vPortValidateInterruptPriority           0x08005103   Thumb Code    72  port.o(.text)
    TIM3_Int_Init                            0x080051a9   Thumb Code    86  timer.o(.text)
    TIM3_IRQHandler                          0x080051ff   Thumb Code    38  timer.o(.text)
    LED_Init                                 0x08005229   Thumb Code    50  led.o(.text)
    LED1_SetMode                             0x0800525b   Thumb Code    16  led.o(.text)
    LED2_SetMode                             0x0800526b   Thumb Code    16  led.o(.text)
    LED1_ON                                  0x0800527b   Thumb Code    10  led.o(.text)
    LED1_OFF                                 0x08005285   Thumb Code    10  led.o(.text)
    LED2_ON                                  0x0800528f   Thumb Code    10  led.o(.text)
    LED2_OFF                                 0x08005299   Thumb Code    10  led.o(.text)
    LED_Tick                                 0x080052a3   Thumb Code   208  led.o(.text)
    Key_Init                                 0x0800537d   Thumb Code    84  key.o(.text)
    Key_GetNum                               0x080053d1   Thumb Code    14  key.o(.text)
    Key_GetState                             0x080053df   Thumb Code    50  key.o(.text)
    Key_Tick                                 0x08005411   Thumb Code   260  key.o(.text)
    Motor_Init                               0x08005525   Thumb Code    42  motor.o(.text)
    Motor_SetSpeed                           0x0800554f   Thumb Code    54  motor.o(.text)
    PWM_Init                                 0x08005589   Thumb Code   136  pwm.o(.text)
    PWM_SetCompare2                          0x08005611   Thumb Code    10  pwm.o(.text)
    OLED_W_SCL                               0x08005621   Thumb Code    12  oled.o(.text)
    OLED_W_SDA                               0x0800562d   Thumb Code    12  oled.o(.text)
    OLED_GPIO_Init                           0x08005639   Thumb Code    88  oled.o(.text)
    OLED_I2C_Start                           0x08005691   Thumb Code    28  oled.o(.text)
    OLED_I2C_Stop                            0x080056ad   Thumb Code    22  oled.o(.text)
    OLED_I2C_SendByte                        0x080056c3   Thumb Code    58  oled.o(.text)
    OLED_WriteCommand                        0x080056fd   Thumb Code    32  oled.o(.text)
    OLED_WriteData                           0x0800571d   Thumb Code    46  oled.o(.text)
    OLED_SetCursor                           0x0800574b   Thumb Code    32  oled.o(.text)
    OLED_Update                              0x0800576b   Thumb Code    34  oled.o(.text)
    OLED_Clear                               0x0800578d   Thumb Code    34  oled.o(.text)
    OLED_Init                                0x080057af   Thumb Code   154  oled.o(.text)
    OLED_Pow                                 0x08005849   Thumb Code    14  oled.o(.text)
    OLED_pnpoly                              0x08005857   Thumb Code   118  oled.o(.text)
    OLED_IsInAngle                           0x080058cd   Thumb Code    82  oled.o(.text)
    OLED_UpdateArea                          0x0800591f   Thumb Code    90  oled.o(.text)
    OLED_ClearArea                           0x08005979   Thumb Code    86  oled.o(.text)
    OLED_Reverse                             0x080059cf   Thumb Code    36  oled.o(.text)
    OLED_ReverseArea                         0x080059f3   Thumb Code   106  oled.o(.text)
    OLED_ShowImage                           0x08005a5d   Thumb Code   182  oled.o(.text)
    OLED_ShowChar                            0x08005b13   Thumb Code    54  oled.o(.text)
    OLED_ShowString                          0x08005b49   Thumb Code    42  oled.o(.text)
    OLED_ShowNum                             0x08005b73   Thumb Code    68  oled.o(.text)
    OLED_ShowSignedNum                       0x08005bb7   Thumb Code    92  oled.o(.text)
    OLED_ShowHexNum                          0x08005c13   Thumb Code    72  oled.o(.text)
    OLED_ShowBinNum                          0x08005c5b   Thumb Code    62  oled.o(.text)
    OLED_ShowFloatNum                        0x08005c99   Thumb Code   190  oled.o(.text)
    OLED_ShowChinese                         0x08005d57   Thumb Code   132  oled.o(.text)
    OLED_Printf                              0x08005ddb   Thumb Code    42  oled.o(.text)
    OLED_DrawPoint                           0x08005e05   Thumb Code    48  oled.o(.text)
    OLED_GetPoint                            0x08005e35   Thumb Code    52  oled.o(.text)
    OLED_DrawLine                            0x08005e69   Thumb Code   252  oled.o(.text)
    OLED_DrawRectangle                       0x08005f65   Thumb Code   120  oled.o(.text)
    OLED_DrawTriangle                        0x08005fdd   Thumb Code   194  oled.o(.text)
    OLED_DrawCircle                          0x0800609f   Thumb Code   328  oled.o(.text)
    OLED_DrawEllipse                         0x080061e7   Thumb Code   656  oled.o(.text)
    OLED_DrawArc                             0x08006477   Thumb Code   592  oled.o(.text)
    Light_Init                               0x080066c9   Thumb Code    36  light.o(.text)
    Light_Get_Val                            0x080066ed   Thumb Code    58  light.o(.text)
    T_Adc_Init                               0x0800672d   Thumb Code   114  adc.o(.text)
    T_Get_Adc                                0x0800679f   Thumb Code    46  adc.o(.text)
    T_Get_Temp                               0x080067cd   Thumb Code    38  adc.o(.text)
    T_Get_Adc_Average                        0x080067f3   Thumb Code    46  adc.o(.text)
    Get_Temprate                             0x08006821   Thumb Code    72  adc.o(.text)
    Adc3_Init                                0x08006869   Thumb Code   114  adc.o(.text)
    Get_Adc3                                 0x080068db   Thumb Code    46  adc.o(.text)
    atk_aht20_read_nbytes                    0x08006929   Thumb Code    66  aht20.o(.text)
    atk_aht20_read_status                    0x0800696b   Thumb Code    16  aht20.o(.text)
    atk_aht20_check                          0x0800697b   Thumb Code    18  aht20.o(.text)
    atk_aht20_write_nbytes                   0x0800698d   Thumb Code    82  aht20.o(.text)
    Aht20_Init                               0x080069df   Thumb Code    42  aht20.o(.text)
    atk_aht20_read_data                      0x08006a09   Thumb Code   150  aht20.o(.text)
    iic_stop                                 0x08006ab5   Thumb Code    60  myiic.o(.text)
    iic_init                                 0x08006af1   Thumb Code    74  myiic.o(.text)
    iic_start                                0x08006b3b   Thumb Code    70  myiic.o(.text)
    iic_wait_ack                             0x08006b81   Thumb Code   100  myiic.o(.text)
    iic_ack                                  0x08006be5   Thumb Code    78  myiic.o(.text)
    iic_nack                                 0x08006c33   Thumb Code    58  myiic.o(.text)
    iic_send_byte                            0x08006c6d   Thumb Code    92  myiic.o(.text)
    iic_read_byte                            0x08006cc9   Thumb Code   100  myiic.o(.text)
    main                                     0x08006d31   Thumb Code    42  main.o(.text)
    NMI_Handler                              0x08006e09   Thumb Code     2  stm32f10x_it.o(.text)
    HardFault_Handler                        0x08006e0b   Thumb Code     2  stm32f10x_it.o(.text)
    MemManage_Handler                        0x08006e0d   Thumb Code     2  stm32f10x_it.o(.text)
    BusFault_Handler                         0x08006e0f   Thumb Code     2  stm32f10x_it.o(.text)
    UsageFault_Handler                       0x08006e11   Thumb Code     2  stm32f10x_it.o(.text)
    DebugMon_Handler                         0x08006e13   Thumb Code     2  stm32f10x_it.o(.text)
    SystemInit                               0x08006eb5   Thumb Code    64  system_stm32f10x.o(.text)
    SystemCoreClockUpdate                    0x08006ef5   Thumb Code    84  system_stm32f10x.o(.text)
    vApplicationGetIdleTaskMemory            0x08006f69   Thumb Code    16  demo_task.o(.text)
    vApplicationGetTimerTaskMemory           0x08006f79   Thumb Code    18  demo_task.o(.text)
    Light_task                               0x08006f8b   Thumb Code    46  demo_task.o(.text)
    Aht20_task                               0x08006fb9   Thumb Code   158  demo_task.o(.text)
    MotorSpeed_task                          0x08007057   Thumb Code   116  demo_task.o(.text)
    LED_Turn_task                            0x080070cb   Thumb Code   128  demo_task.o(.text)
    Start_Task                               0x0800714b   Thumb Code   140  demo_task.o(.text)
    __use_no_semihosting                     0x08007329   Thumb Code     2  use_no_semi_2.o(.text)
    vsprintf                                 0x0800732d   Thumb Code    32  vsprintf.o(.text)
    __2printf                                0x08007351   Thumb Code    20  __2printf.o(.text)
    __2sprintf                               0x08007369   Thumb Code    38  __2sprintf.o(.text)
    _printf_str                              0x08007395   Thumb Code    82  _printf_str.o(.text)
    _printf_int_dec                          0x080073e9   Thumb Code   104  _printf_dec.o(.text)
    __printf                                 0x08007461   Thumb Code   388  __printf_flags_ss_wp.o(.text)
    strcpy                                   0x080075e9   Thumb Code    72  strcpy.o(.text)
    strlen                                   0x08007631   Thumb Code    62  strlen.o(.text)
    __aeabi_memcpy                           0x0800766f   Thumb Code     0  rt_memcpy_v6.o(.text)
    __rt_memcpy                              0x0800766f   Thumb Code   138  rt_memcpy_v6.o(.text)
    _memcpy_lastbytes                        0x080076d5   Thumb Code     0  rt_memcpy_v6.o(.text)
    __aeabi_memset                           0x080076f9   Thumb Code    16  aeabi_memset.o(.text)
    __aeabi_memclr4                          0x08007709   Thumb Code     0  rt_memclr_w.o(.text)
    __aeabi_memclr8                          0x08007709   Thumb Code     0  rt_memclr_w.o(.text)
    __rt_memclr_w                            0x08007709   Thumb Code    78  rt_memclr_w.o(.text)
    _memset_w                                0x0800770d   Thumb Code     0  rt_memclr_w.o(.text)
    strcmp                                   0x08007759   Thumb Code   128  strcmpv7m.o(.text)
    __use_two_region_memory                  0x080077d9   Thumb Code     2  heapauxi.o(.text)
    __rt_heap_escrow$2region                 0x080077db   Thumb Code     2  heapauxi.o(.text)
    __rt_heap_expand$2region                 0x080077dd   Thumb Code     2  heapauxi.o(.text)
    __I$use$semihosting                      0x080077df   Thumb Code     0  use_no_semi.o(.text)
    __use_no_semihosting_swi                 0x080077df   Thumb Code     2  use_no_semi.o(.text)
    __read_errno                             0x080077e1   Thumb Code    10  _rserrno.o(.text)
    __set_errno                              0x080077eb   Thumb Code    12  _rserrno.o(.text)
    _printf_pre_padding                      0x080077f7   Thumb Code    44  _printf_pad.o(.text)
    _printf_post_padding                     0x08007823   Thumb Code    34  _printf_pad.o(.text)
    _printf_truncate_signed                  0x08007845   Thumb Code    18  _printf_truncate.o(.text)
    _printf_truncate_unsigned                0x08007857   Thumb Code    18  _printf_truncate.o(.text)
    _printf_int_common                       0x08007869   Thumb Code   178  _printf_intcommon.o(.text)
    _printf_charcount                        0x0800791b   Thumb Code    40  _printf_charcount.o(.text)
    __lib_sel_fp_printf                      0x08007943   Thumb Code     2  _printf_fp_dec.o(.text)
    _printf_fp_dec_real                      0x08007af5   Thumb Code   620  _printf_fp_dec.o(.text)
    _printf_char_common                      0x08007d6b   Thumb Code    32  _printf_char_common.o(.text)
    _sputc                                   0x08007d91   Thumb Code    10  _sputc.o(.text)
    _printf_cs_common                        0x08007d9b   Thumb Code    20  _printf_char.o(.text)
    _printf_char                             0x08007daf   Thumb Code    16  _printf_char.o(.text)
    _printf_string                           0x08007dbf   Thumb Code     8  _printf_char.o(.text)
    _printf_char_file                        0x08007dc9   Thumb Code    32  _printf_char_file.o(.text)
    _printf_wctomb                           0x08007ded   Thumb Code   182  _printf_wctomb.o(.text)
    _printf_longlong_dec                     0x08007ea9   Thumb Code   108  _printf_longlong_dec.o(.text)
    _printf_longlong_oct                     0x08007f25   Thumb Code    66  _printf_oct_int_ll.o(.text)
    _printf_int_oct                          0x08007f67   Thumb Code    24  _printf_oct_int_ll.o(.text)
    _printf_ll_oct                           0x08007f7f   Thumb Code    12  _printf_oct_int_ll.o(.text)
    _printf_longlong_hex                     0x08007f95   Thumb Code    86  _printf_hex_int_ll_ptr.o(.text)
    _printf_int_hex                          0x08007feb   Thumb Code    28  _printf_hex_int_ll_ptr.o(.text)
    _printf_ll_hex                           0x08008007   Thumb Code    12  _printf_hex_int_ll_ptr.o(.text)
    _printf_hex_ptr                          0x08008013   Thumb Code    18  _printf_hex_int_ll_ptr.o(.text)
    __aeabi_memcpy4                          0x08008029   Thumb Code     0  rt_memcpy_w.o(.text)
    __aeabi_memcpy8                          0x08008029   Thumb Code     0  rt_memcpy_w.o(.text)
    __rt_memcpy_w                            0x08008029   Thumb Code   100  rt_memcpy_w.o(.text)
    _memcpy_lastbytes_aligned                0x08008071   Thumb Code     0  rt_memcpy_w.o(.text)
    __aeabi_memclr                           0x0800808d   Thumb Code     0  rt_memclr.o(.text)
    __rt_memclr                              0x0800808d   Thumb Code    68  rt_memclr.o(.text)
    _memset                                  0x08008091   Thumb Code     0  rt_memclr.o(.text)
    __rt_locale                              0x080080d1   Thumb Code     8  rt_locale_intlibspace.o(.text)
    __aeabi_errno_addr                       0x080080d9   Thumb Code     8  rt_errno_addr_intlibspace.o(.text)
    __errno$intlibspace                      0x080080d9   Thumb Code     0  rt_errno_addr_intlibspace.o(.text)
    __rt_errno_addr$intlibspace              0x080080d9   Thumb Code     0  rt_errno_addr_intlibspace.o(.text)
    _ll_udiv10                               0x080080e1   Thumb Code   138  lludiv10.o(.text)
    _printf_fp_hex_real                      0x0800816d   Thumb Code   756  _printf_fp_hex.o(.text)
    _printf_fp_infnan                        0x08008469   Thumb Code   112  _printf_fp_infnan.o(.text)
    _printf_lcs_common                       0x080084e9   Thumb Code    20  _printf_wchar.o(.text)
    _printf_wchar                            0x080084fd   Thumb Code    16  _printf_wchar.o(.text)
    _printf_wstring                          0x0800850d   Thumb Code     8  _printf_wchar.o(.text)
    _btod_etento                             0x08008515   Thumb Code   224  bigflt0.o(.text)
    ferror                                   0x080085f9   Thumb Code     8  ferror.o(.text)
    _wcrtomb                                 0x08008601   Thumb Code    64  _wcrtomb.o(.text)
    __user_libspace                          0x08008641   Thumb Code     8  libspace.o(.text)
    __user_perproc_libspace                  0x08008641   Thumb Code     0  libspace.o(.text)
    __user_perthread_libspace                0x08008641   Thumb Code     0  libspace.o(.text)
    __user_setup_stackheap                   0x08008649   Thumb Code    74  sys_stackheap_outer.o(.text)
    __rt_ctype_table                         0x08008695   Thumb Code    16  rt_ctype_table.o(.text)
    exit                                     0x080086a5   Thumb Code    18  exit.o(.text)
    _btod_d2e                                0x080086b7   Thumb Code    62  btod.o(CL$$btod_d2e)
    _d2e_denorm_low                          0x080086f5   Thumb Code    70  btod.o(CL$$btod_d2e_denorm_low)
    _d2e_norm_op1                            0x0800873b   Thumb Code    96  btod.o(CL$$btod_d2e_norm_op1)
    __btod_div_common                        0x0800879b   Thumb Code   696  btod.o(CL$$btod_div_common)
    _e2e                                     0x08008ad3   Thumb Code   220  btod.o(CL$$btod_e2e)
    _btod_ediv                               0x08008baf   Thumb Code    42  btod.o(CL$$btod_ediv)
    _btod_emul                               0x08008bd9   Thumb Code    42  btod.o(CL$$btod_emul)
    __btod_mult_common                       0x08008c03   Thumb Code   580  btod.o(CL$$btod_mult_common)
    __ARM_fpclassify                         0x08008e47   Thumb Code    40  fpclassify.o(i.__ARM_fpclassify)
    __kernel_poly                            0x08008e6f   Thumb Code   170  poly.o(i.__kernel_poly)
    __mathlib_dbl_infnan                     0x08008f19   Thumb Code     6  dunder.o(i.__mathlib_dbl_infnan)
    __mathlib_dbl_infnan2                    0x08008f1f   Thumb Code     4  dunder.o(i.__mathlib_dbl_infnan2)
    __mathlib_dbl_underflow                  0x08008f25   Thumb Code    10  dunder.o(i.__mathlib_dbl_underflow)
    _is_digit                                0x08008f35   Thumb Code    14  __printf_wp.o(i._is_digit)
    atan                                     0x08008f45   Thumb Code   474  atan.o(i.atan)
    atan2                                    0x08009165   Thumb Code   374  atan2.o(i.atan2)
    round                                    0x08009301   Thumb Code   136  round.o(i.round)
    _get_lc_numeric                          0x08009395   Thumb Code    44  lc_numeric_c.o(locale$$code)
    _get_lc_ctype                            0x080093c1   Thumb Code    44  lc_ctype_c.o(locale$$code)
    __aeabi_d2f                              0x080093ed   Thumb Code     0  d2f.o(x$fpl$d2f)
    _d2f                                     0x080093ed   Thumb Code    98  d2f.o(x$fpl$d2f)
    __aeabi_dadd                             0x08009451   Thumb Code     0  daddsub_clz.o(x$fpl$dadd)
    _dadd                                    0x08009451   Thumb Code   332  daddsub_clz.o(x$fpl$dadd)
    __fpl_dcheck_NaN1                        0x080095a1   Thumb Code    10  dcheck1.o(x$fpl$dcheck1)
    __fpl_dcmp_Inf                           0x080095b1   Thumb Code    24  dcmpi.o(x$fpl$dcmpinf)
    __aeabi_ddiv                             0x080095c9   Thumb Code     0  ddiv.o(x$fpl$ddiv)
    _ddiv                                    0x080095c9   Thumb Code   552  ddiv.o(x$fpl$ddiv)
    __aeabi_cdcmpeq                          0x08009879   Thumb Code     0  deqf.o(x$fpl$deqf)
    _dcmpeq                                  0x08009879   Thumb Code   120  deqf.o(x$fpl$deqf)
    __aeabi_d2iz                             0x080098f1   Thumb Code     0  dfix.o(x$fpl$dfix)
    _dfix                                    0x080098f1   Thumb Code    94  dfix.o(x$fpl$dfix)
    __aeabi_d2uiz                            0x08009951   Thumb Code     0  dfixu.o(x$fpl$dfixu)
    _dfixu                                   0x08009951   Thumb Code    90  dfixu.o(x$fpl$dfixu)
    __aeabi_i2d                              0x080099ab   Thumb Code     0  dflt_clz.o(x$fpl$dflt)
    _dflt                                    0x080099ab   Thumb Code    46  dflt_clz.o(x$fpl$dflt)
    __aeabi_ui2d                             0x080099d9   Thumb Code     0  dflt_clz.o(x$fpl$dfltu)
    _dfltu                                   0x080099d9   Thumb Code    38  dflt_clz.o(x$fpl$dfltu)
    __aeabi_cdcmple                          0x08009a01   Thumb Code     0  dleqf.o(x$fpl$dleqf)
    _dcmple                                  0x08009a01   Thumb Code   120  dleqf.o(x$fpl$dleqf)
    __fpl_dcmple_InfNaN                      0x08009a63   Thumb Code     0  dleqf.o(x$fpl$dleqf)
    __aeabi_dmul                             0x08009a79   Thumb Code     0  dmul.o(x$fpl$dmul)
    _dmul                                    0x08009a79   Thumb Code   332  dmul.o(x$fpl$dmul)
    __fpl_dnaninf                            0x08009bcd   Thumb Code   156  dnaninf.o(x$fpl$dnaninf)
    __fpl_dretinf                            0x08009c69   Thumb Code    12  dretinf.o(x$fpl$dretinf)
    __aeabi_cdrcmple                         0x08009c75   Thumb Code     0  drleqf.o(x$fpl$drleqf)
    _drcmple                                 0x08009c75   Thumb Code   108  drleqf.o(x$fpl$drleqf)
    _drnd                                    0x08009ce1   Thumb Code   180  drnd.o(x$fpl$drnd)
    __aeabi_drsub                            0x08009d95   Thumb Code     0  daddsub_clz.o(x$fpl$drsb)
    _drsb                                    0x08009d95   Thumb Code    22  daddsub_clz.o(x$fpl$drsb)
    __aeabi_dsub                             0x08009dad   Thumb Code     0  daddsub_clz.o(x$fpl$dsub)
    _dsub                                    0x08009dad   Thumb Code   464  daddsub_clz.o(x$fpl$dsub)
    __aeabi_f2d                              0x08009f81   Thumb Code     0  f2d.o(x$fpl$f2d)
    _f2d                                     0x08009f81   Thumb Code    86  f2d.o(x$fpl$f2d)
    __aeabi_fadd                             0x08009fd9   Thumb Code     0  faddsub_clz.o(x$fpl$fadd)
    _fadd                                    0x08009fd9   Thumb Code   196  faddsub_clz.o(x$fpl$fadd)
    __fpl_fcheck_NaN1                        0x0800a09d   Thumb Code     6  fcheck1.o(x$fpl$fcheck1)
    __aeabi_i2f                              0x0800a0a9   Thumb Code     0  fflt_clz.o(x$fpl$fflt)
    _fflt                                    0x0800a0a9   Thumb Code    48  fflt_clz.o(x$fpl$fflt)
    __aeabi_ui2f                             0x0800a0d9   Thumb Code     0  fflt_clz.o(x$fpl$ffltu)
    _ffltu                                   0x0800a0d9   Thumb Code    38  fflt_clz.o(x$fpl$ffltu)
    __aeabi_fmul                             0x0800a101   Thumb Code     0  fmul.o(x$fpl$fmul)
    _fmul                                    0x0800a101   Thumb Code   258  fmul.o(x$fpl$fmul)
    __fpl_fnaninf                            0x0800a203   Thumb Code   140  fnaninf.o(x$fpl$fnaninf)
    __fpl_fretinf                            0x0800a28f   Thumb Code    10  fretinf.o(x$fpl$fretinf)
    __aeabi_fsub                             0x0800a299   Thumb Code     0  faddsub_clz.o(x$fpl$fsub)
    _fsub                                    0x0800a299   Thumb Code   234  faddsub_clz.o(x$fpl$fsub)
    _printf_fp_dec                           0x0800a383   Thumb Code     4  printf1.o(x$fpl$printf1)
    _printf_fp_hex                           0x0800a387   Thumb Code     4  printf2.o(x$fpl$printf2)
    __fpl_return_NaN                         0x0800a38b   Thumb Code   100  retnan.o(x$fpl$retnan)
    __ARM_scalbn                             0x0800a3ef   Thumb Code    92  scalbn.o(x$fpl$scalbn)
    __ARM_scalbnf                            0x0800a44b   Thumb Code    76  scalbnf.o(x$fpl$scalbnf)
    __fpl_cmpreturn                          0x0800a497   Thumb Code    48  trapv.o(x$fpl$trapveneer)
    OLED_F8x16                               0x0800a4c6   Data        1520  oled_data.o(.constdata)
    __I$use$fp                               0x0800a4c6   Number         0  usenofp.o(x$fpl$usenofp)
    OLED_F6x8                                0x0800aab6   Data         570  oled_data.o(.constdata)
    OLED_CF16x16                             0x0800acf0   Data         665  oled_data.o(.constdata)
    __mathlib_zero                           0x0800b068   Data           8  qnan.o(.constdata)
    Region$$Table$$Base                      0x0800b12c   Number         0  anon$$obj.o(Region$$Table)
    Region$$Table$$Limit                     0x0800b14c   Number         0  anon$$obj.o(Region$$Table)
    __ctype                                  0x0800b175   Data           0  lc_ctype_c.o(locale$$data)
    USART_RX_STA                             0x20000016   Data           2  usart.o(.data)
    __stdout                                 0x20000018   Data           4  usart.o(.data)
    pxCurrentTCB                             0x2000001c   Data           4  tasks.o(.data)
    uxTopUsedPriority                        0x2000004c   Data           4  tasks.o(.data)
    LED1_Mode                                0x2000009c   Data           1  led.o(.data)
    LED2_Mode                                0x2000009d   Data           1  led.o(.data)
    LED1_Count                               0x2000009e   Data           2  led.o(.data)
    LED2_Count                               0x200000a0   Data           2  led.o(.data)
    Key_Num                                  0x200000a9   Data           1  key.o(.data)
    Start_task_handler                       0x200000b0   Data           4  main.o(.data)
    SystemCoreClock                          0x200000b4   Data           4  system_stm32f10x.o(.data)
    AHBPrescTable                            0x200000b8   Data          16  system_stm32f10x.o(.data)
    KeyNum                                   0x200000cb   Data           1  demo_task.o(.data)
    LED_TurnTask_handler                     0x200000d4   Data           4  demo_task.o(.data)
    MotorSpeed_Task_handler                  0x200000d8   Data           4  demo_task.o(.data)
    Aht20_Task_handler                       0x200000dc   Data           4  demo_task.o(.data)
    Light_Task_handler                       0x200000e0   Data           4  demo_task.o(.data)
    Light_tcb                                0x200000e4   Data           4  demo_task.o(.data)
    USART_RX_BUF                             0x200000e8   Data         200  usart.o(.bss)
    xQueueRegistry                           0x200001b0   Data          64  queue.o(.bss)
    OLED_DisplayBuf                          0x20002da0   Data        1024  oled.o(.bss)
    start_task_stack                         0x200031a0   Data         512  main.o(.bss)
    start_task_tcb                           0x200033a0   Data          92  main.o(.bss)
    idle_task_tcb                            0x200033fc   Data          92  demo_task.o(.bss)
    idle_task_stack                          0x20003458   Data         512  demo_task.o(.bss)
    timer_task_tcb                           0x20003658   Data          92  demo_task.o(.bss)
    timer_task_stack                         0x200036b4   Data        1024  demo_task.o(.bss)
    LEDTurn_stack                            0x20003ab4   Data         512  demo_task.o(.bss)
    LEDTurn_tcb                              0x20003cb4   Data          92  demo_task.o(.bss)
    MotorSpeed_stack                         0x20003d10   Data         512  demo_task.o(.bss)
    MotorSpeed_tcb                           0x20003f10   Data          92  demo_task.o(.bss)
    Aht20_stack                              0x20003f6c   Data         512  demo_task.o(.bss)
    Aht20_tcb                                0x2000416c   Data          92  demo_task.o(.bss)
    Light_stack                              0x200041c8   Data         512  demo_task.o(.bss)
    __libspace_start                         0x200043c8   Data          96  libspace.o(.bss)
    __temporary_stack_top$libspace           0x20004428   Data           0  libspace.o(.bss)



==============================================================================

Memory Map of the image

  Image Entry point : 0x080000ed

  Load Region LR_IROM1 (Base: 0x08000000, Size: 0x0000b360, Max: 0x00010000, ABSOLUTE)

    Execution Region ER_IROM1 (Exec base: 0x08000000, Load base: 0x08000000, Size: 0x0000b278, Max: 0x00010000, ABSOLUTE)

    Exec Addr    Load Addr    Size         Type   Attr      Idx    E Section Name        Object

    0x08000000   0x08000000   0x000000ec   Data   RO           19    RESET               startup_stm32f10x_md.o
    0x080000ec   0x080000ec   0x00000008   Code   RO         1122  * !!!main             c_w.l(__main.o)
    0x080000f4   0x080000f4   0x00000034   Code   RO         1537    !!!scatter          c_w.l(__scatter.o)
    0x08000128   0x08000128   0x0000001a   Code   RO         1539    !!handler_copy      c_w.l(__scatter_copy.o)
    0x08000142   0x08000142   0x00000002   PAD
    0x08000144   0x08000144   0x0000001c   Code   RO         1541    !!handler_zi        c_w.l(__scatter_zi.o)
    0x08000160   0x08000160   0x00000000   Code   RO         1105    .ARM.Collect$$_printf_percent$$00000000  c_w.l(_printf_percent.o)
    0x08000160   0x08000160   0x00000006   Code   RO         1241    .ARM.Collect$$_printf_percent$$00000001  c_w.l(_printf_n.o)
    0x08000166   0x08000166   0x00000006   Code   RO         1243    .ARM.Collect$$_printf_percent$$00000002  c_w.l(_printf_p.o)
    0x0800016c   0x0800016c   0x00000006   Code   RO         1104    .ARM.Collect$$_printf_percent$$00000003  c_w.l(_printf_f.o)
    0x08000172   0x08000172   0x00000006   Code   RO         1246    .ARM.Collect$$_printf_percent$$00000004  c_w.l(_printf_e.o)
    0x08000178   0x08000178   0x00000006   Code   RO         1247    .ARM.Collect$$_printf_percent$$00000005  c_w.l(_printf_g.o)
    0x0800017e   0x0800017e   0x00000006   Code   RO         1248    .ARM.Collect$$_printf_percent$$00000006  c_w.l(_printf_a.o)
    0x08000184   0x08000184   0x0000000a   Code   RO         1253    .ARM.Collect$$_printf_percent$$00000007  c_w.l(_printf_ll.o)
    0x0800018e   0x0800018e   0x00000006   Code   RO         1245    .ARM.Collect$$_printf_percent$$00000008  c_w.l(_printf_i.o)
    0x08000194   0x08000194   0x00000006   Code   RO         1102    .ARM.Collect$$_printf_percent$$00000009  c_w.l(_printf_d.o)
    0x0800019a   0x0800019a   0x00000006   Code   RO         1103    .ARM.Collect$$_printf_percent$$0000000A  c_w.l(_printf_u.o)
    0x080001a0   0x080001a0   0x00000006   Code   RO         1244    .ARM.Collect$$_printf_percent$$0000000B  c_w.l(_printf_o.o)
    0x080001a6   0x080001a6   0x00000006   Code   RO         1242    .ARM.Collect$$_printf_percent$$0000000C  c_w.l(_printf_x.o)
    0x080001ac   0x080001ac   0x00000006   Code   RO         1250    .ARM.Collect$$_printf_percent$$0000000D  c_w.l(_printf_lli.o)
    0x080001b2   0x080001b2   0x00000006   Code   RO         1251    .ARM.Collect$$_printf_percent$$0000000E  c_w.l(_printf_lld.o)
    0x080001b8   0x080001b8   0x00000006   Code   RO         1252    .ARM.Collect$$_printf_percent$$0000000F  c_w.l(_printf_llu.o)
    0x080001be   0x080001be   0x00000006   Code   RO         1257    .ARM.Collect$$_printf_percent$$00000010  c_w.l(_printf_llo.o)
    0x080001c4   0x080001c4   0x00000006   Code   RO         1258    .ARM.Collect$$_printf_percent$$00000011  c_w.l(_printf_llx.o)
    0x080001ca   0x080001ca   0x0000000a   Code   RO         1254    .ARM.Collect$$_printf_percent$$00000012  c_w.l(_printf_l.o)
    0x080001d4   0x080001d4   0x00000006   Code   RO         1100    .ARM.Collect$$_printf_percent$$00000013  c_w.l(_printf_c.o)
    0x080001da   0x080001da   0x00000006   Code   RO         1101    .ARM.Collect$$_printf_percent$$00000014  c_w.l(_printf_s.o)
    0x080001e0   0x080001e0   0x00000006   Code   RO         1255    .ARM.Collect$$_printf_percent$$00000015  c_w.l(_printf_lc.o)
    0x080001e6   0x080001e6   0x00000006   Code   RO         1256    .ARM.Collect$$_printf_percent$$00000016  c_w.l(_printf_ls.o)
    0x080001ec   0x080001ec   0x00000004   Code   RO         1249    .ARM.Collect$$_printf_percent$$00000017  c_w.l(_printf_percent_end.o)
    0x080001f0   0x080001f0   0x00000002   Code   RO         1405    .ARM.Collect$$libinit$$00000000  c_w.l(libinit.o)
    0x080001f2   0x080001f2   0x00000000   Code   RO         1407    .ARM.Collect$$libinit$$00000002  c_w.l(libinit2.o)
    0x080001f2   0x080001f2   0x00000000   Code   RO         1409    .ARM.Collect$$libinit$$00000004  c_w.l(libinit2.o)
    0x080001f2   0x080001f2   0x00000000   Code   RO         1412    .ARM.Collect$$libinit$$0000000A  c_w.l(libinit2.o)
    0x080001f2   0x080001f2   0x00000000   Code   RO         1414    .ARM.Collect$$libinit$$0000000C  c_w.l(libinit2.o)
    0x080001f2   0x080001f2   0x00000000   Code   RO         1416    .ARM.Collect$$libinit$$0000000E  c_w.l(libinit2.o)
    0x080001f2   0x080001f2   0x00000006   Code   RO         1417    .ARM.Collect$$libinit$$0000000F  c_w.l(libinit2.o)
    0x080001f8   0x080001f8   0x00000000   Code   RO         1419    .ARM.Collect$$libinit$$00000011  c_w.l(libinit2.o)
    0x080001f8   0x080001f8   0x0000000c   Code   RO         1420    .ARM.Collect$$libinit$$00000012  c_w.l(libinit2.o)
    0x08000204   0x08000204   0x00000000   Code   RO         1421    .ARM.Collect$$libinit$$00000013  c_w.l(libinit2.o)
    0x08000204   0x08000204   0x00000000   Code   RO         1423    .ARM.Collect$$libinit$$00000015  c_w.l(libinit2.o)
    0x08000204   0x08000204   0x0000000a   Code   RO         1424    .ARM.Collect$$libinit$$00000016  c_w.l(libinit2.o)
    0x0800020e   0x0800020e   0x00000000   Code   RO         1425    .ARM.Collect$$libinit$$00000017  c_w.l(libinit2.o)
    0x0800020e   0x0800020e   0x00000000   Code   RO         1427    .ARM.Collect$$libinit$$00000019  c_w.l(libinit2.o)
    0x0800020e   0x0800020e   0x00000000   Code   RO         1429    .ARM.Collect$$libinit$$0000001B  c_w.l(libinit2.o)
    0x0800020e   0x0800020e   0x00000000   Code   RO         1431    .ARM.Collect$$libinit$$0000001D  c_w.l(libinit2.o)
    0x0800020e   0x0800020e   0x00000000   Code   RO         1433    .ARM.Collect$$libinit$$0000001F  c_w.l(libinit2.o)
    0x0800020e   0x0800020e   0x00000000   Code   RO         1435    .ARM.Collect$$libinit$$00000021  c_w.l(libinit2.o)
    0x0800020e   0x0800020e   0x00000000   Code   RO         1437    .ARM.Collect$$libinit$$00000023  c_w.l(libinit2.o)
    0x0800020e   0x0800020e   0x00000000   Code   RO         1439    .ARM.Collect$$libinit$$00000025  c_w.l(libinit2.o)
    0x0800020e   0x0800020e   0x00000000   Code   RO         1443    .ARM.Collect$$libinit$$0000002C  c_w.l(libinit2.o)
    0x0800020e   0x0800020e   0x00000000   Code   RO         1445    .ARM.Collect$$libinit$$0000002E  c_w.l(libinit2.o)
    0x0800020e   0x0800020e   0x00000000   Code   RO         1447    .ARM.Collect$$libinit$$00000030  c_w.l(libinit2.o)
    0x0800020e   0x0800020e   0x00000000   Code   RO         1449    .ARM.Collect$$libinit$$00000032  c_w.l(libinit2.o)
    0x0800020e   0x0800020e   0x00000002   Code   RO         1450    .ARM.Collect$$libinit$$00000033  c_w.l(libinit2.o)
    0x08000210   0x08000210   0x00000002   Code   RO         1485    .ARM.Collect$$libshutdown$$00000000  c_w.l(libshutdown.o)
    0x08000212   0x08000212   0x00000000   Code   RO         1494    .ARM.Collect$$libshutdown$$00000002  c_w.l(libshutdown2.o)
    0x08000212   0x08000212   0x00000000   Code   RO         1496    .ARM.Collect$$libshutdown$$00000004  c_w.l(libshutdown2.o)
    0x08000212   0x08000212   0x00000000   Code   RO         1498    .ARM.Collect$$libshutdown$$00000006  c_w.l(libshutdown2.o)
    0x08000212   0x08000212   0x00000000   Code   RO         1501    .ARM.Collect$$libshutdown$$00000009  c_w.l(libshutdown2.o)
    0x08000212   0x08000212   0x00000000   Code   RO         1504    .ARM.Collect$$libshutdown$$0000000C  c_w.l(libshutdown2.o)
    0x08000212   0x08000212   0x00000000   Code   RO         1506    .ARM.Collect$$libshutdown$$0000000E  c_w.l(libshutdown2.o)
    0x08000212   0x08000212   0x00000000   Code   RO         1509    .ARM.Collect$$libshutdown$$00000011  c_w.l(libshutdown2.o)
    0x08000212   0x08000212   0x00000002   Code   RO         1510    .ARM.Collect$$libshutdown$$00000012  c_w.l(libshutdown2.o)
    0x08000214   0x08000214   0x00000000   Code   RO         1188    .ARM.Collect$$rtentry$$00000000  c_w.l(__rtentry.o)
    0x08000214   0x08000214   0x00000000   Code   RO         1312    .ARM.Collect$$rtentry$$00000002  c_w.l(__rtentry2.o)
    0x08000214   0x08000214   0x00000006   Code   RO         1324    .ARM.Collect$$rtentry$$00000004  c_w.l(__rtentry4.o)
    0x0800021a   0x0800021a   0x00000000   Code   RO         1314    .ARM.Collect$$rtentry$$00000009  c_w.l(__rtentry2.o)
    0x0800021a   0x0800021a   0x00000004   Code   RO         1315    .ARM.Collect$$rtentry$$0000000A  c_w.l(__rtentry2.o)
    0x0800021e   0x0800021e   0x00000000   Code   RO         1317    .ARM.Collect$$rtentry$$0000000C  c_w.l(__rtentry2.o)
    0x0800021e   0x0800021e   0x00000008   Code   RO         1318    .ARM.Collect$$rtentry$$0000000D  c_w.l(__rtentry2.o)
    0x08000226   0x08000226   0x00000002   Code   RO         1455    .ARM.Collect$$rtexit$$00000000  c_w.l(rtexit.o)
    0x08000228   0x08000228   0x00000000   Code   RO         1465    .ARM.Collect$$rtexit$$00000002  c_w.l(rtexit2.o)
    0x08000228   0x08000228   0x00000004   Code   RO         1466    .ARM.Collect$$rtexit$$00000003  c_w.l(rtexit2.o)
    0x0800022c   0x0800022c   0x00000006   Code   RO         1467    .ARM.Collect$$rtexit$$00000004  c_w.l(rtexit2.o)
    0x08000232   0x08000232   0x00000002   PAD
    0x08000234   0x08000234   0x00000096   Code   RO          676    .emb_text           port.o
    0x080002ca   0x080002ca   0x00000002   PAD
    0x080002cc   0x080002cc   0x00000040   Code   RO           20    .text               startup_stm32f10x_md.o
    0x0800030c   0x0800030c   0x000000b0   Code   RO           24    .text               misc.o
    0x080003bc   0x080003bc   0x00000330   Code   RO          119    .text               stm32f10x_adc.o
    0x080006ec   0x080006ec   0x0000026c   Code   RO          252    .text               stm32f10x_gpio.o
    0x08000958   0x08000958   0x000002b4   Code   RO          300    .text               stm32f10x_rcc.o
    0x08000c0c   0x08000c0c   0x00000af4   Code   RO          351    .text               stm32f10x_tim.o
    0x08001700   0x08001700   0x00000328   Code   RO          364    .text               stm32f10x_usart.o
    0x08001a28   0x08001a28   0x000000a4   Code   RO          388    .text               delay.o
    0x08001acc   0x08001acc   0x00000114   Code   RO          465    .text               usart.o
    0x08001be0   0x08001be0   0x0000008a   Code   RO          541    .text               list.o
    0x08001c6a   0x08001c6a   0x00000002   PAD
    0x08001c6c   0x08001c6c   0x00000ec4   Code   RO          556    .text               queue.o
    0x08002b30   0x08002b30   0x00001bb0   Code   RO          608    .text               tasks.o
    0x080046e0   0x080046e0   0x000005e4   Code   RO          640    .text               timers.o
    0x08004cc4   0x08004cc4   0x0000029c   Code   RO          661    .text               heap_4.o
    0x08004f60   0x08004f60   0x00000248   Code   RO          677    .text               port.o
    0x080051a8   0x080051a8   0x00000080   Code   RO          706    .text               timer.o
    0x08005228   0x08005228   0x00000154   Code   RO          727    .text               led.o
    0x0800537c   0x0800537c   0x000001a8   Code   RO          743    .text               key.o
    0x08005524   0x08005524   0x00000064   Code   RO          758    .text               motor.o
    0x08005588   0x08005588   0x00000098   Code   RO          779    .text               pwm.o
    0x08005620   0x08005620   0x000010a6   Code   RO          835    .text               oled.o
    0x080066c6   0x080066c6   0x00000002   PAD
    0x080066c8   0x080066c8   0x00000064   Code   RO          877    .text               light.o
    0x0800672c   0x0800672c   0x000001fc   Code   RO          895    .text               adc.o
    0x08006928   0x08006928   0x0000018c   Code   RO          908    .text               aht20.o
    0x08006ab4   0x08006ab4   0x0000027c   Code   RO          927    .text               myiic.o
    0x08006d30   0x08006d30   0x000000d8   Code   RO          939    .text               main.o
    0x08006e08   0x08006e08   0x0000000c   Code   RO         1010    .text               stm32f10x_it.o
    0x08006e14   0x08006e14   0x00000154   Code   RO         1025    .text               system_stm32f10x.o
    0x08006f68   0x08006f68   0x000003c0   Code   RO         1043    .text               demo_task.o
    0x08007328   0x08007328   0x00000002   Code   RO         1062    .text               c_w.l(use_no_semi_2.o)
    0x0800732a   0x0800732a   0x00000002   PAD
    0x0800732c   0x0800732c   0x00000024   Code   RO         1064    .text               c_w.l(vsprintf.o)
    0x08007350   0x08007350   0x00000018   Code   RO         1066    .text               c_w.l(__2printf.o)
    0x08007368   0x08007368   0x0000002c   Code   RO         1068    .text               c_w.l(__2sprintf.o)
    0x08007394   0x08007394   0x00000052   Code   RO         1076    .text               c_w.l(_printf_str.o)
    0x080073e6   0x080073e6   0x00000002   PAD
    0x080073e8   0x080073e8   0x00000078   Code   RO         1078    .text               c_w.l(_printf_dec.o)
    0x08007460   0x08007460   0x00000188   Code   RO         1097    .text               c_w.l(__printf_flags_ss_wp.o)
    0x080075e8   0x080075e8   0x00000048   Code   RO         1106    .text               c_w.l(strcpy.o)
    0x08007630   0x08007630   0x0000003e   Code   RO         1108    .text               c_w.l(strlen.o)
    0x0800766e   0x0800766e   0x0000008a   Code   RO         1110    .text               c_w.l(rt_memcpy_v6.o)
    0x080076f8   0x080076f8   0x00000010   Code   RO         1114    .text               c_w.l(aeabi_memset.o)
    0x08007708   0x08007708   0x0000004e   Code   RO         1116    .text               c_w.l(rt_memclr_w.o)
    0x08007756   0x08007756   0x00000002   PAD
    0x08007758   0x08007758   0x00000080   Code   RO         1118    .text               c_w.l(strcmpv7m.o)
    0x080077d8   0x080077d8   0x00000006   Code   RO         1120    .text               c_w.l(heapauxi.o)
    0x080077de   0x080077de   0x00000002   Code   RO         1186    .text               c_w.l(use_no_semi.o)
    0x080077e0   0x080077e0   0x00000016   Code   RO         1189    .text               c_w.l(_rserrno.o)
    0x080077f6   0x080077f6   0x0000004e   Code   RO         1191    .text               c_w.l(_printf_pad.o)
    0x08007844   0x08007844   0x00000024   Code   RO         1193    .text               c_w.l(_printf_truncate.o)
    0x08007868   0x08007868   0x000000b2   Code   RO         1195    .text               c_w.l(_printf_intcommon.o)
    0x0800791a   0x0800791a   0x00000028   Code   RO         1197    .text               c_w.l(_printf_charcount.o)
    0x08007942   0x08007942   0x0000041e   Code   RO         1199    .text               c_w.l(_printf_fp_dec.o)
    0x08007d60   0x08007d60   0x00000030   Code   RO         1201    .text               c_w.l(_printf_char_common.o)
    0x08007d90   0x08007d90   0x0000000a   Code   RO         1203    .text               c_w.l(_sputc.o)
    0x08007d9a   0x08007d9a   0x0000002c   Code   RO         1205    .text               c_w.l(_printf_char.o)
    0x08007dc6   0x08007dc6   0x00000002   PAD
    0x08007dc8   0x08007dc8   0x00000024   Code   RO         1207    .text               c_w.l(_printf_char_file.o)
    0x08007dec   0x08007dec   0x000000bc   Code   RO         1209    .text               c_w.l(_printf_wctomb.o)
    0x08007ea8   0x08007ea8   0x0000007c   Code   RO         1212    .text               c_w.l(_printf_longlong_dec.o)
    0x08007f24   0x08007f24   0x00000070   Code   RO         1218    .text               c_w.l(_printf_oct_int_ll.o)
    0x08007f94   0x08007f94   0x00000094   Code   RO         1238    .text               c_w.l(_printf_hex_int_ll_ptr.o)
    0x08008028   0x08008028   0x00000064   Code   RO         1259    .text               c_w.l(rt_memcpy_w.o)
    0x0800808c   0x0800808c   0x00000044   Code   RO         1261    .text               c_w.l(rt_memclr.o)
    0x080080d0   0x080080d0   0x00000008   Code   RO         1329    .text               c_w.l(rt_locale_intlibspace.o)
    0x080080d8   0x080080d8   0x00000008   Code   RO         1334    .text               c_w.l(rt_errno_addr_intlibspace.o)
    0x080080e0   0x080080e0   0x0000008a   Code   RO         1336    .text               c_w.l(lludiv10.o)
    0x0800816a   0x0800816a   0x00000002   PAD
    0x0800816c   0x0800816c   0x000002fc   Code   RO         1338    .text               c_w.l(_printf_fp_hex.o)
    0x08008468   0x08008468   0x00000080   Code   RO         1341    .text               c_w.l(_printf_fp_infnan.o)
    0x080084e8   0x080084e8   0x0000002c   Code   RO         1345    .text               c_w.l(_printf_wchar.o)
    0x08008514   0x08008514   0x000000e4   Code   RO         1347    .text               c_w.l(bigflt0.o)
    0x080085f8   0x080085f8   0x00000008   Code   RO         1372    .text               c_w.l(ferror.o)
    0x08008600   0x08008600   0x00000040   Code   RO         1376    .text               c_w.l(_wcrtomb.o)
    0x08008640   0x08008640   0x00000008   Code   RO         1391    .text               c_w.l(libspace.o)
    0x08008648   0x08008648   0x0000004a   Code   RO         1394    .text               c_w.l(sys_stackheap_outer.o)
    0x08008692   0x08008692   0x00000002   PAD
    0x08008694   0x08008694   0x00000010   Code   RO         1396    .text               c_w.l(rt_ctype_table.o)
    0x080086a4   0x080086a4   0x00000012   Code   RO         1398    .text               c_w.l(exit.o)
    0x080086b6   0x080086b6   0x0000003e   Code   RO         1350    CL$$btod_d2e        c_w.l(btod.o)
    0x080086f4   0x080086f4   0x00000046   Code   RO         1352    CL$$btod_d2e_denorm_low  c_w.l(btod.o)
    0x0800873a   0x0800873a   0x00000060   Code   RO         1351    CL$$btod_d2e_norm_op1  c_w.l(btod.o)
    0x0800879a   0x0800879a   0x00000338   Code   RO         1360    CL$$btod_div_common  c_w.l(btod.o)
    0x08008ad2   0x08008ad2   0x000000dc   Code   RO         1357    CL$$btod_e2e        c_w.l(btod.o)
    0x08008bae   0x08008bae   0x0000002a   Code   RO         1354    CL$$btod_ediv       c_w.l(btod.o)
    0x08008bd8   0x08008bd8   0x0000002a   Code   RO         1353    CL$$btod_emul       c_w.l(btod.o)
    0x08008c02   0x08008c02   0x00000244   Code   RO         1359    CL$$btod_mult_common  c_w.l(btod.o)
    0x08008e46   0x08008e46   0x00000028   Code   RO         1387    i.__ARM_fpclassify  m_ws.l(fpclassify.o)
    0x08008e6e   0x08008e6e   0x000000aa   Code   RO         1389    i.__kernel_poly     m_ws.l(poly.o)
    0x08008f18   0x08008f18   0x00000006   Code   RO         1297    i.__mathlib_dbl_infnan  m_ws.l(dunder.o)
    0x08008f1e   0x08008f1e   0x00000004   Code   RO         1298    i.__mathlib_dbl_infnan2  m_ws.l(dunder.o)
    0x08008f22   0x08008f22   0x00000002   PAD
    0x08008f24   0x08008f24   0x00000010   Code   RO         1302    i.__mathlib_dbl_underflow  m_ws.l(dunder.o)
    0x08008f34   0x08008f34   0x0000000e   Code   RO         1090    i._is_digit         c_w.l(__printf_wp.o)
    0x08008f42   0x08008f42   0x00000002   PAD
    0x08008f44   0x08008f44   0x00000220   Code   RO         1287    i.atan              m_ws.l(atan.o)
    0x08009164   0x08009164   0x0000019c   Code   RO         1177    i.atan2             m_ws.l(atan2.o)
    0x08009300   0x08009300   0x00000094   Code   RO         1184    i.round             m_ws.l(round.o)
    0x08009394   0x08009394   0x0000002c   Code   RO         1379    locale$$code        c_w.l(lc_numeric_c.o)
    0x080093c0   0x080093c0   0x0000002c   Code   RO         1458    locale$$code        c_w.l(lc_ctype_c.o)
    0x080093ec   0x080093ec   0x00000062   Code   RO         1124    x$fpl$d2f           fz_ws.l(d2f.o)
    0x0800944e   0x0800944e   0x00000002   PAD
    0x08009450   0x08009450   0x00000150   Code   RO         1126    x$fpl$dadd          fz_ws.l(daddsub_clz.o)
    0x080095a0   0x080095a0   0x00000010   Code   RO         1451    x$fpl$dcheck1       fz_ws.l(dcheck1.o)
    0x080095b0   0x080095b0   0x00000018   Code   RO         1263    x$fpl$dcmpinf       fz_ws.l(dcmpi.o)
    0x080095c8   0x080095c8   0x000002b0   Code   RO         1133    x$fpl$ddiv          fz_ws.l(ddiv.o)
    0x08009878   0x08009878   0x00000078   Code   RO         1265    x$fpl$deqf          fz_ws.l(deqf.o)
    0x080098f0   0x080098f0   0x0000005e   Code   RO         1136    x$fpl$dfix          fz_ws.l(dfix.o)
    0x0800994e   0x0800994e   0x00000002   PAD
    0x08009950   0x08009950   0x0000005a   Code   RO         1140    x$fpl$dfixu         fz_ws.l(dfixu.o)
    0x080099aa   0x080099aa   0x0000002e   Code   RO         1145    x$fpl$dflt          fz_ws.l(dflt_clz.o)
    0x080099d8   0x080099d8   0x00000026   Code   RO         1144    x$fpl$dfltu         fz_ws.l(dflt_clz.o)
    0x080099fe   0x080099fe   0x00000002   PAD
    0x08009a00   0x08009a00   0x00000078   Code   RO         1150    x$fpl$dleqf         fz_ws.l(dleqf.o)
    0x08009a78   0x08009a78   0x00000154   Code   RO         1152    x$fpl$dmul          fz_ws.l(dmul.o)
    0x08009bcc   0x08009bcc   0x0000009c   Code   RO         1267    x$fpl$dnaninf       fz_ws.l(dnaninf.o)
    0x08009c68   0x08009c68   0x0000000c   Code   RO         1269    x$fpl$dretinf       fz_ws.l(dretinf.o)
    0x08009c74   0x08009c74   0x0000006c   Code   RO         1154    x$fpl$drleqf        fz_ws.l(drleqf.o)
    0x08009ce0   0x08009ce0   0x000000b4   Code   RO         1271    x$fpl$drnd          fz_ws.l(drnd.o)
    0x08009d94   0x08009d94   0x00000016   Code   RO         1127    x$fpl$drsb          fz_ws.l(daddsub_clz.o)
    0x08009daa   0x08009daa   0x00000002   PAD
    0x08009dac   0x08009dac   0x000001d4   Code   RO         1128    x$fpl$dsub          fz_ws.l(daddsub_clz.o)
    0x08009f80   0x08009f80   0x00000056   Code   RO         1156    x$fpl$f2d           fz_ws.l(f2d.o)
    0x08009fd6   0x08009fd6   0x00000002   PAD
    0x08009fd8   0x08009fd8   0x000000c4   Code   RO         1158    x$fpl$fadd          fz_ws.l(faddsub_clz.o)
    0x0800a09c   0x0800a09c   0x0000000c   Code   RO         1273    x$fpl$fcheck1       fz_ws.l(fcheck1.o)
    0x0800a0a8   0x0800a0a8   0x00000030   Code   RO         1165    x$fpl$fflt          fz_ws.l(fflt_clz.o)
    0x0800a0d8   0x0800a0d8   0x00000026   Code   RO         1164    x$fpl$ffltu         fz_ws.l(fflt_clz.o)
    0x0800a0fe   0x0800a0fe   0x00000002   PAD
    0x0800a100   0x0800a100   0x00000102   Code   RO         1170    x$fpl$fmul          fz_ws.l(fmul.o)
    0x0800a202   0x0800a202   0x0000008c   Code   RO         1275    x$fpl$fnaninf       fz_ws.l(fnaninf.o)
    0x0800a28e   0x0800a28e   0x0000000a   Code   RO         1277    x$fpl$fretinf       fz_ws.l(fretinf.o)
    0x0800a298   0x0800a298   0x000000ea   Code   RO         1160    x$fpl$fsub          fz_ws.l(faddsub_clz.o)
    0x0800a382   0x0800a382   0x00000004   Code   RO         1172    x$fpl$printf1       fz_ws.l(printf1.o)
    0x0800a386   0x0800a386   0x00000004   Code   RO         1279    x$fpl$printf2       fz_ws.l(printf2.o)
    0x0800a38a   0x0800a38a   0x00000064   Code   RO         1383    x$fpl$retnan        fz_ws.l(retnan.o)
    0x0800a3ee   0x0800a3ee   0x0000005c   Code   RO         1385    x$fpl$scalbn        fz_ws.l(scalbn.o)
    0x0800a44a   0x0800a44a   0x0000004c   Code   RO         1174    x$fpl$scalbnf       fz_ws.l(scalbnf.o)
    0x0800a496   0x0800a496   0x00000030   Code   RO         1453    x$fpl$trapveneer    fz_ws.l(trapv.o)
    0x0800a4c6   0x0800a4c6   0x00000000   Code   RO         1285    x$fpl$usenofp       fz_ws.l(usenofp.o)
    0x0800a4c6   0x0800a4c6   0x000005f0   Data   RO          862    .constdata          oled_data.o
    0x0800aab6   0x0800aab6   0x0000023a   Data   RO          863    .constdata          oled_data.o
    0x0800acf0   0x0800acf0   0x00000299   Data   RO          864    .constdata          oled_data.o
    0x0800af89   0x0800af89   0x00000011   Data   RO         1098    .constdata          c_w.l(__printf_flags_ss_wp.o)
    0x0800af9a   0x0800af9a   0x00000002   PAD
    0x0800af9c   0x0800af9c   0x00000008   Data   RO         1210    .constdata          c_w.l(_printf_wctomb.o)
    0x0800afa4   0x0800afa4   0x00000028   Data   RO         1239    .constdata          c_w.l(_printf_hex_int_ll_ptr.o)
    0x0800afcc   0x0800afcc   0x00000004   PAD
    0x0800afd0   0x0800afd0   0x00000098   Data   RO         1288    .constdata          m_ws.l(atan.o)
    0x0800b068   0x0800b068   0x00000008   Data   RO         1310    .constdata          m_ws.l(qnan.o)
    0x0800b070   0x0800b070   0x00000026   Data   RO         1339    .constdata          c_w.l(_printf_fp_hex.o)
    0x0800b096   0x0800b096   0x00000002   PAD
    0x0800b098   0x0800b098   0x00000094   Data   RO         1348    .constdata          c_w.l(bigflt0.o)
    0x0800b12c   0x0800b12c   0x00000020   Data   RO         1535    Region$$Table       anon$$obj.o
    0x0800b14c   0x0800b14c   0x0000001c   Data   RO         1378    locale$$data        c_w.l(lc_numeric_c.o)
    0x0800b168   0x0800b168   0x00000110   Data   RO         1457    locale$$data        c_w.l(lc_ctype_c.o)


    Execution Region RW_IRAM1 (Exec base: 0x20000000, Load base: 0x0800b278, Size: 0x00004a28, Max: 0x00005000, ABSOLUTE)

    Exec Addr    Load Addr    Size         Type   Attr      Idx    E Section Name        Object

    0x20000000   0x0800b278   0x00000014   Data   RW          301    .data               stm32f10x_rcc.o
    0x20000014   0x0800b28c   0x00000001   Data   RW          389    .data               delay.o
    0x20000015   0x0800b28d   0x00000001   PAD
    0x20000016   0x0800b28e   0x00000002   Data   RW          467    .data               usart.o
    0x20000018   0x0800b290   0x00000004   Data   RW          468    .data               usart.o
    0x2000001c   0x0800b294   0x00000040   Data   RW          610    .data               tasks.o
    0x2000005c   0x0800b2d4   0x00000014   Data   RW          642    .data               timers.o
    0x20000070   0x0800b2e8   0x00000020   Data   RW          663    .data               heap_4.o
    0x20000090   0x0800b308   0x0000000c   Data   RW          678    .data               port.o
    0x2000009c   0x0800b314   0x00000006   Data   RW          728    .data               led.o
    0x200000a2   0x0800b31a   0x0000000e   Data   RW          744    .data               key.o
    0x200000b0   0x0800b328   0x00000004   Data   RW          941    .data               main.o
    0x200000b4   0x0800b32c   0x00000014   Data   RW         1026    .data               system_stm32f10x.o
    0x200000c8   0x0800b340   0x00000020   Data   RW         1045    .data               demo_task.o
    0x200000e8        -       0x000000c8   Zero   RW          466    .bss                usart.o
    0x200001b0        -       0x00000040   Zero   RW          557    .bss                queue.o
    0x200001f0        -       0x000002e4   Zero   RW          609    .bss                tasks.o
    0x200004d4        -       0x000000cc   Zero   RW          641    .bss                timers.o
    0x200005a0        -       0x00002800   Zero   RW          662    .bss                heap_4.o
    0x20002da0        -       0x00000400   Zero   RW          836    .bss                oled.o
    0x200031a0        -       0x0000025c   Zero   RW          940    .bss                main.o
    0x200033fc        -       0x00000fcc   Zero   RW         1044    .bss                demo_task.o
    0x200043c8        -       0x00000060   Zero   RW         1392    .bss                c_w.l(libspace.o)
    0x20004428        -       0x00000200   Zero   RW           18    HEAP                startup_stm32f10x_md.o
    0x20004628        -       0x00000400   Zero   RW           17    STACK               startup_stm32f10x_md.o


==============================================================================

Image component sizes


      Code (inc. data)   RO Data    RW Data    ZI Data      Debug   Object Name

       508         32          0          0          0       2306   adc.o
       396         22          0          0          0       2394   aht20.o
         0          0          0          0          0       4532   core_cm3.o
       164         14          0          1          0      24039   delay.o
       960        358          0         32       4044       3595   demo_task.o
         0          0          0          0          0      22468   event_groups.o
       668         76          0         32      10240       3958   heap_4.o
       424         16          0         14          0       1790   key.o
       340         10          0          6          0       2186   led.o
       100          6          0          0          0        711   light.o
       138          0          0          0          0       9810   list.o
       216         64          0          4        604      10304   main.o
       176         14          0          0          0     257493   misc.o
       100          4          0          0          0        704   motor.o
       636          4          0          0          0       2880   myiic.o
      4262         44          0          0       1024      18294   oled.o
         0          0       2755          0          0       1090   oled_data.o
       734        106          0         12          0       7691   port.o
       152          6          0          0          0        775   pwm.o
      3780         62          0          0         64      23416   queue.o
        64         26        236          0       1536        800   startup_stm32f10x_md.o
       816         24          0          0          0      11173   stm32f10x_adc.o
       620         36          0          0          0       5753   stm32f10x_gpio.o
        12          0          0          0          0        875   stm32f10x_it.o
       692         32          0         20          0       8884   stm32f10x_rcc.o
      2804         86          0          0          0      22870   stm32f10x_tim.o
       808         22          0          0          0       8668   stm32f10x_usart.o
       340         32          0         20          0       1715   system_stm32f10x.o
      7088        206          0         64        740      51617   tasks.o
       128          4          0          0          0        812   timer.o
      1508        100          0         20        204      16275   timers.o
       276         16          0          6        200       3130   usart.o

    ----------------------------------------------------------------------
     28916       1422       3023        232      18656     533008   Object Totals
         0          0         32          0          0          0   (incl. Generated)
         6          0          0          1          0          0   (incl. Padding)

    ----------------------------------------------------------------------

      Code (inc. data)   RO Data    RW Data    ZI Data      Debug   Library Member Name

        24          4          0          0          0         84   __2printf.o
        44          6          0          0          0         84   __2sprintf.o
         8          0          0          0          0         68   __main.o
       392          4         17          0          0         92   __printf_flags_ss_wp.o
        14          0          0          0          0         68   __printf_wp.o
         0          0          0          0          0          0   __rtentry.o
        12          0          0          0          0          0   __rtentry2.o
         6          0          0          0          0          0   __rtentry4.o
        52          8          0          0          0          0   __scatter.o
        26          0          0          0          0          0   __scatter_copy.o
        28          0          0          0          0          0   __scatter_zi.o
         6          0          0          0          0          0   _printf_a.o
         6          0          0          0          0          0   _printf_c.o
        44          0          0          0          0        108   _printf_char.o
        48          6          0          0          0         96   _printf_char_common.o
        36          4          0          0          0         80   _printf_char_file.o
        40          0          0          0          0         68   _printf_charcount.o
         6          0          0          0          0          0   _printf_d.o
       120         16          0          0          0         92   _printf_dec.o
         6          0          0          0          0          0   _printf_e.o
         6          0          0          0          0          0   _printf_f.o
      1054          0          0          0          0        216   _printf_fp_dec.o
       764          8         38          0          0        100   _printf_fp_hex.o
       128         16          0          0          0         84   _printf_fp_infnan.o
         6          0          0          0          0          0   _printf_g.o
       148          4         40          0          0        160   _printf_hex_int_ll_ptr.o
         6          0          0          0          0          0   _printf_i.o
       178          0          0          0          0         88   _printf_intcommon.o
        10          0          0          0          0          0   _printf_l.o
         6          0          0          0          0          0   _printf_lc.o
        10          0          0          0          0          0   _printf_ll.o
         6          0          0          0          0          0   _printf_lld.o
         6          0          0          0          0          0   _printf_lli.o
         6          0          0          0          0          0   _printf_llo.o
         6          0          0          0          0          0   _printf_llu.o
         6          0          0          0          0          0   _printf_llx.o
       124         16          0          0          0         92   _printf_longlong_dec.o
         6          0          0          0          0          0   _printf_ls.o
         6          0          0          0          0          0   _printf_n.o
         6          0          0          0          0          0   _printf_o.o
       112         10          0          0          0        124   _printf_oct_int_ll.o
         6          0          0          0          0          0   _printf_p.o
        78          0          0          0          0        108   _printf_pad.o
         0          0          0          0          0          0   _printf_percent.o
         4          0          0          0          0          0   _printf_percent_end.o
         6          0          0          0          0          0   _printf_s.o
        82          0          0          0          0         80   _printf_str.o
        36          0          0          0          0         84   _printf_truncate.o
         6          0          0          0          0          0   _printf_u.o
        44          0          0          0          0        108   _printf_wchar.o
       188          6          8          0          0         92   _printf_wctomb.o
         6          0          0          0          0          0   _printf_x.o
        22          0          0          0          0        100   _rserrno.o
        10          0          0          0          0         68   _sputc.o
        64          0          0          0          0         92   _wcrtomb.o
        16          0          0          0          0         68   aeabi_memset.o
       228          4        148          0          0         96   bigflt0.o
      1936        128          0          0          0        672   btod.o
        18          0          0          0          0         80   exit.o
         8          0          0          0          0         68   ferror.o
         6          0          0          0          0        152   heapauxi.o
        44         10        272          0          0         76   lc_ctype_c.o
        44         10         28          0          0         76   lc_numeric_c.o
         2          0          0          0          0          0   libinit.o
        30          0          0          0          0          0   libinit2.o
         2          0          0          0          0          0   libshutdown.o
         2          0          0          0          0          0   libshutdown2.o
         8          4          0          0         96         68   libspace.o
       138          0          0          0          0         80   lludiv10.o
        16          4          0          0          0         76   rt_ctype_table.o
         8          4          0          0          0         68   rt_errno_addr_intlibspace.o
         8          4          0          0          0         68   rt_locale_intlibspace.o
        68          0          0          0          0         68   rt_memclr.o
        78          0          0          0          0         80   rt_memclr_w.o
       138          0          0          0          0         68   rt_memcpy_v6.o
       100          0          0          0          0         80   rt_memcpy_w.o
         2          0          0          0          0          0   rtexit.o
        10          0          0          0          0          0   rtexit2.o
       128          0          0          0          0         68   strcmpv7m.o
        72          0          0          0          0         80   strcpy.o
        62          0          0          0          0         76   strlen.o
        74          0          0          0          0         80   sys_stackheap_outer.o
         2          0          0          0          0         68   use_no_semi.o
         2          0          0          0          0         68   use_no_semi_2.o
        36          4          0          0          0         76   vsprintf.o
        98          4          0          0          0         92   d2f.o
       826         16          0          0          0        348   daddsub_clz.o
        16          4          0          0          0         68   dcheck1.o
        24          0          0          0          0         68   dcmpi.o
       688        140          0          0          0        208   ddiv.o
       120          4          0          0          0         92   deqf.o
        94          4          0          0          0         92   dfix.o
        90          4          0          0          0         92   dfixu.o
        84          0          0          0          0        136   dflt_clz.o
       120          4          0          0          0         92   dleqf.o
       340         12          0          0          0        104   dmul.o
       156          4          0          0          0         92   dnaninf.o
        12          0          0          0          0         68   dretinf.o
       108          0          0          0          0         80   drleqf.o
       180          4          0          0          0         80   drnd.o
        86          4          0          0          0         84   f2d.o
       430          8          0          0          0        168   faddsub_clz.o
        12          4          0          0          0         68   fcheck1.o
        86          0          0          0          0        136   fflt_clz.o
       258          4          0          0          0         84   fmul.o
       140          4          0          0          0         84   fnaninf.o
        10          0          0          0          0         68   fretinf.o
         4          0          0          0          0         68   printf1.o
         4          0          0          0          0         68   printf2.o
       100          0          0          0          0         68   retnan.o
        92          0          0          0          0         68   scalbn.o
        76          0          0          0          0         68   scalbnf.o
        48          0          0          0          0         68   trapv.o
         0          0          0          0          0          0   usenofp.o
       544         70        152          0          0        124   atan.o
       412         38          0          0          0        144   atan2.o
        26          6          0          0          0        204   dunder.o
        40          0          0          0          0         68   fpclassify.o
       170          0          0          0          0         96   poly.o
         0          0          8          0          0          0   qnan.o
       148         12          0          0          0         88   round.o

    ----------------------------------------------------------------------
     13030        630        719          0         96       8432   Library Totals
        32          0          8          0          0          0   (incl. Padding)

    ----------------------------------------------------------------------

      Code (inc. data)   RO Data    RW Data    ZI Data      Debug   Library Name

      7356        280        551          0         96       4896   c_w.l
      4302        224          0          0          0       2812   fz_ws.l
      1340        126        160          0          0        724   m_ws.l

    ----------------------------------------------------------------------
     13030        630        719          0         96       8432   Library Totals

    ----------------------------------------------------------------------

==============================================================================


      Code (inc. data)   RO Data    RW Data    ZI Data      Debug   

     41946       2052       3742        232      18752     533168   Grand Totals
     41946       2052       3742        232      18752     533168   ELF Image Totals
     41946       2052       3742        232          0          0   ROM Totals

==============================================================================

    Total RO  Size (Code + RO Data)                45688 (  44.62kB)
    Total RW  Size (RW Data + ZI Data)             18984 (  18.54kB)
    Total ROM Size (Code + RO Data + RW Data)      45920 (  44.84kB)

==============================================================================

